******************************************************************************
                  TI ARM Linker PC v20.2.7                     
******************************************************************************
>> Linked Fri Oct 10 18:09:08 2025

OUTPUT FILE NAME:   <lab_3.out>
ENTRY POINT SYMBOL: "_c_int00_noargs"  address: 0000695d


MEMORY CONFIGURATION

         name            origin    length      used     unused   attr    fill
----------------------  --------  ---------  --------  --------  ----  --------
  FLASH                 00000000   00040000  00007303  00038cfd  R  X
  SRAM                  20000000   00008000  00000f66  0000709a  RW X


SEGMENT ALLOCATION MAP

run origin  load origin   length   init length attrs members
----------  ----------- ---------- ----------- ----- -------
00000000    00000000    00007308   00007308    r-x
  00000000    00000000    0000026c   0000026c    r-- .intvecs
  0000026c    0000026c    00006954   00006954    r-x .text
  00006bc0    00006bc0    000006f3   000006f3    r-- .const
  000072b8    000072b8    00000050   00000050    r-- .cinit
20000000    20000000    00000f6d   00000000    rw-
  20000000    20000000    0000026c   00000000    rw- .vtable
  20000270    20000270    00000800   00000000    rw- .stack
  20000a70    20000a70    00000400   00000000    rw- .sysmem
  20000e70    20000e70    000000bd   00000000    rw- .bss
  20000f30    20000f30    0000003d   00000000    rw- .data


SECTION ALLOCATION MAP

 output                                  attributes/
section   page    origin      length       input sections
--------  ----  ----------  ----------   ----------------
.intvecs   0    00000000    0000026c     
                  00000000    0000026c     tm4c123gh6pm_startup_ccs.obj (.intvecs)

.text      0    0000026c    00006954     
                  0000026c    00000c20     open_interface.obj (.text)
                  00000e8c    00000a4e     rtsv7M4_T_le_v4SPD16_eabi.lib : _printfi.c.obj (.text:__TI_printfi)
                  000018da    00000002                                   : _lock.c.obj (.text:_nop)
                  000018dc    000009bc     sonar_scan.obj (.text)
                  00002298    00000738     rtsv7M4_T_le_v4SPD16_eabi.lib : k_rem_pio2.c.obj (.text:__kernel_rem_pio2)
                  000029d0    000005e0                                   : s_sin.c.obj (.text:sin)
                  00002fb0    000005dc                                   : s_cos.c.obj (.text:cos)
                  0000358c    000003d4                                   : e_asin.c.obj (.text:asin)
                  00003960    00000390     main.obj (.text)
                  00003cf0    00000374     movement.obj (.text)
                  00004064    00000328     lcd.obj (.text)
                  0000438c    00000270     rtsv7M4_T_le_v4SPD16_eabi.lib : _printfi.c.obj (.text:_pconv_a)
                  000045fc    00000260     libcybotScan.lib : cyBot_Scan.obj (.text)
                  0000485c    00000248     Timer.obj (.text)
                  00004aa4    000001ec     libcybotScan.lib : ping.obj (.text)
                  00004c90    000001d0     rtsv7M4_T_le_v4SPD16_eabi.lib : _printfi.c.obj (.text:_pconv_g)
                  00004e60    000001b6                                   : fd_add_t2.asm.obj (.text)
                  00005016    00000002                                   : div0.asm.obj (.text)
                  00005018    00000174                                   : k_sin.c.obj (.text:__kernel_sin)
                  0000518c    00000170                                   : k_cos.c.obj (.text:__kernel_cos)
                  000052fc    0000015c     libcybotUART.lib : uart.obj (.text)
                  00005458    00000158     libcybotScan.lib : servo.obj (.text)
                  000055b0    00000158     rtsv7M4_T_le_v4SPD16_eabi.lib : e_sqrt.c.obj (.text:sqrt)
                  00005708    0000013c                                   : _printfi.c.obj (.text:_pconv_e)
                  00005844    00000136                                   : fd_div_t2.asm.obj (.text)
                  0000597a    00000002     --HOLE-- [fill = 0]
                  0000597c    00000124                                   : _printfi.c.obj (.text:fcvt)
                  00005aa0    00000118     libcybotScan.lib : ir.obj (.text)
                  00005bb8    00000110     rtsv7M4_T_le_v4SPD16_eabi.lib : s_scalbn.c.obj (.text:scalbn)
                  00005cc8    00000100                                   : memory.c.obj (.text:aligned_alloc)
                  00005dc8    000000fc                                   : fd_mul_t2.asm.obj (.text)
                  00005ec4    000000f8                                   : s_floor.c.obj (.text:floor)
                  00005fbc    000000e4                                   : memory.c.obj (.text:free)
                  000060a0    000000b1                                   : _printfi.c.obj (.text:_ltostr)
                  00006151    00000001     --HOLE-- [fill = 0]
                  00006152    0000009c                                   : memcpy_t2.asm.obj (.text)
                  000061ee    00000096                                   : ull_div_t2.asm.obj (.text)
                  00006284    00000086                                   : fd_cmp_t2.asm.obj (.text:__aeabi_cdcmple)
                  0000630a    00000086                                   : fd_cmp_t2.asm.obj (.text:__aeabi_cdrcmple)
                  00006390    0000007a                                   : memset_t2.asm.obj (.text)
                  0000640a    00000002     --HOLE-- [fill = 0]
                  0000640c    00000070                                   : memory.c.obj (.text:split)
                  0000647c    0000006e                                   : _printfi.c.obj (.text:_mcpy)
                  000064ea    0000006e                                   : fd_tos_t2.asm.obj (.text)
                  00006558    00000068                                   : copy_decompress_lzss.c.obj (.text:decompress:lzss:__TI_decompress_lzss)
                  000065c0    00000064                                   : s_frexp.c.obj (.text:frexp)
                  00006624    00000056                                   : _printfi.c.obj (.text:_pconv_f)
                  0000667a    00000054                                   : _ltoa.c.obj (.text:__TI_ltoa)
                  000066ce    00000052                                   : _printfi.c.obj (.text:_ecpy)
                  00006720    0000004c                                   : atoi.c.obj (.text:atoi)
                  0000676c    00000048                                   : fd_toi_t2.asm.obj (.text)
                  000067b4    00000044                                   : autoinit.c.obj (.text:__TI_auto_init_nobinit_nopinit:__TI_auto_init_nobinit_nopinit)
                  000067f8    00000040                                   : sprintf.c.obj (.text:sprintf)
                  00006838    00000040                                   : vsnprintf.c.obj (.text:vsnprintf)
                  00006878    0000003e                                   : _printfi.c.obj (.text:_fcpy)
                  000068b6    00000002     --HOLE-- [fill = 0]
                  000068b8    00000038                                   : memory.c.obj (.text:calloc)
                  000068f0    00000038                                   : fs_tod_t2.asm.obj (.text)
                  00006928    00000034     driverlib.lib : interrupt.obj (.text:IntRegister)
                  0000695c    00000034     rtsv7M4_T_le_v4SPD16_eabi.lib : boot_cortex_m.c.obj (.text:_c_int00_noargs:_c_int00_noargs)
                  00006990    00000030                                   : vsnprintf.c.obj (.text:_outs)
                  000069c0    0000002e                                   : i_tofd_t2.asm.obj (.text)
                  000069ee    00000002     --HOLE-- [fill = 0]
                  000069f0    00000028                                   : memory.c.obj (.text:free_list_insert)
                  00006a18    0000001e     putty_interface.obj (.text)
                  00006a36    0000001c     rtsv7M4_T_le_v4SPD16_eabi.lib : copy_zero_init.c.obj (.text:decompress:ZI:__TI_zero_init_nomemset:__TI_zero_init_nomemset)
                  00006a52    00000002     --HOLE-- [fill = 0]
                  00006a54    0000001c                                   : memory.c.obj (.text:free_list_remove)
                  00006a70    0000001c                                   : memccpy.c.obj (.text:memccpy)
                  00006a8c    0000001a                                   : s_copysign.c.obj (.text:copysign)
                  00006aa6    00000018                                   : vsnprintf.c.obj (.text:_outc)
                  00006abe    00000018                                   : sprintf.c.obj (.text:_outs)
                  00006ad6    00000018     open_interface.obj (.text:oi_parseInt)
                  00006aee    00000018     rtsv7M4_T_le_v4SPD16_eabi.lib : strcmp.c.obj (.text:strcmp)
                  00006b06    00000016                                   : strchr.c.obj (.text:strchr)
                  00006b1c    00000014                                   : strcpy.c.obj (.text:strcpy)
                  00006b30    00000014                                   : strlen.c.obj (.text:strlen)
                  00006b44    00000012                                   : wcslen.c.obj (.text:wcslen)
                  00006b56    00000010     driverlib.lib : interrupt.obj (.text:IntMasterEnable)
                  00006b66    00000010     lcd.obj (.text:lcd_clear)
                  00006b76    0000000e     rtsv7M4_T_le_v4SPD16_eabi.lib : copy_decompress_none.c.obj (.text:decompress:none:__TI_decompress_none)
                  00006b84    0000000c     driverlib.lib : cpu.obj (.text:CPUcpsie)
                  00006b90    0000000c     tm4c123gh6pm_startup_ccs.obj (.text)
                  00006b9c    0000000a     rtsv7M4_T_le_v4SPD16_eabi.lib : sprintf.c.obj (.text:_outc)
                  00006ba6    00000002     --HOLE-- [fill = 0]
                  00006ba8    00000008                                   : errno.c.obj (.text:__aeabi_errno_addr)
                  00006bb0    00000008                                   : memory.c.obj (.text:malloc)
                  00006bb8    00000004                                   : pre_init.c.obj (.text:_system_pre_init)
                  00006bbc    00000004                                   : exit.c.obj (.text:abort:abort)

.const     0    00006bc0    000006f3     
                  00006bc0    0000016c     main.obj (.const:$P$T0$1)
                  00006d2c    0000016c     sonar_scan.obj (.const:$P$T0$1)
                  00006e98    0000016c     main.obj (.const:$P$T1$2)
                  00007004    00000004     lcd.obj (.const:.string:lineAddress$1)
                  00007008    00000158     rtsv7M4_T_le_v4SPD16_eabi.lib : k_rem_pio2.c.obj (.const:$O1$$)
                  00007160    00000101                                   : ctype.c.obj (.const:.string:_ctypes_)
                  00007261    00000003     --HOLE-- [fill = 0]
                  00007264    0000003c     main.obj (.const:$P$T2$3)
                  000072a0    0000000f     open_interface.obj (.const:.string:$P$T0$3)
                  000072af    00000004     lcd.obj (.const:.string:lineAddresses$2)

.cinit     0    000072b8    00000050     
                  000072b8    00000019     (.cinit..data.load) [load image, compression = lzss]
                  000072d1    00000003     --HOLE-- [fill = 0]
                  000072d4    0000000c     (__TI_handler_table)
                  000072e0    00000008     (.cinit..bss.load) [load image, compression = zero_init]
                  000072e8    00000008     (.cinit..vtable.load) [load image, compression = zero_init]
                  000072f0    00000018     (__TI_cinit_table)

.init_array 
*          0    00000000    00000000     UNINITIALIZED

.vtable    0    20000000    0000026c     UNINITIALIZED
                  20000000    0000026c     driverlib.lib : interrupt.obj (.vtable)

.stack     0    20000270    00000800     UNINITIALIZED
                  20000270    00000004     rtsv7M4_T_le_v4SPD16_eabi.lib : boot_cortex_m.c.obj (.stack)
                  20000274    000007fc     --HOLE--

.sysmem    0    20000a70    00000400     UNINITIALIZED
                  20000a70    00000010     rtsv7M4_T_le_v4SPD16_eabi.lib : memory.c.obj (.sysmem)
                  20000a80    000003f0     --HOLE--

.bss       0    20000e70    000000bd     UNINITIALIZED
                  20000e70    00000054     lcd.obj (.bss:lastbuffer$3)
                  20000ec4    00000034     (.common:isr_char_buffer)
                  20000ef8    00000018     open_interface.obj (.bss:firmware$2)
                  20000f10    00000004     (.common:_timeout_ticks)
                  20000f14    00000004     (.common:fallingEdge)
                  20000f18    00000004     (.common:isr_int_value)
                  20000f1c    00000004     (.common:left_calibration_value)
                  20000f20    00000004     (.common:pulseLength)
                  20000f24    00000004     (.common:right_calibration_value)
                  20000f28    00000004     (.common:risingEdge)
                  20000f2c    00000001     (.common:isRisingEdge)

.data      0    20000f30    0000003d     UNINITIALIZED
                  20000f30    00000020     open_interface.obj (.data)
                  20000f50    00000008     rtsv7M4_T_le_v4SPD16_eabi.lib : _lock.c.obj (.data:$O1$$)
                  20000f58    00000008                                   : memory.c.obj (.data:$O1$$)
                  20000f60    00000004     libcybotScan.lib : cyBot_Scan.obj (.data)
                  20000f64    00000004     libcybotUART.lib : uart.obj (.data)
                  20000f68    00000004     rtsv7M4_T_le_v4SPD16_eabi.lib : errno.c.obj (.data)
                  20000f6c    00000001     Timer.obj (.data)

__llvm_prf_cnts 
*          0    20000000    00000000     UNINITIALIZED

MODULE SUMMARY

       Module                         code    ro data   rw data
       ------                         ----    -------   -------
    .\
       open_interface.obj             3128    15        56     
       sonar_scan.obj                 2492    364       0      
       main.obj                       912     788       8      
       lcd.obj                        824     8         84     
       movement.obj                   884     0         0      
       tm4c123gh6pm_startup_ccs.obj   12      620       0      
       Timer.obj                      584     0         5      
       putty_interface.obj            30      0         0      
    +--+------------------------------+-------+---------+---------+
       Total:                         8866    1795      153    
                                                               
    ../libcybotScan.lib
       cyBot_Scan.obj                 608     0         4      
       ping.obj                       492     0         13     
       servo.obj                      344     0         0      
       ir.obj                         280     0         4      
    +--+------------------------------+-------+---------+---------+
       Total:                         1724    0         21     
                                                               
    ../libcybotUART.lib
       uart.obj                       348     0         56     
    +--+------------------------------+-------+---------+---------+
       Total:                         348     0         56     
                                                               
    C:/ti/TivaWare_C_Series-2.2.0.295/driverlib/ccs/Debug/driverlib.lib
       interrupt.obj                  68      0         620    
       cpu.obj                        12      0         0      
    +--+------------------------------+-------+---------+---------+
       Total:                         80      0         620    
                                                               
    C:\ti\ccs1271\ccs\tools\compiler\ti-cgt-arm_20.2.7.LTS\lib\rtsv7M4_T_le_v4SPD16_eabi.lib
       _printfi.c.obj                 4851    0         0      
       k_rem_pio2.c.obj               1848    344       0      
       s_sin.c.obj                    1504    0         0      
       s_cos.c.obj                    1500    0         0      
       e_asin.c.obj                   980     0         0      
       memory.c.obj                   728     0         8      
       fd_add_t2.asm.obj              438     0         0      
       k_sin.c.obj                    372     0         0      
       k_cos.c.obj                    368     0         0      
       e_sqrt.c.obj                   344     0         0      
       fd_div_t2.asm.obj              310     0         0      
       s_scalbn.c.obj                 272     0         0      
       fd_cmp_t2.asm.obj              268     0         0      
       ctype.c.obj                    0       257       0      
       fd_mul_t2.asm.obj              252     0         0      
       s_floor.c.obj                  248     0         0      
       memcpy_t2.asm.obj              156     0         0      
       ull_div_t2.asm.obj             150     0         0      
       vsnprintf.c.obj                136     0         0      
       memset_t2.asm.obj              122     0         0      
       fd_tos_t2.asm.obj              110     0         0      
       copy_decompress_lzss.c.obj     104     0         0      
       s_frexp.c.obj                  100     0         0      
       sprintf.c.obj                  98      0         0      
       _ltoa.c.obj                    84      0         0      
       atoi.c.obj                     76      0         0      
       fd_toi_t2.asm.obj              72      0         0      
       autoinit.c.obj                 68      0         0      
       fs_tod_t2.asm.obj              56      0         0      
       boot_cortex_m.c.obj            52      0         0      
       i_tofd_t2.asm.obj              46      0         0      
       copy_zero_init.c.obj           28      0         0      
       memccpy.c.obj                  28      0         0      
       s_copysign.c.obj               26      0         0      
       strcmp.c.obj                   24      0         0      
       strchr.c.obj                   22      0         0      
       strcpy.c.obj                   20      0         0      
       strlen.c.obj                   20      0         0      
       wcslen.c.obj                   18      0         0      
       copy_decompress_none.c.obj     14      0         0      
       errno.c.obj                    8       0         4      
       _lock.c.obj                    2       0         8      
       exit.c.obj                     4       0         0      
       pre_init.c.obj                 4       0         0      
       div0.asm.obj                   2       0         0      
    +--+------------------------------+-------+---------+---------+
       Total:                         15933   601       20     
                                                               
       Heap:                          0       0         1024   
       Stack:                         0       0         2048   
       Linker Generated:              0       77        0      
    +--+------------------------------+-------+---------+---------+
       Grand Total:                   26951   2473      3942   


LINKER GENERATED COPY TABLES

__TI_cinit_table @ 000072f0 records: 3, size/record: 8, table size: 24
	.data: load addr=000072b8, load size=00000019 bytes, run addr=20000f30, run size=0000003d bytes, compression=lzss
	.bss: load addr=000072e0, load size=00000008 bytes, run addr=20000e70, run size=000000bd bytes, compression=zero_init
	.vtable: load addr=000072e8, load size=00000008 bytes, run addr=20000000, run size=0000026c bytes, compression=zero_init


LINKER GENERATED HANDLER TABLE

__TI_handler_table @ 000072d4 records: 3, size/record: 4, table size: 12
	index: 0, handler: __TI_zero_init
	index: 1, handler: __TI_decompress_lzss
	index: 2, handler: __TI_decompress_none


GLOBAL SYMBOLS: SORTED ALPHABETICALLY BY Name 

address   name                          
-------   ----                          
00005b39  ADC0SS0_Handler               
00006bbd  C$$EXIT                       
00006b85  CPUcpsie                      
00000bc3  GPIOF_Handler                 
00006b57  IntMasterEnable               
00006929  IntRegister                   
00006b91  ResetISR                      
00004b95  TIMER3B_Handler               
20000a70  __STACK_END                   
00000800  __STACK_SIZE                  
20000470  __STACK_TOP                   
00000400  __SYSMEM_SIZE                 
000072f0  __TI_CINIT_Base               
00007308  __TI_CINIT_Limit              
000072d4  __TI_Handler_Table_Base       
000072e0  __TI_Handler_Table_Limit      
000067b5  __TI_auto_init_nobinit_nopinit
00006559  __TI_decompress_lzss          
00006b77  __TI_decompress_none          
0000667b  __TI_ltoa                     
ffffffff  __TI_pprof_out_hndl           
00000e8d  __TI_printfi                  
ffffffff  __TI_prof_data_size           
ffffffff  __TI_prof_data_start          
00000000  __TI_static_base__            
00006a37  __TI_zero_init_nomemset       
00006285  __aeabi_cdcmpeq               
00006285  __aeabi_cdcmple               
0000630b  __aeabi_cdrcmple              
000064eb  __aeabi_d2f                   
0000676d  __aeabi_d2iz                  
00004e6b  __aeabi_dadd                  
00005845  __aeabi_ddiv                  
00005dc9  __aeabi_dmul                  
00004e61  __aeabi_dsub                  
00006ba9  __aeabi_errno_addr            
000068f1  __aeabi_f2d                   
000069c1  __aeabi_i2d                   
00005017  __aeabi_idiv0                 
00005017  __aeabi_ldiv0                 
00006391  __aeabi_memclr                
00006391  __aeabi_memclr4               
00006391  __aeabi_memclr8               
00006153  __aeabi_memcpy                
00006153  __aeabi_memcpy4               
00006153  __aeabi_memcpy8               
00006393  __aeabi_memset                
00006393  __aeabi_memset4               
00006393  __aeabi_memset8               
000061ef  __aeabi_uldivmod              
ffffffff  __binit__                     
ffffffff  __c_args__                    
0000518d  __kernel_cos                  
00002299  __kernel_rem_pio2             
00005019  __kernel_sin                  
UNDEFED   __mpu_init                    
20000270  __stack                       
20000000  __start___llvm_prf_cnts       
20000000  __stop___llvm_prf_cnts        
0000695d  _c_int00_noargs               
00007160  _ctypes_                      
20000f50  _lock                         
000018db  _nop                          
20000f6c  _running                      
20000a70  _sys_memory                   
UNDEFED   _system_post_cinit            
00006bb9  _system_pre_init              
20000f10  _timeout_ticks                
20000f54  _unlock                       
00006bbd  abort                         
00005cc9  aligned_alloc                 
0000358d  asin                          
0000358d  asinl                         
00006721  atoi                          
ffffffff  binit                         
000068b9  calloc                        
00001d71  compensate_for_displacement   
00006a8d  copysign                      
00006a8d  copysignl                     
00002fb1  cos                           
00002fb1  cosl                          
000046d5  cyBOT_SERVO_cal               
00004663  cyBOT_Scan                    
0000460b  cyBOT_init_Scan               
20000f60  cyBOT_scan_features           
000045fd  cyBOT_scan_version            
00005405  cyBot_UART1_Handler           
000053eb  cyBot_getByte                 
000052fd  cyBot_sendByte                
000053cd  cyBot_uart_flush              
0000533b  cyBot_uart_init               
00005323  cyBot_uart_sendBuffer         
00005309  cyBot_uart_sendStr            
00002115  do_scan                       
000019e3  do_scan_filter                
00003ffb  dummy_move                    
20000f68  errno                         
20000f14  fallingEdge                   
00001fbd  filter_outlier                
00001b81  find_objects                  
00005ec5  floor                         
00005ec5  floorl                        
00005fbd  free                          
000065c1  frexp                         
000065c1  frexpl                        
20000000  g_pfnRAMVectors               
00000000  g_pfnVectors                  
0000097f  go_charge                     
00001a6b  go_to_smallest                
00005b4f  ir_enableInterrupt            
00005b31  ir_getDistance                
00005b09  ir_getValue                   
00005aa1  ir_init                       
20000f2c  isRisingEdge                  
20000ec4  isr_char_buffer               
20000f64  isr_counter                   
20000f18  isr_int_value                 
00006b67  lcd_clear                     
00004239  lcd_gotoLine                  
000040a1  lcd_init                      
0000429f  lcd_printf                    
00004161  lcd_putc                      
00004199  lcd_puts                      
00004065  lcd_reverseNibble             
000041b7  lcd_sendCommand               
000041f5  lcd_sendNibble                
00004261  lcd_setCursorPos              
00005bb9  ldexp                         
00005bb9  ldexpl                        
20000f1c  left_calibration_value        
00003961  main                          
00006bb1  malloc                        
00005cc9  memalign                      
00006a71  memccpy                       
00006153  memcpy                        
00006399  memset                        
20000f30  motor_cal_factor_L            
20000f34  motor_cal_factor_R            
00003f95  move_backwards                
00003eb7  move_forward                  
00003cf1  move_forward_colission_avoid  
0000026d  oi_alloc                      
00000aa9  oi_checkFirmware              
000002c7  oi_close                      
00000279  oi_free                       
00000ded  oi_getMotorCalibrationLeft    
00000e01  oi_getMotorCalibrationRight   
000002b1  oi_init                       
00000289  oi_init_noupdate              
00000915  oi_loadSong                   
00006ad7  oi_parseInt                   
0000032b  oi_parsePacket                
0000096b  oi_play_song                  
0000084b  oi_setLeds                    
00000db1  oi_setMotorCalibration        
0000088f  oi_setWheels                  
00000b51  oi_shutoff_init               
0000098d  oi_uartInit                   
00000a31  oi_uartReceive                
00000a77  oi_uartSendBuff               
00000a15  oi_uartSendChar               
00000a59  oi_uartSendStr                
000002d9  oi_update                     
00004be7  ping_getDistance              
00004aa5  ping_init                     
00004b2b  ping_trigger                  
000021cd  print_objects                 
00001b29  print_to_csv                  
20000f20  pulseLength                   
00006a19  putty_print                   
000018dd  refine_edges                  
20000f24  right_calibration_value       
20000f28  risingEdge                    
00005bb9  scalbn                        
00005bb9  scalbnl                       
00002159  send_scan                     
00005459  servo_init                    
000054e9  servo_move                    
00005549  servo_setPWM                  
000054dd  servo_stop                    
000029d1  sin                           
000029d1  sinl                          
000067f9  sprintf                       
000055b1  sqrt                          
000055b1  sqrtl                         
00006b07  strchr                        
00006aef  strcmp                        
00006b1d  strcpy                        
00006b31  strlen                        
0000497b  timer_getMicros               
00004923  timer_getMillis               
0000485d  timer_init                    
000048ff  timer_pause                   
00004911  timer_resume                  
000048d5  timer_stop                    
000049d5  timer_waitMicros              
00004a07  timer_waitMillis              
00003d8d  turn_clockwise                
00003e1f  turn_counter_clockwise        
00006839  vsnprintf                     
00006b45  wcslen                        


GLOBAL SYMBOLS: SORTED BY Symbol Address 

address   name                          
-------   ----                          
00000000  __TI_static_base__            
00000000  g_pfnVectors                  
0000026d  oi_alloc                      
00000279  oi_free                       
00000289  oi_init_noupdate              
000002b1  oi_init                       
000002c7  oi_close                      
000002d9  oi_update                     
0000032b  oi_parsePacket                
00000400  __SYSMEM_SIZE                 
00000800  __STACK_SIZE                  
0000084b  oi_setLeds                    
0000088f  oi_setWheels                  
00000915  oi_loadSong                   
0000096b  oi_play_song                  
0000097f  go_charge                     
0000098d  oi_uartInit                   
00000a15  oi_uartSendChar               
00000a31  oi_uartReceive                
00000a59  oi_uartSendStr                
00000a77  oi_uartSendBuff               
00000aa9  oi_checkFirmware              
00000b51  oi_shutoff_init               
00000bc3  GPIOF_Handler                 
00000db1  oi_setMotorCalibration        
00000ded  oi_getMotorCalibrationLeft    
00000e01  oi_getMotorCalibrationRight   
00000e8d  __TI_printfi                  
000018db  _nop                          
000018dd  refine_edges                  
000019e3  do_scan_filter                
00001a6b  go_to_smallest                
00001b29  print_to_csv                  
00001b81  find_objects                  
00001d71  compensate_for_displacement   
00001fbd  filter_outlier                
00002115  do_scan                       
00002159  send_scan                     
000021cd  print_objects                 
00002299  __kernel_rem_pio2             
000029d1  sin                           
000029d1  sinl                          
00002fb1  cos                           
00002fb1  cosl                          
0000358d  asin                          
0000358d  asinl                         
00003961  main                          
00003cf1  move_forward_colission_avoid  
00003d8d  turn_clockwise                
00003e1f  turn_counter_clockwise        
00003eb7  move_forward                  
00003f95  move_backwards                
00003ffb  dummy_move                    
00004065  lcd_reverseNibble             
000040a1  lcd_init                      
00004161  lcd_putc                      
00004199  lcd_puts                      
000041b7  lcd_sendCommand               
000041f5  lcd_sendNibble                
00004239  lcd_gotoLine                  
00004261  lcd_setCursorPos              
0000429f  lcd_printf                    
000045fd  cyBOT_scan_version            
0000460b  cyBOT_init_Scan               
00004663  cyBOT_Scan                    
000046d5  cyBOT_SERVO_cal               
0000485d  timer_init                    
000048d5  timer_stop                    
000048ff  timer_pause                   
00004911  timer_resume                  
00004923  timer_getMillis               
0000497b  timer_getMicros               
000049d5  timer_waitMicros              
00004a07  timer_waitMillis              
00004aa5  ping_init                     
00004b2b  ping_trigger                  
00004b95  TIMER3B_Handler               
00004be7  ping_getDistance              
00004e61  __aeabi_dsub                  
00004e6b  __aeabi_dadd                  
00005017  __aeabi_idiv0                 
00005017  __aeabi_ldiv0                 
00005019  __kernel_sin                  
0000518d  __kernel_cos                  
000052fd  cyBot_sendByte                
00005309  cyBot_uart_sendStr            
00005323  cyBot_uart_sendBuffer         
0000533b  cyBot_uart_init               
000053cd  cyBot_uart_flush              
000053eb  cyBot_getByte                 
00005405  cyBot_UART1_Handler           
00005459  servo_init                    
000054dd  servo_stop                    
000054e9  servo_move                    
00005549  servo_setPWM                  
000055b1  sqrt                          
000055b1  sqrtl                         
00005845  __aeabi_ddiv                  
00005aa1  ir_init                       
00005b09  ir_getValue                   
00005b31  ir_getDistance                
00005b39  ADC0SS0_Handler               
00005b4f  ir_enableInterrupt            
00005bb9  ldexp                         
00005bb9  ldexpl                        
00005bb9  scalbn                        
00005bb9  scalbnl                       
00005cc9  aligned_alloc                 
00005cc9  memalign                      
00005dc9  __aeabi_dmul                  
00005ec5  floor                         
00005ec5  floorl                        
00005fbd  free                          
00006153  __aeabi_memcpy                
00006153  __aeabi_memcpy4               
00006153  __aeabi_memcpy8               
00006153  memcpy                        
000061ef  __aeabi_uldivmod              
00006285  __aeabi_cdcmpeq               
00006285  __aeabi_cdcmple               
0000630b  __aeabi_cdrcmple              
00006391  __aeabi_memclr                
00006391  __aeabi_memclr4               
00006391  __aeabi_memclr8               
00006393  __aeabi_memset                
00006393  __aeabi_memset4               
00006393  __aeabi_memset8               
00006399  memset                        
000064eb  __aeabi_d2f                   
00006559  __TI_decompress_lzss          
000065c1  frexp                         
000065c1  frexpl                        
0000667b  __TI_ltoa                     
00006721  atoi                          
0000676d  __aeabi_d2iz                  
000067b5  __TI_auto_init_nobinit_nopinit
000067f9  sprintf                       
00006839  vsnprintf                     
000068b9  calloc                        
000068f1  __aeabi_f2d                   
00006929  IntRegister                   
0000695d  _c_int00_noargs               
000069c1  __aeabi_i2d                   
00006a19  putty_print                   
00006a37  __TI_zero_init_nomemset       
00006a71  memccpy                       
00006a8d  copysign                      
00006a8d  copysignl                     
00006ad7  oi_parseInt                   
00006aef  strcmp                        
00006b07  strchr                        
00006b1d  strcpy                        
00006b31  strlen                        
00006b45  wcslen                        
00006b57  IntMasterEnable               
00006b67  lcd_clear                     
00006b77  __TI_decompress_none          
00006b85  CPUcpsie                      
00006b91  ResetISR                      
00006ba9  __aeabi_errno_addr            
00006bb1  malloc                        
00006bb9  _system_pre_init              
00006bbd  C$$EXIT                       
00006bbd  abort                         
00007160  _ctypes_                      
000072d4  __TI_Handler_Table_Base       
000072e0  __TI_Handler_Table_Limit      
000072f0  __TI_CINIT_Base               
00007308  __TI_CINIT_Limit              
20000000  __start___llvm_prf_cnts       
20000000  __stop___llvm_prf_cnts        
20000000  g_pfnRAMVectors               
20000270  __stack                       
20000470  __STACK_TOP                   
20000a70  __STACK_END                   
20000a70  _sys_memory                   
20000ec4  isr_char_buffer               
20000f10  _timeout_ticks                
20000f14  fallingEdge                   
20000f18  isr_int_value                 
20000f1c  left_calibration_value        
20000f20  pulseLength                   
20000f24  right_calibration_value       
20000f28  risingEdge                    
20000f2c  isRisingEdge                  
20000f30  motor_cal_factor_L            
20000f34  motor_cal_factor_R            
20000f50  _lock                         
20000f54  _unlock                       
20000f60  cyBOT_scan_features           
20000f64  isr_counter                   
20000f68  errno                         
20000f6c  _running                      
ffffffff  __TI_pprof_out_hndl           
ffffffff  __TI_prof_data_size           
ffffffff  __TI_prof_data_start          
ffffffff  __binit__                     
ffffffff  __c_args__                    
ffffffff  binit                         
UNDEFED   __mpu_init                    
UNDEFED   _system_post_cinit            

[201 symbols]
