******************************************************************************
                  TI ARM Linker PC v20.2.7                     
******************************************************************************
>> Linked Mon Oct 27 13:43:58 2025

OUTPUT FILE NAME:   <lab_8.out>
ENTRY POINT SYMBOL: "_c_int00_noargs"  address: 0000899d


MEMORY CONFIGURATION

         name            origin    length      used     unused   attr    fill
----------------------  --------  ---------  --------  --------  ----  --------
  FLASH                 00000000   00040000  000094c7  00036b39  R  X
  SRAM                  20000000   00008000  000035df  00004a21  RW X


SEGMENT ALLOCATION MAP

run origin  load origin   length   init length attrs members
----------  ----------- ---------- ----------- ----- -------
00000000    00000000    000094c8   000094c8    r-x
  00000000    00000000    0000026c   0000026c    r-- .intvecs
  0000026c    0000026c    00008974   00008974    r-x .text
  00008be0    00008be0    000007a7   000007a7    r-- .const
  00009388    00009388    00000140   00000140    r-- .cinit
20000000    20000000    000035e6   00000000    rw-
  20000000    20000000    0000026c   00000000    rw- .vtable
  20000270    20000270    00002000   00000000    rw- .stack
  20002270    20002270    00000ae5   00000000    rw- .data
  20002d58    20002d58    00000800   00000000    rw- .sysmem
  20003558    20003558    0000008e   00000000    rw- .bss


SECTION ALLOCATION MAP

 output                                  attributes/
section   page    origin      length       input sections
--------  ----  ----------  ----------   ----------------
.intvecs   0    00000000    0000026c     
                  00000000    0000026c     tm4c123gh6pm_startup_ccs.obj (.intvecs)

.text      0    0000026c    00008974     
                  0000026c    0000151a     scan.obj (.text)
                  00001786    00000002     rtsv7M4_T_le_v4SPD16_eabi.lib : _lock.c.obj (.text:_nop)
                  00001788    00000c20     open_interface.obj (.text)
                  000023a8    00000a4e     rtsv7M4_T_le_v4SPD16_eabi.lib : _printfi.c.obj (.text:__TI_printfi)
                  00002df6    00000002                                   : div0.asm.obj (.text)
                  00002df8    000009d0                                   : e_pow.c.obj (.text:pow)
                  000037c8    00000738                                   : k_rem_pio2.c.obj (.text:__kernel_rem_pio2)
                  00003f00    000005f8     movement.obj (.text)
                  000044f8    000005e0     rtsv7M4_T_le_v4SPD16_eabi.lib : s_sin.c.obj (.text:sin)
                  00004ad8    000005dc                                   : s_cos.c.obj (.text:cos)
                  000050b4    0000053c     main.obj (.text)
                  000055f0    000003d4     rtsv7M4_T_le_v4SPD16_eabi.lib : e_asin.c.obj (.text:asin)
                  000059c4    00000328     lcd.obj (.text)
                  00005cec    00000270     rtsv7M4_T_le_v4SPD16_eabi.lib : _printfi.c.obj (.text:_pconv_a)
                  00005f5c    00000260     libcybotScan.lib : cyBot_Scan.obj (.text)
                  000061bc    00000248     Timer.obj (.text)
                  00006404    000001ec     libcybotScan.lib : ping.obj (.text)
                  000065f0    000001dc     uart.obj (.text)
                  000067cc    000001d0     rtsv7M4_T_le_v4SPD16_eabi.lib : _printfi.c.obj (.text:_pconv_g)
                  0000699c    000001b6                                   : fd_add_t2.asm.obj (.text)
                  00006b52    00000002     --HOLE-- [fill = 0]
                  00006b54    00000174                                   : k_sin.c.obj (.text:__kernel_sin)
                  00006cc8    00000170                                   : k_cos.c.obj (.text:__kernel_cos)
                  00006e38    00000158                                   : e_atan2f.c.obj (.text:atan2f)
                  00006f90    00000158     libcybotScan.lib : servo.obj (.text)
                  000070e8    00000158     rtsv7M4_T_le_v4SPD16_eabi.lib : e_sqrt.c.obj (.text:sqrt)
                  00007240    00000150                                   : s_atanf.c.obj (.text:atanf)
                  00007390    0000013c                                   : _printfi.c.obj (.text:_pconv_e)
                  000074cc    00000136                                   : fd_div_t2.asm.obj (.text)
                  00007602    00000002     --HOLE-- [fill = 0]
                  00007604    00000124                                   : _printfi.c.obj (.text:fcvt)
                  00007728    00000120     adc.obj (.text)
                  00007848    00000118     libcybotScan.lib : ir.obj (.text)
                  00007960    00000110     rtsv7M4_T_le_v4SPD16_eabi.lib : s_scalbn.c.obj (.text:scalbn)
                  00007a70    00000100                                   : memory.c.obj (.text:aligned_alloc)
                  00007b70    000000fc                                   : fd_mul_t2.asm.obj (.text)
                  00007c6c    000000f8                                   : s_floor.c.obj (.text:floor)
                  00007d64    000000e4                                   : memory.c.obj (.text:free)
                  00007e48    000000b4                                   : s_cosf.c.obj (.text:cosf)
                  00007efc    000000b1                                   : _printfi.c.obj (.text:_ltostr)
                  00007fad    00000001     --HOLE-- [fill = 0]
                  00007fae    000000ac     music.obj (.text)
                  0000805a    00000002     --HOLE-- [fill = 0]
                  0000805c    000000a4     rtsv7M4_T_le_v4SPD16_eabi.lib : s_sinf.c.obj (.text:sinf)
                  00008100    0000009c                                   : memcpy_t2.asm.obj (.text)
                  0000819c    00000096                                   : ull_div_t2.asm.obj (.text)
                  00008232    00000002     --HOLE-- [fill = 0]
                  00008234    00000090     util.obj (.text)
                  000082c4    00000086     rtsv7M4_T_le_v4SPD16_eabi.lib : fd_cmp_t2.asm.obj (.text:__aeabi_cdcmple)
                  0000834a    00000086                                   : fd_cmp_t2.asm.obj (.text:__aeabi_cdrcmple)
                  000083d0    0000007a                                   : memset_t2.asm.obj (.text)
                  0000844a    00000002     --HOLE-- [fill = 0]
                  0000844c    00000070                                   : memory.c.obj (.text:split)
                  000084bc    0000006e                                   : _printfi.c.obj (.text:_mcpy)
                  0000852a    0000006e                                   : fd_tos_t2.asm.obj (.text)
                  00008598    00000068                                   : copy_decompress_lzss.c.obj (.text:decompress:lzss:__TI_decompress_lzss)
                  00008600    00000064                                   : s_frexp.c.obj (.text:frexp)
                  00008664    00000056                                   : _printfi.c.obj (.text:_pconv_f)
                  000086ba    00000054                                   : _ltoa.c.obj (.text:__TI_ltoa)
                  0000870e    00000052                                   : _printfi.c.obj (.text:_ecpy)
                  00008760    0000004c                                   : atoi.c.obj (.text:atoi)
                  000087ac    00000048                                   : fd_toi_t2.asm.obj (.text)
                  000087f4    00000044                                   : autoinit.c.obj (.text:__TI_auto_init_nobinit_nopinit:__TI_auto_init_nobinit_nopinit)
                  00008838    00000040                                   : sprintf.c.obj (.text:sprintf)
                  00008878    00000040                                   : vsnprintf.c.obj (.text:vsnprintf)
                  000088b8    0000003e                                   : _printfi.c.obj (.text:_fcpy)
                  000088f6    00000002     --HOLE-- [fill = 0]
                  000088f8    00000038                                   : memory.c.obj (.text:calloc)
                  00008930    00000038                                   : fs_tod_t2.asm.obj (.text)
                  00008968    00000034     driverlib.lib : interrupt.obj (.text:IntRegister)
                  0000899c    00000034     rtsv7M4_T_le_v4SPD16_eabi.lib : boot_cortex_m.c.obj (.text:_c_int00_noargs:_c_int00_noargs)
                  000089d0    00000030                                   : vsnprintf.c.obj (.text:_outs)
                  00008a00    0000002e                                   : i_tofd_t2.asm.obj (.text)
                  00008a2e    00000002     --HOLE-- [fill = 0]
                  00008a30    00000028                                   : memory.c.obj (.text:free_list_insert)
                  00008a58    0000001c                                   : copy_zero_init.c.obj (.text:decompress:ZI:__TI_zero_init_nomemset:__TI_zero_init_nomemset)
                  00008a74    0000001c                                   : memory.c.obj (.text:free_list_remove)
                  00008a90    0000001c                                   : memccpy.c.obj (.text:memccpy)
                  00008aac    0000001a                                   : s_copysign.c.obj (.text:copysign)
                  00008ac6    00000018                                   : vsnprintf.c.obj (.text:_outc)
                  00008ade    00000018                                   : sprintf.c.obj (.text:_outs)
                  00008af6    00000018     open_interface.obj (.text:oi_parseInt)
                  00008b0e    00000018     rtsv7M4_T_le_v4SPD16_eabi.lib : strcmp.c.obj (.text:strcmp)
                  00008b26    00000016                                   : strchr.c.obj (.text:strchr)
                  00008b3c    00000014                                   : strcpy.c.obj (.text:strcpy)
                  00008b50    00000014                                   : strlen.c.obj (.text:strlen)
                  00008b64    00000012                                   : wcslen.c.obj (.text:wcslen)
                  00008b76    00000010     driverlib.lib : interrupt.obj (.text:IntMasterEnable)
                  00008b86    00000010     lcd.obj (.text:lcd_clear)
                  00008b96    0000000e     rtsv7M4_T_le_v4SPD16_eabi.lib : copy_decompress_none.c.obj (.text:decompress:none:__TI_decompress_none)
                  00008ba4    0000000c     driverlib.lib : cpu.obj (.text:CPUcpsie)
                  00008bb0    0000000c     tm4c123gh6pm_startup_ccs.obj (.text)
                  00008bbc    0000000a     rtsv7M4_T_le_v4SPD16_eabi.lib : sprintf.c.obj (.text:_outc)
                  00008bc6    00000002     --HOLE-- [fill = 0]
                  00008bc8    00000008                                   : errno.c.obj (.text:__aeabi_errno_addr)
                  00008bd0    00000008                                   : memory.c.obj (.text:malloc)
                  00008bd8    00000004                                   : pre_init.c.obj (.text:_system_pre_init)
                  00008bdc    00000004                                   : exit.c.obj (.text:abort:abort)

.const     0    00008be0    000007a7     
                  00008be0    0000016c     main.obj (.const:$P$T0$1)
                  00008d4c    0000016c     scan.obj (.const:$P$T0$1)
                  00008eb8    0000016c     main.obj (.const:$P$T1$2)
                  00009024    00000004     lcd.obj (.const:.string:lineAddress$1)
                  00009028    00000158     rtsv7M4_T_le_v4SPD16_eabi.lib : k_rem_pio2.c.obj (.const:$O1$$)
                  00009180    00000101                                   : ctype.c.obj (.const:.string:_ctypes_)
                  00009281    00000003     --HOLE-- [fill = 0]
                  00009284    00000050     main.obj (.const:$P$T2$3)
                  000092d4    0000003c     main.obj (.const:$P$T3$4)
                  00009310    00000034     rtsv7M4_T_le_v4SPD16_eabi.lib : s_atanf.c.obj (.const:$O1$$)
                  00009344    00000004     lcd.obj (.const:.string:lineAddresses$2)
                  00009348    00000030     rtsv7M4_T_le_v4SPD16_eabi.lib : e_pow.c.obj (.const:$O1$$)
                  00009378    0000000f     open_interface.obj (.const:.string:$P$T0$3)

.cinit     0    00009388    00000140     
                  00009388    00000108     (.cinit..data.load) [load image, compression = lzss]
                  00009490    0000000c     (__TI_handler_table)
                  0000949c    00000004     --HOLE-- [fill = 0]
                  000094a0    00000008     (.cinit..bss.load) [load image, compression = zero_init]
                  000094a8    00000008     (.cinit..vtable.load) [load image, compression = zero_init]
                  000094b0    00000018     (__TI_cinit_table)

.init_array 
*          0    00000000    00000000     UNINITIALIZED

.vtable    0    20000000    0000026c     UNINITIALIZED
                  20000000    0000026c     driverlib.lib : interrupt.obj (.vtable)

.stack     0    20000270    00002000     UNINITIALIZED
                  20000270    00000004     rtsv7M4_T_le_v4SPD16_eabi.lib : boot_cortex_m.c.obj (.stack)
                  20000274    00001ffc     --HOLE--

.data      0    20002270    00000ae5     UNINITIALIZED
                  20002270    00000aac     main.obj (.data:midi_data)
                  20002d1c    00000020     open_interface.obj (.data)
                  20002d3c    00000008     rtsv7M4_T_le_v4SPD16_eabi.lib : _lock.c.obj (.data:$O1$$)
                  20002d44    00000008                                   : memory.c.obj (.data:$O1$$)
                  20002d4c    00000004     libcybotScan.lib : cyBot_Scan.obj (.data)
                  20002d50    00000004     rtsv7M4_T_le_v4SPD16_eabi.lib : errno.c.obj (.data)
                  20002d54    00000001     Timer.obj (.data)

.sysmem    0    20002d58    00000800     UNINITIALIZED
                  20002d58    00000010     rtsv7M4_T_le_v4SPD16_eabi.lib : memory.c.obj (.sysmem)
                  20002d68    000007f0     --HOLE--

.bss       0    20003558    0000008e     UNINITIALIZED
                  20003558    00000054     lcd.obj (.bss:lastbuffer$3)
                  200035ac    00000018     open_interface.obj (.bss:firmware$2)
                  200035c4    00000004     (.common:_timeout_ticks)
                  200035c8    00000004     (.common:fallingEdge)
                  200035cc    00000004     (.common:flag)
                  200035d0    00000004     (.common:isr_int_value)
                  200035d4    00000004     (.common:left_calibration_value)
                  200035d8    00000004     (.common:pulseLength)
                  200035dc    00000004     (.common:right_calibration_value)
                  200035e0    00000004     (.common:risingEdge)
                  200035e4    00000001     (.common:isRisingEdge)
                  200035e5    00000001     (.common:recived)

__llvm_prf_cnts 
*          0    20000000    00000000     UNINITIALIZED

MODULE SUMMARY

       Module                         code    ro data   rw data
       ------                         ----    -------   -------
    .\
       scan.obj                       5402    364       0      
       main.obj                       1340    868       2745   
       open_interface.obj             3128    15        56     
       movement.obj                   1528    0         0      
       lcd.obj                        824     8         84     
       tm4c123gh6pm_startup_ccs.obj   12      620       0      
       Timer.obj                      584     0         5      
       uart.obj                       476     0         0      
       adc.obj                        288     0         0      
       music.obj                      172     0         0      
       util.obj                       144     0         0      
    +--+------------------------------+-------+---------+---------+
       Total:                         13898   1875      2890   
                                                               
    ../libcybotScan.lib
       cyBot_Scan.obj                 608     0         4      
       ping.obj                       492     0         13     
       servo.obj                      344     0         0      
       ir.obj                         280     0         4      
    +--+------------------------------+-------+---------+---------+
       Total:                         1724    0         21     
                                                               
    C:/ti/TivaWare_C_Series-2.2.0.295/driverlib/ccs/Debug/driverlib.lib
       interrupt.obj                  68      0         620    
       cpu.obj                        12      0         0      
    +--+------------------------------+-------+---------+---------+
       Total:                         80      0         620    
                                                               
    C:\ti\ccs1271\ccs\tools\compiler\ti-cgt-arm_20.2.7.LTS\lib\rtsv7M4_T_le_v4SPD16_eabi.lib
       _printfi.c.obj                 4851    0         0      
       e_pow.c.obj                    2512    48        0      
       k_rem_pio2.c.obj               1848    344       0      
       s_sin.c.obj                    1504    0         0      
       s_cos.c.obj                    1500    0         0      
       e_asin.c.obj                   980     0         0      
       memory.c.obj                   728     0         8      
       fd_add_t2.asm.obj              438     0         0      
       s_atanf.c.obj                  336     52        0      
       k_sin.c.obj                    372     0         0      
       k_cos.c.obj                    368     0         0      
       e_atan2f.c.obj                 344     0         0      
       e_sqrt.c.obj                   344     0         0      
       fd_div_t2.asm.obj              310     0         0      
       s_scalbn.c.obj                 272     0         0      
       fd_cmp_t2.asm.obj              268     0         0      
       ctype.c.obj                    0       257       0      
       fd_mul_t2.asm.obj              252     0         0      
       s_floor.c.obj                  248     0         0      
       s_cosf.c.obj                   180     0         0      
       s_sinf.c.obj                   164     0         0      
       memcpy_t2.asm.obj              156     0         0      
       ull_div_t2.asm.obj             150     0         0      
       vsnprintf.c.obj                136     0         0      
       memset_t2.asm.obj              122     0         0      
       fd_tos_t2.asm.obj              110     0         0      
       copy_decompress_lzss.c.obj     104     0         0      
       s_frexp.c.obj                  100     0         0      
       sprintf.c.obj                  98      0         0      
       _ltoa.c.obj                    84      0         0      
       atoi.c.obj                     76      0         0      
       fd_toi_t2.asm.obj              72      0         0      
       autoinit.c.obj                 68      0         0      
       fs_tod_t2.asm.obj              56      0         0      
       boot_cortex_m.c.obj            52      0         0      
       i_tofd_t2.asm.obj              46      0         0      
       copy_zero_init.c.obj           28      0         0      
       memccpy.c.obj                  28      0         0      
       s_copysign.c.obj               26      0         0      
       strcmp.c.obj                   24      0         0      
       strchr.c.obj                   22      0         0      
       strcpy.c.obj                   20      0         0      
       strlen.c.obj                   20      0         0      
       wcslen.c.obj                   18      0         0      
       copy_decompress_none.c.obj     14      0         0      
       errno.c.obj                    8       0         4      
       _lock.c.obj                    2       0         8      
       exit.c.obj                     4       0         0      
       pre_init.c.obj                 4       0         0      
       div0.asm.obj                   2       0         0      
    +--+------------------------------+-------+---------+---------+
       Total:                         19469   701       20     
                                                               
       Heap:                          0       0         2048   
       Stack:                         0       0         8192   
       Linker Generated:              0       316       0      
    +--+------------------------------+-------+---------+---------+
       Grand Total:                   35171   2892      13791  


LINKER GENERATED COPY TABLES

__TI_cinit_table @ 000094b0 records: 3, size/record: 8, table size: 24
	.data: load addr=00009388, load size=00000108 bytes, run addr=20002270, run size=00000ae5 bytes, compression=lzss
	.bss: load addr=000094a0, load size=00000008 bytes, run addr=20003558, run size=0000008e bytes, compression=zero_init
	.vtable: load addr=000094a8, load size=00000008 bytes, run addr=20000000, run size=0000026c bytes, compression=zero_init


LINKER GENERATED HANDLER TABLE

__TI_handler_table @ 00009490 records: 3, size/record: 4, table size: 12
	index: 0, handler: __TI_zero_init
	index: 1, handler: __TI_decompress_lzss
	index: 2, handler: __TI_decompress_none


GLOBAL SYMBOLS: SORTED ALPHABETICALLY BY Name 

address   name                          
-------   ----                          
000078e1  ADC0SS0_Handler               
00008bdd  C$$EXIT                       
00008ba5  CPUcpsie                      
000020df  GPIOF_Handler                 
00008b77  IntMasterEnable               
00008969  IntRegister                   
00008bb1  ResetISR                      
000064f5  TIMER3B_Handler               
0000673b  UART1_Handler                 
20002270  __STACK_END                   
00002000  __STACK_SIZE                  
20000470  __STACK_TOP                   
00000800  __SYSMEM_SIZE                 
000094b0  __TI_CINIT_Base               
000094c8  __TI_CINIT_Limit              
00009490  __TI_Handler_Table_Base       
0000949c  __TI_Handler_Table_Limit      
000087f5  __TI_auto_init_nobinit_nopinit
00008599  __TI_decompress_lzss          
00008b97  __TI_decompress_none          
000086bb  __TI_ltoa                     
ffffffff  __TI_pprof_out_hndl           
000023a9  __TI_printfi                  
ffffffff  __TI_prof_data_size           
ffffffff  __TI_prof_data_start          
00000000  __TI_static_base__            
00008a59  __TI_zero_init_nomemset       
000082c5  __aeabi_cdcmpeq               
000082c5  __aeabi_cdcmple               
0000834b  __aeabi_cdrcmple              
0000852b  __aeabi_d2f                   
000087ad  __aeabi_d2iz                  
000069a7  __aeabi_dadd                  
000074cd  __aeabi_ddiv                  
00007b71  __aeabi_dmul                  
0000699d  __aeabi_dsub                  
00008bc9  __aeabi_errno_addr            
00008931  __aeabi_f2d                   
00008a01  __aeabi_i2d                   
00002df7  __aeabi_idiv0                 
00002df7  __aeabi_ldiv0                 
000083d1  __aeabi_memclr                
000083d1  __aeabi_memclr4               
000083d1  __aeabi_memclr8               
00008101  __aeabi_memcpy                
00008101  __aeabi_memcpy4               
00008101  __aeabi_memcpy8               
000083d3  __aeabi_memset                
000083d3  __aeabi_memset4               
000083d3  __aeabi_memset8               
0000819d  __aeabi_uldivmod              
ffffffff  __binit__                     
ffffffff  __c_args__                    
00006cc9  __kernel_cos                  
000037c9  __kernel_rem_pio2             
00006b55  __kernel_sin                  
UNDEFED   __mpu_init                    
20000270  __stack                       
20000000  __start___llvm_prf_cnts       
20000000  __stop___llvm_prf_cnts        
0000899d  _c_int00_noargs               
00009180  _ctypes_                      
20002d3c  _lock                         
00001787  _nop                          
20002d54  _running                      
20002d58  _sys_memory                   
UNDEFED   _system_post_cinit            
00008bd9  _system_pre_init              
200035c4  _timeout_ticks                
20002d40  _unlock                       
00008bdd  abort                         
00007729  adc_init                      
000077d9  adc_read                      
00007a71  aligned_alloc                 
000055f1  asin                          
000055f1  asinl                         
00006e39  atan2f                        
00007241  atanf                         
00008761  atoi                          
ffffffff  binit                         
000088f9  calloc                        
00000edd  compare_objects               
00001285  compensate_for_displacement   
00008aad  copysign                      
00008aad  copysignl                     
00004ad9  cos                           
00007e49  cosf                          
00004ad9  cosl                          
00006035  cyBOT_SERVO_cal               
00005fc3  cyBOT_Scan                    
00005f6b  cyBOT_init_Scan               
20002d4c  cyBOT_scan_features           
00005f5d  cyBOT_scan_version            
00008235  degToRad                      
0000051d  do_ir_scan                    
0000047b  do_scan_filter                
00004495  dummy_move                    
20002d50  errno                         
00003fd1  face_angle                    
200035c8  fallingEdge                   
00008289  fdegToRad                     
000014b9  filter_outlier                
00000fb5  find_objects                  
200035cc  flag                          
00007c6d  floor                         
00007c6d  floorl                        
00007d65  free                          
00008601  frexp                         
00008601  frexpl                        
20000000  g_pfnRAMVectors               
00000000  g_pfnVectors                  
0000122b  get_avg_ir                    
000005c7  get_dist_from_IR              
00004377  get_speed                     
00001e9b  go_charge                     
00003f01  go_to_point                   
000006f5  go_to_smallest                
000078f7  ir_enableInterrupt            
000078d9  ir_getDistance                
000078b1  ir_getValue                   
00007849  ir_init                       
200035e4  isRisingEdge                  
0000026d  is_path_valid                 
200035d0  isr_int_value                 
00008b87  lcd_clear                     
00005b99  lcd_gotoLine                  
00005a01  lcd_init                      
00005bff  lcd_printf                    
00005ac1  lcd_putc                      
00005af9  lcd_puts                      
000059c5  lcd_reverseNibble             
00005b17  lcd_sendCommand               
00005b55  lcd_sendNibble                
00005bc1  lcd_setCursorPos              
00007961  ldexp                         
00007961  ldexpl                        
200035d4  left_calibration_value        
000050b5  main                          
00008bd1  malloc                        
00007a71  memalign                      
00008a91  memccpy                       
00008101  memcpy                        
000083d9  memset                        
20002d1c  motor_cal_factor_L            
20002d20  motor_cal_factor_R            
0000442d  move_backwards                
00004285  move_forward                  
00001789  oi_alloc                      
00001fc5  oi_checkFirmware              
000017e3  oi_close                      
00001795  oi_free                       
00002309  oi_getMotorCalibrationLeft    
0000231d  oi_getMotorCalibrationRight   
000017cd  oi_init                       
000017a5  oi_init_noupdate              
00001e31  oi_loadSong                   
00008af7  oi_parseInt                   
00001847  oi_parsePacket                
00001e87  oi_play_song                  
00001d67  oi_setLeds                    
000022cd  oi_setMotorCalibration        
00001dab  oi_setWheels                  
0000206d  oi_shutoff_init               
00001ea9  oi_uartInit                   
00001f4d  oi_uartReceive                
00001f93  oi_uartSendBuff               
00001f31  oi_uartSendChar               
00001f75  oi_uartSendStr                
000017f5  oi_update                     
00006547  ping_getDistance              
00006405  ping_init                     
0000648b  ping_trigger                  
00007faf  play_song                     
00002df9  pow                           
00002df9  powl                          
00001695  print_objects                 
00000db9  print_stored                  
200035d8  pulseLength                   
0000825d  radToDeg                      
200035e5  recived                       
200035dc  right_calibration_value       
200035e0  risingEdge                    
00007961  scalbn                        
00007961  scalbnl                       
00000637  scan_init                     
0000161d  send_scan                     
00006f91  servo_init                    
00007021  servo_move                    
00007081  servo_setPWM                  
00007015  servo_stop                    
000044f9  sin                           
0000805d  sinf                          
000044f9  sinl                          
00008839  sprintf                       
000070e9  sqrt                          
000070e9  sqrtl                         
00000b19  store_objects                 
00008b27  strchr                        
00008b0f  strcmp                        
00008b3d  strcpy                        
00008b51  strlen                        
000062db  timer_getMicros               
00006283  timer_getMillis               
000061bd  timer_init                    
0000625f  timer_pause                   
00006271  timer_resume                  
00006235  timer_stop                    
00006335  timer_waitMicros              
00006367  timer_waitMillis              
0000414f  turn_clockwise                
000041e1  turn_counter_clockwise        
000065f1  uart_init                     
00006739  uart_interrupt_handler        
000066e9  uart_interrupt_init           
000066a5  uart_receive                  
00006689  uart_sendChar                 
000066cb  uart_sendStr                  
00004091  update_self                   
00008879  vsnprintf                     
00008b65  wcslen                        


GLOBAL SYMBOLS: SORTED BY Symbol Address 

address   name                          
-------   ----                          
00000000  __TI_static_base__            
00000000  g_pfnVectors                  
0000026d  is_path_valid                 
0000047b  do_scan_filter                
0000051d  do_ir_scan                    
000005c7  get_dist_from_IR              
00000637  scan_init                     
000006f5  go_to_smallest                
00000800  __SYSMEM_SIZE                 
00000b19  store_objects                 
00000db9  print_stored                  
00000edd  compare_objects               
00000fb5  find_objects                  
0000122b  get_avg_ir                    
00001285  compensate_for_displacement   
000014b9  filter_outlier                
0000161d  send_scan                     
00001695  print_objects                 
00001787  _nop                          
00001789  oi_alloc                      
00001795  oi_free                       
000017a5  oi_init_noupdate              
000017cd  oi_init                       
000017e3  oi_close                      
000017f5  oi_update                     
00001847  oi_parsePacket                
00001d67  oi_setLeds                    
00001dab  oi_setWheels                  
00001e31  oi_loadSong                   
00001e87  oi_play_song                  
00001e9b  go_charge                     
00001ea9  oi_uartInit                   
00001f31  oi_uartSendChar               
00001f4d  oi_uartReceive                
00001f75  oi_uartSendStr                
00001f93  oi_uartSendBuff               
00001fc5  oi_checkFirmware              
00002000  __STACK_SIZE                  
0000206d  oi_shutoff_init               
000020df  GPIOF_Handler                 
000022cd  oi_setMotorCalibration        
00002309  oi_getMotorCalibrationLeft    
0000231d  oi_getMotorCalibrationRight   
000023a9  __TI_printfi                  
00002df7  __aeabi_idiv0                 
00002df7  __aeabi_ldiv0                 
00002df9  pow                           
00002df9  powl                          
000037c9  __kernel_rem_pio2             
00003f01  go_to_point                   
00003fd1  face_angle                    
00004091  update_self                   
0000414f  turn_clockwise                
000041e1  turn_counter_clockwise        
00004285  move_forward                  
00004377  get_speed                     
0000442d  move_backwards                
00004495  dummy_move                    
000044f9  sin                           
000044f9  sinl                          
00004ad9  cos                           
00004ad9  cosl                          
000050b5  main                          
000055f1  asin                          
000055f1  asinl                         
000059c5  lcd_reverseNibble             
00005a01  lcd_init                      
00005ac1  lcd_putc                      
00005af9  lcd_puts                      
00005b17  lcd_sendCommand               
00005b55  lcd_sendNibble                
00005b99  lcd_gotoLine                  
00005bc1  lcd_setCursorPos              
00005bff  lcd_printf                    
00005f5d  cyBOT_scan_version            
00005f6b  cyBOT_init_Scan               
00005fc3  cyBOT_Scan                    
00006035  cyBOT_SERVO_cal               
000061bd  timer_init                    
00006235  timer_stop                    
0000625f  timer_pause                   
00006271  timer_resume                  
00006283  timer_getMillis               
000062db  timer_getMicros               
00006335  timer_waitMicros              
00006367  timer_waitMillis              
00006405  ping_init                     
0000648b  ping_trigger                  
000064f5  TIMER3B_Handler               
00006547  ping_getDistance              
000065f1  uart_init                     
00006689  uart_sendChar                 
000066a5  uart_receive                  
000066cb  uart_sendStr                  
000066e9  uart_interrupt_init           
00006739  uart_interrupt_handler        
0000673b  UART1_Handler                 
0000699d  __aeabi_dsub                  
000069a7  __aeabi_dadd                  
00006b55  __kernel_sin                  
00006cc9  __kernel_cos                  
00006e39  atan2f                        
00006f91  servo_init                    
00007015  servo_stop                    
00007021  servo_move                    
00007081  servo_setPWM                  
000070e9  sqrt                          
000070e9  sqrtl                         
00007241  atanf                         
000074cd  __aeabi_ddiv                  
00007729  adc_init                      
000077d9  adc_read                      
00007849  ir_init                       
000078b1  ir_getValue                   
000078d9  ir_getDistance                
000078e1  ADC0SS0_Handler               
000078f7  ir_enableInterrupt            
00007961  ldexp                         
00007961  ldexpl                        
00007961  scalbn                        
00007961  scalbnl                       
00007a71  aligned_alloc                 
00007a71  memalign                      
00007b71  __aeabi_dmul                  
00007c6d  floor                         
00007c6d  floorl                        
00007d65  free                          
00007e49  cosf                          
00007faf  play_song                     
0000805d  sinf                          
00008101  __aeabi_memcpy                
00008101  __aeabi_memcpy4               
00008101  __aeabi_memcpy8               
00008101  memcpy                        
0000819d  __aeabi_uldivmod              
00008235  degToRad                      
0000825d  radToDeg                      
00008289  fdegToRad                     
000082c5  __aeabi_cdcmpeq               
000082c5  __aeabi_cdcmple               
0000834b  __aeabi_cdrcmple              
000083d1  __aeabi_memclr                
000083d1  __aeabi_memclr4               
000083d1  __aeabi_memclr8               
000083d3  __aeabi_memset                
000083d3  __aeabi_memset4               
000083d3  __aeabi_memset8               
000083d9  memset                        
0000852b  __aeabi_d2f                   
00008599  __TI_decompress_lzss          
00008601  frexp                         
00008601  frexpl                        
000086bb  __TI_ltoa                     
00008761  atoi                          
000087ad  __aeabi_d2iz                  
000087f5  __TI_auto_init_nobinit_nopinit
00008839  sprintf                       
00008879  vsnprintf                     
000088f9  calloc                        
00008931  __aeabi_f2d                   
00008969  IntRegister                   
0000899d  _c_int00_noargs               
00008a01  __aeabi_i2d                   
00008a59  __TI_zero_init_nomemset       
00008a91  memccpy                       
00008aad  copysign                      
00008aad  copysignl                     
00008af7  oi_parseInt                   
00008b0f  strcmp                        
00008b27  strchr                        
00008b3d  strcpy                        
00008b51  strlen                        
00008b65  wcslen                        
00008b77  IntMasterEnable               
00008b87  lcd_clear                     
00008b97  __TI_decompress_none          
00008ba5  CPUcpsie                      
00008bb1  ResetISR                      
00008bc9  __aeabi_errno_addr            
00008bd1  malloc                        
00008bd9  _system_pre_init              
00008bdd  C$$EXIT                       
00008bdd  abort                         
00009180  _ctypes_                      
00009490  __TI_Handler_Table_Base       
0000949c  __TI_Handler_Table_Limit      
000094b0  __TI_CINIT_Base               
000094c8  __TI_CINIT_Limit              
20000000  __start___llvm_prf_cnts       
20000000  __stop___llvm_prf_cnts        
20000000  g_pfnRAMVectors               
20000270  __stack                       
20000470  __STACK_TOP                   
20002270  __STACK_END                   
20002d1c  motor_cal_factor_L            
20002d20  motor_cal_factor_R            
20002d3c  _lock                         
20002d40  _unlock                       
20002d4c  cyBOT_scan_features           
20002d50  errno                         
20002d54  _running                      
20002d58  _sys_memory                   
200035c4  _timeout_ticks                
200035c8  fallingEdge                   
200035cc  flag                          
200035d0  isr_int_value                 
200035d4  left_calibration_value        
200035d8  pulseLength                   
200035dc  right_calibration_value       
200035e0  risingEdge                    
200035e4  isRisingEdge                  
200035e5  recived                       
ffffffff  __TI_pprof_out_hndl           
ffffffff  __TI_prof_data_size           
ffffffff  __TI_prof_data_start          
ffffffff  __binit__                     
ffffffff  __c_args__                    
ffffffff  binit                         
UNDEFED   __mpu_init                    
UNDEFED   _system_post_cinit            

[220 symbols]
