******************************************************************************
                  TI ARM Linker PC v20.2.7                     
******************************************************************************
>> Linked Wed Oct 29 13:07:39 2025

OUTPUT FILE NAME:   <lab_9.out>
ENTRY POINT SYMBOL: "_c_int00_noargs"  address: 00002925


MEMORY CONFIGURATION

         name            origin    length      used     unused   attr    fill
----------------------  --------  ---------  --------  --------  ----  --------
  FLASH                 00000000   00040000  00002c55  0003d3ab  R  X
  SRAM                  20000000   00008000  00002ad9  00005527  RW X


SEGMENT ALLOCATION MAP

run origin  load origin   length   init length attrs members
----------  ----------- ---------- ----------- ----- -------
00000000    00000000    00002c58   00002c58    r-x
  00000000    00000000    0000026c   0000026c    r-- .intvecs
  0000026c    0000026c    000028a0   000028a0    r-x .text
  00002b0c    00002b0c    00000109   00000109    r-- .const
  00002c18    00002c18    00000040   00000040    r-- .cinit
20000000    20000000    00002add   00000000    rw-
  20000000    20000000    0000026c   00000000    rw- .vtable
  20000270    20000270    00002000   00000000    rw- .stack
  20002270    20002270    00000800   00000000    rw- .sysmem
  20002a70    20002a70    00000058   00000000    rw- .bss
  20002ac8    20002ac8    00000015   00000000    rw- .data


SECTION ALLOCATION MAP

 output                                  attributes/
section   page    origin      length       input sections
--------  ----  ----------  ----------   ----------------
.intvecs   0    00000000    0000026c     
                  00000000    0000026c     tm4c123gh6pm_startup_ccs.obj (.intvecs)

.text      0    0000026c    000028a0     
                  0000026c    00000a4e     rtsv7M4_T_le_v4SPD16_eabi.lib : _printfi.c.obj (.text:__TI_printfi)
                  00000cba    00000002                                   : div0.asm.obj (.text)
                  00000cbc    00000328     lcd.obj (.text)
                  00000fe4    000002ac     ping.obj (.text)
                  00001290    00000270     rtsv7M4_T_le_v4SPD16_eabi.lib : _printfi.c.obj (.text:_pconv_a)
                  00001500    00000248     Timer.obj (.text)
                  00001748    000001d0     rtsv7M4_T_le_v4SPD16_eabi.lib : _printfi.c.obj (.text:_pconv_g)
                  00001918    000001b6                                   : fd_add_t2.asm.obj (.text)
                  00001ace    00000002     --HOLE-- [fill = 0]
                  00001ad0    0000013c                                   : _printfi.c.obj (.text:_pconv_e)
                  00001c0c    00000136                                   : fd_div_t2.asm.obj (.text)
                  00001d42    00000002     --HOLE-- [fill = 0]
                  00001d44    00000124                                   : _printfi.c.obj (.text:fcvt)
                  00001e68    00000110                                   : s_scalbn.c.obj (.text:scalbn)
                  00001f78    000000fc                                   : fd_mul_t2.asm.obj (.text)
                  00002074    000000b1                                   : _printfi.c.obj (.text:_ltostr)
                  00002125    00000003     --HOLE-- [fill = 0]
                  00002128    0000009c     main.obj (.text)
                  000021c4    0000009c     rtsv7M4_T_le_v4SPD16_eabi.lib : memcpy_t2.asm.obj (.text)
                  00002260    00000096                                   : ull_div_t2.asm.obj (.text)
                  000022f6    00000086                                   : fd_cmp_t2.asm.obj (.text:__aeabi_cdcmple)
                  0000237c    00000086                                   : fd_cmp_t2.asm.obj (.text:__aeabi_cdrcmple)
                  00002402    0000007a                                   : memset_t2.asm.obj (.text)
                  0000247c    0000006e                                   : _printfi.c.obj (.text:_mcpy)
                  000024ea    0000006e                                   : fd_tos_t2.asm.obj (.text)
                  00002558    00000068                                   : copy_decompress_lzss.c.obj (.text:decompress:lzss:__TI_decompress_lzss)
                  000025c0    00000064                                   : s_frexp.c.obj (.text:frexp)
                  00002624    00000056                                   : _printfi.c.obj (.text:_pconv_f)
                  0000267a    00000054                                   : _ltoa.c.obj (.text:__TI_ltoa)
                  000026ce    00000052                                   : _printfi.c.obj (.text:_ecpy)
                  00002720    0000004c                                   : atoi.c.obj (.text:atoi)
                  0000276c    00000048                                   : fd_toi_t2.asm.obj (.text)
                  000027b4    00000044                                   : autoinit.c.obj (.text:__TI_auto_init_nobinit_nopinit:__TI_auto_init_nobinit_nopinit)
                  000027f8    00000040                                   : sprintf.c.obj (.text:sprintf)
                  00002838    00000040                                   : vsnprintf.c.obj (.text:vsnprintf)
                  00002878    0000003e                                   : _printfi.c.obj (.text:_fcpy)
                  000028b6    00000038                                   : fs_tod_t2.asm.obj (.text)
                  000028ee    00000002     --HOLE-- [fill = 0]
                  000028f0    00000034     driverlib.lib : interrupt.obj (.text:IntRegister)
                  00002924    00000034     rtsv7M4_T_le_v4SPD16_eabi.lib : boot_cortex_m.c.obj (.text:_c_int00_noargs:_c_int00_noargs)
                  00002958    00000030                                   : vsnprintf.c.obj (.text:_outs)
                  00002988    0000002e                                   : i_tofd_t2.asm.obj (.text)
                  000029b6    0000001c                                   : copy_zero_init.c.obj (.text:decompress:ZI:__TI_zero_init_nomemset:__TI_zero_init_nomemset)
                  000029d2    0000001c                                   : memccpy.c.obj (.text:memccpy)
                  000029ee    0000001a                                   : s_copysign.c.obj (.text:copysign)
                  00002a08    00000018                                   : vsnprintf.c.obj (.text:_outc)
                  00002a20    00000018                                   : sprintf.c.obj (.text:_outs)
                  00002a38    00000018                                   : strcmp.c.obj (.text:strcmp)
                  00002a50    00000016                                   : strchr.c.obj (.text:strchr)
                  00002a66    00000014                                   : strcpy.c.obj (.text:strcpy)
                  00002a7a    00000014                                   : strlen.c.obj (.text:strlen)
                  00002a8e    00000012                                   : wcslen.c.obj (.text:wcslen)
                  00002aa0    00000010     driverlib.lib : interrupt.obj (.text:IntMasterEnable)
                  00002ab0    00000010     lcd.obj (.text:lcd_clear)
                  00002ac0    0000000e     rtsv7M4_T_le_v4SPD16_eabi.lib : copy_decompress_none.c.obj (.text:decompress:none:__TI_decompress_none)
                  00002ace    0000000c     driverlib.lib : cpu.obj (.text:CPUcpsie)
                  00002ada    0000000c     tm4c123gh6pm_startup_ccs.obj (.text)
                  00002ae6    0000000a     rtsv7M4_T_le_v4SPD16_eabi.lib : sprintf.c.obj (.text:_outc)
                  00002af0    0000000a     lcd.obj (.text:lcd_home)
                  00002afa    00000002     --HOLE-- [fill = 0]
                  00002afc    00000008     rtsv7M4_T_le_v4SPD16_eabi.lib : errno.c.obj (.text:__aeabi_errno_addr)
                  00002b04    00000004                                   : pre_init.c.obj (.text:_system_pre_init)
                  00002b08    00000004                                   : exit.c.obj (.text:abort:abort)

.const     0    00002b0c    00000109     
                  00002b0c    00000101     rtsv7M4_T_le_v4SPD16_eabi.lib : ctype.c.obj (.const:.string:_ctypes_)
                  00002c0d    00000004     lcd.obj (.const:.string:lineAddress$1)
                  00002c11    00000004     lcd.obj (.const:.string:lineAddresses$2)

.cinit     0    00002c18    00000040     
                  00002c18    0000000c     (__TI_handler_table)
                  00002c24    0000000b     (.cinit..data.load) [load image, compression = lzss]
                  00002c2f    00000001     --HOLE-- [fill = 0]
                  00002c30    00000008     (.cinit..bss.load) [load image, compression = zero_init]
                  00002c38    00000008     (.cinit..vtable.load) [load image, compression = zero_init]
                  00002c40    00000018     (__TI_cinit_table)

.init_array 
*          0    00000000    00000000     UNINITIALIZED

.vtable    0    20000000    0000026c     UNINITIALIZED
                  20000000    0000026c     driverlib.lib : interrupt.obj (.vtable)

.stack     0    20000270    00002000     UNINITIALIZED
                  20000270    00000004     rtsv7M4_T_le_v4SPD16_eabi.lib : boot_cortex_m.c.obj (.stack)
                  20000274    00001ffc     --HOLE--

.sysmem    0    20002270    00000800     UNINITIALIZED
                  20002270    00000010     rtsv7M4_T_le_v4SPD16_eabi.lib : memory.c.obj (.sysmem)
                  20002280    000007f0     --HOLE--

.bss       0    20002a70    00000058     UNINITIALIZED
                  20002a70    00000054     lcd.obj (.bss:lastbuffer$3)
                  20002ac4    00000004     (.common:_timeout_ticks)

.data      0    20002ac8    00000015     UNINITIALIZED
                  20002ac8    00000010     ping.obj (.data)
                  20002ad8    00000004     rtsv7M4_T_le_v4SPD16_eabi.lib : errno.c.obj (.data)
                  20002adc    00000001     Timer.obj (.data)

__llvm_prf_cnts 
*          0    20000000    00000000     UNINITIALIZED

MODULE SUMMARY

       Module                         code    ro data   rw data
       ------                         ----    -------   -------
    .\
       lcd.obj                        834     8         84     
       ping.obj                       684     0         16     
       tm4c123gh6pm_startup_ccs.obj   12      620       0      
       Timer.obj                      584     0         5      
       main.obj                       156     0         0      
    +--+------------------------------+-------+---------+---------+
       Total:                         2270    628       105    
                                                               
    C:/ti/TivaWare_C_Series-2.2.0.295/driverlib/ccs/Debug/driverlib.lib
       interrupt.obj                  68      0         620    
       cpu.obj                        12      0         0      
    +--+------------------------------+-------+---------+---------+
       Total:                         80      0         620    
                                                               
    C:\ti\ccs1271\ccs\tools\compiler\ti-cgt-arm_20.2.7.LTS\lib\rtsv7M4_T_le_v4SPD16_eabi.lib
       _printfi.c.obj                 4851    0         0      
       fd_add_t2.asm.obj              438     0         0      
       fd_div_t2.asm.obj              310     0         0      
       s_scalbn.c.obj                 272     0         0      
       fd_cmp_t2.asm.obj              268     0         0      
       ctype.c.obj                    0       257       0      
       fd_mul_t2.asm.obj              252     0         0      
       memcpy_t2.asm.obj              156     0         0      
       ull_div_t2.asm.obj             150     0         0      
       vsnprintf.c.obj                136     0         0      
       memset_t2.asm.obj              122     0         0      
       fd_tos_t2.asm.obj              110     0         0      
       copy_decompress_lzss.c.obj     104     0         0      
       s_frexp.c.obj                  100     0         0      
       sprintf.c.obj                  98      0         0      
       _ltoa.c.obj                    84      0         0      
       atoi.c.obj                     76      0         0      
       fd_toi_t2.asm.obj              72      0         0      
       autoinit.c.obj                 68      0         0      
       fs_tod_t2.asm.obj              56      0         0      
       boot_cortex_m.c.obj            52      0         0      
       i_tofd_t2.asm.obj              46      0         0      
       copy_zero_init.c.obj           28      0         0      
       memccpy.c.obj                  28      0         0      
       s_copysign.c.obj               26      0         0      
       strcmp.c.obj                   24      0         0      
       strchr.c.obj                   22      0         0      
       strcpy.c.obj                   20      0         0      
       strlen.c.obj                   20      0         0      
       wcslen.c.obj                   18      0         0      
       copy_decompress_none.c.obj     14      0         0      
       errno.c.obj                    8       0         4      
       exit.c.obj                     4       0         0      
       pre_init.c.obj                 4       0         0      
       div0.asm.obj                   2       0         0      
    +--+------------------------------+-------+---------+---------+
       Total:                         8039    257       4      
                                                               
       Heap:                          0       0         2048   
       Stack:                         0       0         8192   
       Linker Generated:              0       63        0      
    +--+------------------------------+-------+---------+---------+
       Grand Total:                   10389   948       10969  


LINKER GENERATED COPY TABLES

__TI_cinit_table @ 00002c40 records: 3, size/record: 8, table size: 24
	.data: load addr=00002c24, load size=0000000b bytes, run addr=20002ac8, run size=00000015 bytes, compression=lzss
	.bss: load addr=00002c30, load size=00000008 bytes, run addr=20002a70, run size=00000058 bytes, compression=zero_init
	.vtable: load addr=00002c38, load size=00000008 bytes, run addr=20000000, run size=0000026c bytes, compression=zero_init


LINKER GENERATED HANDLER TABLE

__TI_handler_table @ 00002c18 records: 3, size/record: 4, table size: 12
	index: 0, handler: __TI_zero_init
	index: 1, handler: __TI_decompress_lzss
	index: 2, handler: __TI_decompress_none


GLOBAL SYMBOLS: SORTED ALPHABETICALLY BY Name 

address   name                          
-------   ----                          
00002b09  C$$EXIT                       
00002acf  CPUcpsie                      
00002aa1  IntMasterEnable               
000028f1  IntRegister                   
00002adb  ResetISR                      
000011d1  TIMER3B_Handler               
20002270  __STACK_END                   
00002000  __STACK_SIZE                  
20000470  __STACK_TOP                   
00000800  __SYSMEM_SIZE                 
00002c40  __TI_CINIT_Base               
00002c58  __TI_CINIT_Limit              
00002c18  __TI_Handler_Table_Base       
00002c24  __TI_Handler_Table_Limit      
000027b5  __TI_auto_init_nobinit_nopinit
00002559  __TI_decompress_lzss          
00002ac1  __TI_decompress_none          
0000267b  __TI_ltoa                     
ffffffff  __TI_pprof_out_hndl           
0000026d  __TI_printfi                  
ffffffff  __TI_prof_data_size           
ffffffff  __TI_prof_data_start          
00000000  __TI_static_base__            
000029b7  __TI_zero_init_nomemset       
000022f7  __aeabi_cdcmpeq               
000022f7  __aeabi_cdcmple               
0000237d  __aeabi_cdrcmple              
000024eb  __aeabi_d2f                   
0000276d  __aeabi_d2iz                  
00001923  __aeabi_dadd                  
00001c0d  __aeabi_ddiv                  
00001f79  __aeabi_dmul                  
00001919  __aeabi_dsub                  
00002afd  __aeabi_errno_addr            
000028b7  __aeabi_f2d                   
00002989  __aeabi_i2d                   
00000cbb  __aeabi_idiv0                 
00000cbb  __aeabi_ldiv0                 
00002403  __aeabi_memclr                
00002403  __aeabi_memclr4               
00002403  __aeabi_memclr8               
000021c5  __aeabi_memcpy                
000021c5  __aeabi_memcpy4               
000021c5  __aeabi_memcpy8               
00002405  __aeabi_memset                
00002405  __aeabi_memset4               
00002405  __aeabi_memset8               
00002261  __aeabi_uldivmod              
ffffffff  __binit__                     
ffffffff  __c_args__                    
UNDEFED   __mpu_init                    
20000270  __stack                       
20000000  __start___llvm_prf_cnts       
20000000  __stop___llvm_prf_cnts        
00002925  _c_int00_noargs               
00002b0c  _ctypes_                      
20002adc  _running                      
20002270  _sys_memory                   
UNDEFED   _system_post_cinit            
00002b05  _system_pre_init              
20002ac4  _timeout_ticks                
00002b09  abort                         
00002721  atoi                          
ffffffff  binit                         
000029ef  copysign                      
000029ef  copysignl                     
20002ad8  errno                         
20002ad0  falling_time                  
000025c1  frexp                         
000025c1  frexpl                        
20000000  g_pfnRAMVectors               
00000000  g_pfnVectors                  
00001219  get_overflows                 
00002ab1  lcd_clear                     
00000e91  lcd_gotoLine                  
00002af1  lcd_home                      
00000cf9  lcd_init                      
00000ef7  lcd_printf                    
00000db9  lcd_putc                      
00000df1  lcd_puts                      
00000cbd  lcd_reverseNibble             
00000e0f  lcd_sendCommand               
00000e4d  lcd_sendNibble                
00000eb9  lcd_setCursorPos              
00001e69  ldexp                         
00001e69  ldexpl                        
00002129  main                          
000029d3  memccpy                       
000021c5  memcpy                        
0000240b  memset                        
20002ad4  numberOverflows               
00000fe5  ping_init                     
000010af  ping_read                     
20002acc  rising_time                   
00001e69  scalbn                        
00001e69  scalbnl                       
00001141  send_pulse                    
000027f9  sprintf                       
20002ac8  state                         
00002a51  strchr                        
00002a39  strcmp                        
00002a67  strcpy                        
00002a7b  strlen                        
0000161f  timer_getMicros               
000015c7  timer_getMillis               
00001501  timer_init                    
000015a3  timer_pause                   
000015b5  timer_resume                  
00001579  timer_stop                    
00001679  timer_waitMicros              
000016ab  timer_waitMillis              
00002839  vsnprintf                     
00002a8f  wcslen                        


GLOBAL SYMBOLS: SORTED BY Symbol Address 

address   name                          
-------   ----                          
00000000  __TI_static_base__            
00000000  g_pfnVectors                  
0000026d  __TI_printfi                  
00000800  __SYSMEM_SIZE                 
00000cbb  __aeabi_idiv0                 
00000cbb  __aeabi_ldiv0                 
00000cbd  lcd_reverseNibble             
00000cf9  lcd_init                      
00000db9  lcd_putc                      
00000df1  lcd_puts                      
00000e0f  lcd_sendCommand               
00000e4d  lcd_sendNibble                
00000e91  lcd_gotoLine                  
00000eb9  lcd_setCursorPos              
00000ef7  lcd_printf                    
00000fe5  ping_init                     
000010af  ping_read                     
00001141  send_pulse                    
000011d1  TIMER3B_Handler               
00001219  get_overflows                 
00001501  timer_init                    
00001579  timer_stop                    
000015a3  timer_pause                   
000015b5  timer_resume                  
000015c7  timer_getMillis               
0000161f  timer_getMicros               
00001679  timer_waitMicros              
000016ab  timer_waitMillis              
00001919  __aeabi_dsub                  
00001923  __aeabi_dadd                  
00001c0d  __aeabi_ddiv                  
00001e69  ldexp                         
00001e69  ldexpl                        
00001e69  scalbn                        
00001e69  scalbnl                       
00001f79  __aeabi_dmul                  
00002000  __STACK_SIZE                  
00002129  main                          
000021c5  __aeabi_memcpy                
000021c5  __aeabi_memcpy4               
000021c5  __aeabi_memcpy8               
000021c5  memcpy                        
00002261  __aeabi_uldivmod              
000022f7  __aeabi_cdcmpeq               
000022f7  __aeabi_cdcmple               
0000237d  __aeabi_cdrcmple              
00002403  __aeabi_memclr                
00002403  __aeabi_memclr4               
00002403  __aeabi_memclr8               
00002405  __aeabi_memset                
00002405  __aeabi_memset4               
00002405  __aeabi_memset8               
0000240b  memset                        
000024eb  __aeabi_d2f                   
00002559  __TI_decompress_lzss          
000025c1  frexp                         
000025c1  frexpl                        
0000267b  __TI_ltoa                     
00002721  atoi                          
0000276d  __aeabi_d2iz                  
000027b5  __TI_auto_init_nobinit_nopinit
000027f9  sprintf                       
00002839  vsnprintf                     
000028b7  __aeabi_f2d                   
000028f1  IntRegister                   
00002925  _c_int00_noargs               
00002989  __aeabi_i2d                   
000029b7  __TI_zero_init_nomemset       
000029d3  memccpy                       
000029ef  copysign                      
000029ef  copysignl                     
00002a39  strcmp                        
00002a51  strchr                        
00002a67  strcpy                        
00002a7b  strlen                        
00002a8f  wcslen                        
00002aa1  IntMasterEnable               
00002ab1  lcd_clear                     
00002ac1  __TI_decompress_none          
00002acf  CPUcpsie                      
00002adb  ResetISR                      
00002af1  lcd_home                      
00002afd  __aeabi_errno_addr            
00002b05  _system_pre_init              
00002b09  C$$EXIT                       
00002b09  abort                         
00002b0c  _ctypes_                      
00002c18  __TI_Handler_Table_Base       
00002c24  __TI_Handler_Table_Limit      
00002c40  __TI_CINIT_Base               
00002c58  __TI_CINIT_Limit              
20000000  __start___llvm_prf_cnts       
20000000  __stop___llvm_prf_cnts        
20000000  g_pfnRAMVectors               
20000270  __stack                       
20000470  __STACK_TOP                   
20002270  __STACK_END                   
20002270  _sys_memory                   
20002ac4  _timeout_ticks                
20002ac8  state                         
20002acc  rising_time                   
20002ad0  falling_time                  
20002ad4  numberOverflows               
20002ad8  errno                         
20002adc  _running                      
ffffffff  __TI_pprof_out_hndl           
ffffffff  __TI_prof_data_size           
ffffffff  __TI_prof_data_start          
ffffffff  __binit__                     
ffffffff  __c_args__                    
ffffffff  binit                         
UNDEFED   __mpu_init                    
UNDEFED   _system_post_cinit            

[113 symbols]
