******************************************************************************
                  TI ARM Linker PC v20.2.7                     
******************************************************************************
>> Linked Wed Nov  5 12:43:19 2025

OUTPUT FILE NAME:   <lab_10.out>
ENTRY POINT SYMBOL: "_c_int00_noargs"  address: 00002865


MEMORY CONFIGURATION

         name            origin    length      used     unused   attr    fill
----------------------  --------  ---------  --------  --------  ----  --------
  FLASH                 00000000   00040000  00002b55  0003d4ab  R  X
  SRAM                  20000000   00008000  000032ce  00004d32  RW X


SEGMENT ALLOCATION MAP

run origin  load origin   length   init length attrs members
----------  ----------- ---------- ----------- ----- -------
00000000    00000000    00002b58   00002b58    r-x
  00000000    00000000    0000026c   0000026c    r-- .intvecs
  0000026c    0000026c    000027a0   000027a0    r-x .text
  00002a0c    00002a0c    00000109   00000109    r-- .const
  00002b18    00002b18    00000040   00000040    r-- .cinit
20000000    20000000    000032d2   00000000    rw-
  20000000    20000000    0000026c   00000000    rw- .vtable
  20000270    20000270    00002000   00000000    rw- .stack
  20002270    20002270    00001000   00000000    rw- .sysmem
  20003270    20003270    0000005c   00000000    rw- .bss
  200032cc    200032cc    00000006   00000000    rw- .data


SECTION ALLOCATION MAP

 output                                  attributes/
section   page    origin      length       input sections
--------  ----  ----------  ----------   ----------------
.intvecs   0    00000000    0000026c     
                  00000000    0000026c     tm4c123gh6pm_startup_ccs.obj (.intvecs)

.text      0    0000026c    000027a0     
                  0000026c    00000a4e     rtsv7M4_T_le_v4SPD16_eabi.lib : _printfi.c.obj (.text:__TI_printfi)
                  00000cba    00000002                                   : div0.asm.obj (.text)
                  00000cbc    00000328     lcd.obj (.text)
                  00000fe4    000002f0     servo.obj (.text)
                  000012d4    00000270     rtsv7M4_T_le_v4SPD16_eabi.lib : _printfi.c.obj (.text:_pconv_a)
                  00001544    00000248     Timer.obj (.text)
                  0000178c    000001d0     rtsv7M4_T_le_v4SPD16_eabi.lib : _printfi.c.obj (.text:_pconv_g)
                  0000195c    000001b6                                   : fd_add_t2.asm.obj (.text)
                  00001b12    00000002     --HOLE-- [fill = 0]
                  00001b14    0000013c                                   : _printfi.c.obj (.text:_pconv_e)
                  00001c50    00000136                                   : fd_div_t2.asm.obj (.text)
                  00001d86    00000002     --HOLE-- [fill = 0]
                  00001d88    00000124                                   : _printfi.c.obj (.text:fcvt)
                  00001eac    00000110                                   : s_scalbn.c.obj (.text:scalbn)
                  00001fbc    000000fc                                   : fd_mul_t2.asm.obj (.text)
                  000020b8    000000b1                                   : _printfi.c.obj (.text:_ltostr)
                  00002169    00000001     --HOLE-- [fill = 0]
                  0000216a    0000009c                                   : memcpy_t2.asm.obj (.text)
                  00002206    00000096                                   : ull_div_t2.asm.obj (.text)
                  0000229c    00000086                                   : fd_cmp_t2.asm.obj (.text:__aeabi_cdcmple)
                  00002322    00000086                                   : fd_cmp_t2.asm.obj (.text:__aeabi_cdrcmple)
                  000023a8    00000080     button.obj (.text)
                  00002428    0000007a     rtsv7M4_T_le_v4SPD16_eabi.lib : memset_t2.asm.obj (.text)
                  000024a2    0000006e                                   : _printfi.c.obj (.text:_mcpy)
                  00002510    00000068                                   : copy_decompress_lzss.c.obj (.text:decompress:lzss:__TI_decompress_lzss)
                  00002578    00000064                                   : s_frexp.c.obj (.text:frexp)
                  000025dc    00000056                                   : _printfi.c.obj (.text:_pconv_f)
                  00002632    00000054                                   : _ltoa.c.obj (.text:__TI_ltoa)
                  00002686    00000052                                   : _printfi.c.obj (.text:_ecpy)
                  000026d8    0000004c                                   : atoi.c.obj (.text:atoi)
                  00002724    00000048                                   : fd_toi_t2.asm.obj (.text)
                  0000276c    00000044                                   : autoinit.c.obj (.text:__TI_auto_init_nobinit_nopinit:__TI_auto_init_nobinit_nopinit)
                  000027b0    00000040                                   : vsnprintf.c.obj (.text:vsnprintf)
                  000027f0    0000003e                                   : _printfi.c.obj (.text:_fcpy)
                  0000282e    00000002     --HOLE-- [fill = 0]
                  00002830    00000034     driverlib.lib : interrupt.obj (.text:IntRegister)
                  00002864    00000034     rtsv7M4_T_le_v4SPD16_eabi.lib : boot_cortex_m.c.obj (.text:_c_int00_noargs:_c_int00_noargs)
                  00002898    00000030                                   : vsnprintf.c.obj (.text:_outs)
                  000028c8    0000002e                                   : i_tofd_t2.asm.obj (.text)
                  000028f6    0000001c                                   : copy_zero_init.c.obj (.text:decompress:ZI:__TI_zero_init_nomemset:__TI_zero_init_nomemset)
                  00002912    0000001c                                   : memccpy.c.obj (.text:memccpy)
                  0000292e    0000001a                                   : s_copysign.c.obj (.text:copysign)
                  00002948    00000018                                   : vsnprintf.c.obj (.text:_outc)
                  00002960    00000018                                   : strcmp.c.obj (.text:strcmp)
                  00002978    00000016                                   : strchr.c.obj (.text:strchr)
                  0000298e    00000014                                   : strcpy.c.obj (.text:strcpy)
                  000029a2    00000014                                   : strlen.c.obj (.text:strlen)
                  000029b6    00000012                                   : wcslen.c.obj (.text:wcslen)
                  000029c8    00000010     lcd.obj (.text:lcd_clear)
                  000029d8    0000000e     rtsv7M4_T_le_v4SPD16_eabi.lib : copy_decompress_none.c.obj (.text:decompress:none:__TI_decompress_none)
                  000029e6    0000000c     tm4c123gh6pm_startup_ccs.obj (.text)
                  000029f2    00000002     --HOLE-- [fill = 0]
                  000029f4    00000008     rtsv7M4_T_le_v4SPD16_eabi.lib : errno.c.obj (.text:__aeabi_errno_addr)
                  000029fc    00000008     main.obj (.text)
                  00002a04    00000004     rtsv7M4_T_le_v4SPD16_eabi.lib : pre_init.c.obj (.text:_system_pre_init)
                  00002a08    00000004                                   : exit.c.obj (.text:abort:abort)

.const     0    00002a0c    00000109     
                  00002a0c    00000101     rtsv7M4_T_le_v4SPD16_eabi.lib : ctype.c.obj (.const:.string:_ctypes_)
                  00002b0d    00000004     lcd.obj (.const:.string:lineAddress$1)
                  00002b11    00000004     lcd.obj (.const:.string:lineAddresses$2)

.cinit     0    00002b18    00000040     
                  00002b18    0000000c     (__TI_handler_table)
                  00002b24    00000004     --HOLE-- [fill = 0]
                  00002b28    00000008     (.cinit..bss.load) [load image, compression = zero_init]
                  00002b30    00000008     (.cinit..vtable.load) [load image, compression = zero_init]
                  00002b38    00000007     (.cinit..data.load) [load image, compression = lzss]
                  00002b3f    00000001     --HOLE-- [fill = 0]
                  00002b40    00000018     (__TI_cinit_table)

.init_array 
*          0    00000000    00000000     UNINITIALIZED

.vtable    0    20000000    0000026c     UNINITIALIZED
                  20000000    0000026c     driverlib.lib : interrupt.obj (.vtable)

.stack     0    20000270    00002000     UNINITIALIZED
                  20000270    00000004     rtsv7M4_T_le_v4SPD16_eabi.lib : boot_cortex_m.c.obj (.stack)
                  20000274    00001ffc     --HOLE--

.sysmem    0    20002270    00001000     UNINITIALIZED
                  20002270    00000010     rtsv7M4_T_le_v4SPD16_eabi.lib : memory.c.obj (.sysmem)
                  20002280    00000ff0     --HOLE--

.bss       0    20003270    0000005c     UNINITIALIZED
                  20003270    00000054     lcd.obj (.bss:lastbuffer$3)
                  200032c4    00000004     (.common:_timeout_ticks)
                  200032c8    00000004     (.common:pulse_width)

.data      0    200032cc    00000006     UNINITIALIZED
                  200032cc    00000004     rtsv7M4_T_le_v4SPD16_eabi.lib : errno.c.obj (.data)
                  200032d0    00000001     Timer.obj (.data)
                  200032d1    00000001     button.obj (.data)

__llvm_prf_cnts 
*          0    20000000    00000000     UNINITIALIZED

MODULE SUMMARY

       Module                         code    ro data   rw data
       ------                         ----    -------   -------
    .\
       lcd.obj                        824     8         84     
       servo.obj                      752     0         0      
       tm4c123gh6pm_startup_ccs.obj   12      620       0      
       Timer.obj                      584     0         5      
       button.obj                     128     0         1      
       main.obj                       8       0         4      
    +--+------------------------------+-------+---------+---------+
       Total:                         2308    628       94     
                                                               
    C:/ti/TivaWare_C_Series-2.2.0.295/driverlib/ccs/Debug/driverlib.lib
       interrupt.obj                  52      0         620    
    +--+------------------------------+-------+---------+---------+
       Total:                         52      0         620    
                                                               
    C:\ti\ccs1271\ccs\tools\compiler\ti-cgt-arm_20.2.7.LTS\lib\rtsv7M4_T_le_v4SPD16_eabi.lib
       _printfi.c.obj                 4851    0         0      
       fd_add_t2.asm.obj              438     0         0      
       fd_div_t2.asm.obj              310     0         0      
       s_scalbn.c.obj                 272     0         0      
       fd_cmp_t2.asm.obj              268     0         0      
       ctype.c.obj                    0       257       0      
       fd_mul_t2.asm.obj              252     0         0      
       memcpy_t2.asm.obj              156     0         0      
       ull_div_t2.asm.obj             150     0         0      
       vsnprintf.c.obj                136     0         0      
       memset_t2.asm.obj              122     0         0      
       copy_decompress_lzss.c.obj     104     0         0      
       s_frexp.c.obj                  100     0         0      
       _ltoa.c.obj                    84      0         0      
       atoi.c.obj                     76      0         0      
       fd_toi_t2.asm.obj              72      0         0      
       autoinit.c.obj                 68      0         0      
       boot_cortex_m.c.obj            52      0         0      
       i_tofd_t2.asm.obj              46      0         0      
       copy_zero_init.c.obj           28      0         0      
       memccpy.c.obj                  28      0         0      
       s_copysign.c.obj               26      0         0      
       strcmp.c.obj                   24      0         0      
       strchr.c.obj                   22      0         0      
       strcpy.c.obj                   20      0         0      
       strlen.c.obj                   20      0         0      
       wcslen.c.obj                   18      0         0      
       copy_decompress_none.c.obj     14      0         0      
       errno.c.obj                    8       0         4      
       exit.c.obj                     4       0         0      
       pre_init.c.obj                 4       0         0      
       div0.asm.obj                   2       0         0      
    +--+------------------------------+-------+---------+---------+
       Total:                         7775    257       4      
                                                               
       Heap:                          0       0         4096   
       Stack:                         0       0         8192   
       Linker Generated:              0       59        0      
    +--+------------------------------+-------+---------+---------+
       Grand Total:                   10135   944       13006  


LINKER GENERATED COPY TABLES

__TI_cinit_table @ 00002b40 records: 3, size/record: 8, table size: 24
	.bss: load addr=00002b28, load size=00000008 bytes, run addr=20003270, run size=0000005c bytes, compression=zero_init
	.vtable: load addr=00002b30, load size=00000008 bytes, run addr=20000000, run size=0000026c bytes, compression=zero_init
	.data: load addr=00002b38, load size=00000007 bytes, run addr=200032cc, run size=00000006 bytes, compression=lzss


LINKER GENERATED HANDLER TABLE

__TI_handler_table @ 00002b18 records: 3, size/record: 4, table size: 12
	index: 0, handler: __TI_zero_init
	index: 1, handler: __TI_decompress_lzss
	index: 2, handler: __TI_decompress_none


GLOBAL SYMBOLS: SORTED ALPHABETICALLY BY Name 

address   name                          
-------   ----                          
00002a09  C$$EXIT                       
00002831  IntRegister                   
000029e7  ResetISR                      
20002270  __STACK_END                   
00002000  __STACK_SIZE                  
20000470  __STACK_TOP                   
00001000  __SYSMEM_SIZE                 
00002b40  __TI_CINIT_Base               
00002b58  __TI_CINIT_Limit              
00002b18  __TI_Handler_Table_Base       
00002b24  __TI_Handler_Table_Limit      
0000276d  __TI_auto_init_nobinit_nopinit
00002511  __TI_decompress_lzss          
000029d9  __TI_decompress_none          
00002633  __TI_ltoa                     
ffffffff  __TI_pprof_out_hndl           
0000026d  __TI_printfi                  
ffffffff  __TI_prof_data_size           
ffffffff  __TI_prof_data_start          
00000000  __TI_static_base__            
000028f7  __TI_zero_init_nomemset       
0000229d  __aeabi_cdcmpeq               
0000229d  __aeabi_cdcmple               
00002323  __aeabi_cdrcmple              
00002725  __aeabi_d2iz                  
00001967  __aeabi_dadd                  
00001c51  __aeabi_ddiv                  
00001fbd  __aeabi_dmul                  
0000195d  __aeabi_dsub                  
000029f5  __aeabi_errno_addr            
000028c9  __aeabi_i2d                   
00000cbb  __aeabi_idiv0                 
00000cbb  __aeabi_ldiv0                 
00002429  __aeabi_memclr                
00002429  __aeabi_memclr4               
00002429  __aeabi_memclr8               
0000216b  __aeabi_memcpy                
0000216b  __aeabi_memcpy4               
0000216b  __aeabi_memcpy8               
0000242b  __aeabi_memset                
0000242b  __aeabi_memset4               
0000242b  __aeabi_memset8               
00002207  __aeabi_uldivmod              
ffffffff  __binit__                     
ffffffff  __c_args__                    
UNDEFED   __mpu_init                    
20000270  __stack                       
20000000  __start___llvm_prf_cnts       
20000000  __stop___llvm_prf_cnts        
00002865  _c_int00_noargs               
00002a0c  _ctypes_                      
200032d0  _running                      
20002270  _sys_memory                   
UNDEFED   _system_post_cinit            
00002a05  _system_pre_init              
200032c4  _timeout_ticks                
00002a09  abort                         
000026d9  atoi                          
ffffffff  binit                         
000023dd  button_getButton              
000023a9  button_init                   
0000292f  copysign                      
0000292f  copysignl                     
00001145  cyBOT_SERVO_cal               
200032cc  errno                         
00002579  frexp                         
00002579  frexpl                        
20000000  g_pfnRAMVectors               
00000000  g_pfnVectors                  
000029c9  lcd_clear                     
00000e91  lcd_gotoLine                  
00000cf9  lcd_init                      
00000ef7  lcd_printf                    
00000db9  lcd_putc                      
00000df1  lcd_puts                      
00000cbd  lcd_reverseNibble             
00000e0f  lcd_sendCommand               
00000e4d  lcd_sendNibble                
00000eb9  lcd_setCursorPos              
00001ead  ldexp                         
00001ead  ldexpl                        
000029fd  main                          
00002913  memccpy                       
0000216b  memcpy                        
00002431  memset                        
000011ff  print_calibration             
200032c8  pulse_width                   
00001ead  scalbn                        
00001ead  scalbnl                       
00000fe5  servo_init                    
000010c9  servo_move                    
00002979  strchr                        
00002961  strcmp                        
0000298f  strcpy                        
000029a3  strlen                        
00001663  timer_getMicros               
0000160b  timer_getMillis               
00001545  timer_init                    
000015e7  timer_pause                   
000015f9  timer_resume                  
000015bd  timer_stop                    
000016bd  timer_waitMicros              
000016ef  timer_waitMillis              
000027b1  vsnprintf                     
000029b7  wcslen                        


GLOBAL SYMBOLS: SORTED BY Symbol Address 

address   name                          
-------   ----                          
00000000  __TI_static_base__            
00000000  g_pfnVectors                  
0000026d  __TI_printfi                  
00000cbb  __aeabi_idiv0                 
00000cbb  __aeabi_ldiv0                 
00000cbd  lcd_reverseNibble             
00000cf9  lcd_init                      
00000db9  lcd_putc                      
00000df1  lcd_puts                      
00000e0f  lcd_sendCommand               
00000e4d  lcd_sendNibble                
00000e91  lcd_gotoLine                  
00000eb9  lcd_setCursorPos              
00000ef7  lcd_printf                    
00000fe5  servo_init                    
00001000  __SYSMEM_SIZE                 
000010c9  servo_move                    
00001145  cyBOT_SERVO_cal               
000011ff  print_calibration             
00001545  timer_init                    
000015bd  timer_stop                    
000015e7  timer_pause                   
000015f9  timer_resume                  
0000160b  timer_getMillis               
00001663  timer_getMicros               
000016bd  timer_waitMicros              
000016ef  timer_waitMillis              
0000195d  __aeabi_dsub                  
00001967  __aeabi_dadd                  
00001c51  __aeabi_ddiv                  
00001ead  ldexp                         
00001ead  ldexpl                        
00001ead  scalbn                        
00001ead  scalbnl                       
00001fbd  __aeabi_dmul                  
00002000  __STACK_SIZE                  
0000216b  __aeabi_memcpy                
0000216b  __aeabi_memcpy4               
0000216b  __aeabi_memcpy8               
0000216b  memcpy                        
00002207  __aeabi_uldivmod              
0000229d  __aeabi_cdcmpeq               
0000229d  __aeabi_cdcmple               
00002323  __aeabi_cdrcmple              
000023a9  button_init                   
000023dd  button_getButton              
00002429  __aeabi_memclr                
00002429  __aeabi_memclr4               
00002429  __aeabi_memclr8               
0000242b  __aeabi_memset                
0000242b  __aeabi_memset4               
0000242b  __aeabi_memset8               
00002431  memset                        
00002511  __TI_decompress_lzss          
00002579  frexp                         
00002579  frexpl                        
00002633  __TI_ltoa                     
000026d9  atoi                          
00002725  __aeabi_d2iz                  
0000276d  __TI_auto_init_nobinit_nopinit
000027b1  vsnprintf                     
00002831  IntRegister                   
00002865  _c_int00_noargs               
000028c9  __aeabi_i2d                   
000028f7  __TI_zero_init_nomemset       
00002913  memccpy                       
0000292f  copysign                      
0000292f  copysignl                     
00002961  strcmp                        
00002979  strchr                        
0000298f  strcpy                        
000029a3  strlen                        
000029b7  wcslen                        
000029c9  lcd_clear                     
000029d9  __TI_decompress_none          
000029e7  ResetISR                      
000029f5  __aeabi_errno_addr            
000029fd  main                          
00002a05  _system_pre_init              
00002a09  C$$EXIT                       
00002a09  abort                         
00002a0c  _ctypes_                      
00002b18  __TI_Handler_Table_Base       
00002b24  __TI_Handler_Table_Limit      
00002b40  __TI_CINIT_Base               
00002b58  __TI_CINIT_Limit              
20000000  __start___llvm_prf_cnts       
20000000  __stop___llvm_prf_cnts        
20000000  g_pfnRAMVectors               
20000270  __stack                       
20000470  __STACK_TOP                   
20002270  __STACK_END                   
20002270  _sys_memory                   
200032c4  _timeout_ticks                
200032c8  pulse_width                   
200032cc  errno                         
200032d0  _running                      
ffffffff  __TI_pprof_out_hndl           
ffffffff  __TI_prof_data_size           
ffffffff  __TI_prof_data_start          
ffffffff  __binit__                     
ffffffff  __c_args__                    
ffffffff  binit                         
UNDEFED   __mpu_init                    
UNDEFED   _system_post_cinit            

[105 symbols]
