<?xml version="1.0" encoding="ISO-8859-1" ?>
<link_info>
   <banner>TI ARM Linker PC v20.2.7.LTS</banner>
   <copyright>Copyright (c) 1996-2018 Texas Instruments Incorporated</copyright>
   <link_time>0x68f7d941</link_time>
   <link_errors>0x0</link_errors>
   <output_file>lab_7.out</output_file>
   <entry_point>
      <name>_c_int00_noargs</name>
      <address>0x86dd</address>
   </entry_point>
   <input_file_list>
      <input_file id="fl-2">
         <path>.\</path>
         <kind>object</kind>
         <file>Timer.obj</file>
         <name>Timer.obj</name>
      </input_file>
      <input_file id="fl-3">
         <path>.\</path>
         <kind>object</kind>
         <file>lcd.obj</file>
         <name>lcd.obj</name>
      </input_file>
      <input_file id="fl-4">
         <path>.\</path>
         <kind>object</kind>
         <file>main.obj</file>
         <name>main.obj</name>
      </input_file>
      <input_file id="fl-5">
         <path>.\</path>
         <kind>object</kind>
         <file>movement.obj</file>
         <name>movement.obj</name>
      </input_file>
      <input_file id="fl-6">
         <path>.\</path>
         <kind>object</kind>
         <file>music.obj</file>
         <name>music.obj</name>
      </input_file>
      <input_file id="fl-7">
         <path>.\</path>
         <kind>object</kind>
         <file>open_interface.obj</file>
         <name>open_interface.obj</name>
      </input_file>
      <input_file id="fl-8">
         <path>.\</path>
         <kind>object</kind>
         <file>scan.obj</file>
         <name>scan.obj</name>
      </input_file>
      <input_file id="fl-9">
         <path>.\</path>
         <kind>object</kind>
         <file>tm4c123gh6pm_startup_ccs.obj</file>
         <name>tm4c123gh6pm_startup_ccs.obj</name>
      </input_file>
      <input_file id="fl-a">
         <path>.\</path>
         <kind>object</kind>
         <file>uart.obj</file>
         <name>uart.obj</name>
      </input_file>
      <input_file id="fl-b">
         <path>.\</path>
         <kind>object</kind>
         <file>util.obj</file>
         <name>util.obj</name>
      </input_file>
      <input_file id="fl-11">
         <kind>object</kind>
         <file>&lt;internal&gt;</file>
         <name>&lt;internal&gt;</name>
      </input_file>
      <input_file id="fl-12">
         <path>..\</path>
         <kind>archive</kind>
         <file>libcybotScan.lib</file>
         <name>cyBot_Scan.obj</name>
      </input_file>
      <input_file id="fl-13">
         <path>..\</path>
         <kind>archive</kind>
         <file>libcybotScan.lib</file>
         <name>ir.obj</name>
      </input_file>
      <input_file id="fl-14">
         <path>..\</path>
         <kind>archive</kind>
         <file>libcybotScan.lib</file>
         <name>ping.obj</name>
      </input_file>
      <input_file id="fl-15">
         <path>..\</path>
         <kind>archive</kind>
         <file>libcybotScan.lib</file>
         <name>servo.obj</name>
      </input_file>
      <input_file id="fl-cb">
         <path>C:\ti\ccs1271\ccs\tools\compiler\ti-cgt-arm_20.2.7.LTS\lib\</path>
         <kind>archive</kind>
         <file>rtsv7M4_T_le_v4SPD16_eabi.lib</file>
         <name>e_atan2f.c.obj</name>
      </input_file>
      <input_file id="fl-cc">
         <path>C:\ti\ccs1271\ccs\tools\compiler\ti-cgt-arm_20.2.7.LTS\lib\</path>
         <kind>archive</kind>
         <file>rtsv7M4_T_le_v4SPD16_eabi.lib</file>
         <name>s_atanf.c.obj</name>
      </input_file>
      <input_file id="fl-cd">
         <path>C:\ti\ccs1271\ccs\tools\compiler\ti-cgt-arm_20.2.7.LTS\lib\</path>
         <kind>archive</kind>
         <file>rtsv7M4_T_le_v4SPD16_eabi.lib</file>
         <name>s_cosf.c.obj</name>
      </input_file>
      <input_file id="fl-ce">
         <path>C:\ti\ccs1271\ccs\tools\compiler\ti-cgt-arm_20.2.7.LTS\lib\</path>
         <kind>archive</kind>
         <file>rtsv7M4_T_le_v4SPD16_eabi.lib</file>
         <name>s_sinf.c.obj</name>
      </input_file>
      <input_file id="fl-cf">
         <path>C:\ti\ccs1271\ccs\tools\compiler\ti-cgt-arm_20.2.7.LTS\lib\</path>
         <kind>archive</kind>
         <file>rtsv7M4_T_le_v4SPD16_eabi.lib</file>
         <name>e_asin.c.obj</name>
      </input_file>
      <input_file id="fl-d0">
         <path>C:\ti\ccs1271\ccs\tools\compiler\ti-cgt-arm_20.2.7.LTS\lib\</path>
         <kind>archive</kind>
         <file>rtsv7M4_T_le_v4SPD16_eabi.lib</file>
         <name>e_pow.c.obj</name>
      </input_file>
      <input_file id="fl-d1">
         <path>C:\ti\ccs1271\ccs\tools\compiler\ti-cgt-arm_20.2.7.LTS\lib\</path>
         <kind>archive</kind>
         <file>rtsv7M4_T_le_v4SPD16_eabi.lib</file>
         <name>e_sqrt.c.obj</name>
      </input_file>
      <input_file id="fl-d2">
         <path>C:\ti\ccs1271\ccs\tools\compiler\ti-cgt-arm_20.2.7.LTS\lib\</path>
         <kind>archive</kind>
         <file>rtsv7M4_T_le_v4SPD16_eabi.lib</file>
         <name>s_cos.c.obj</name>
      </input_file>
      <input_file id="fl-d3">
         <path>C:\ti\ccs1271\ccs\tools\compiler\ti-cgt-arm_20.2.7.LTS\lib\</path>
         <kind>archive</kind>
         <file>rtsv7M4_T_le_v4SPD16_eabi.lib</file>
         <name>s_scalbn.c.obj</name>
      </input_file>
      <input_file id="fl-d4">
         <path>C:\ti\ccs1271\ccs\tools\compiler\ti-cgt-arm_20.2.7.LTS\lib\</path>
         <kind>archive</kind>
         <file>rtsv7M4_T_le_v4SPD16_eabi.lib</file>
         <name>s_sin.c.obj</name>
      </input_file>
      <input_file id="fl-d5">
         <path>C:\ti\ccs1271\ccs\tools\compiler\ti-cgt-arm_20.2.7.LTS\lib\</path>
         <kind>archive</kind>
         <file>rtsv7M4_T_le_v4SPD16_eabi.lib</file>
         <name>sprintf.c.obj</name>
      </input_file>
      <input_file id="fl-d6">
         <path>C:\ti\ccs1271\ccs\tools\compiler\ti-cgt-arm_20.2.7.LTS\lib\</path>
         <kind>archive</kind>
         <file>rtsv7M4_T_le_v4SPD16_eabi.lib</file>
         <name>vsnprintf.c.obj</name>
      </input_file>
      <input_file id="fl-d7">
         <path>C:\ti\ccs1271\ccs\tools\compiler\ti-cgt-arm_20.2.7.LTS\lib\</path>
         <kind>archive</kind>
         <file>rtsv7M4_T_le_v4SPD16_eabi.lib</file>
         <name>fd_add_t2.asm.obj</name>
      </input_file>
      <input_file id="fl-d8">
         <path>C:\ti\ccs1271\ccs\tools\compiler\ti-cgt-arm_20.2.7.LTS\lib\</path>
         <kind>archive</kind>
         <file>rtsv7M4_T_le_v4SPD16_eabi.lib</file>
         <name>fd_cmp_t2.asm.obj</name>
      </input_file>
      <input_file id="fl-d9">
         <path>C:\ti\ccs1271\ccs\tools\compiler\ti-cgt-arm_20.2.7.LTS\lib\</path>
         <kind>archive</kind>
         <file>rtsv7M4_T_le_v4SPD16_eabi.lib</file>
         <name>fd_div_t2.asm.obj</name>
      </input_file>
      <input_file id="fl-da">
         <path>C:\ti\ccs1271\ccs\tools\compiler\ti-cgt-arm_20.2.7.LTS\lib\</path>
         <kind>archive</kind>
         <file>rtsv7M4_T_le_v4SPD16_eabi.lib</file>
         <name>fd_mul_t2.asm.obj</name>
      </input_file>
      <input_file id="fl-db">
         <path>C:\ti\ccs1271\ccs\tools\compiler\ti-cgt-arm_20.2.7.LTS\lib\</path>
         <kind>archive</kind>
         <file>rtsv7M4_T_le_v4SPD16_eabi.lib</file>
         <name>fd_toi_t2.asm.obj</name>
      </input_file>
      <input_file id="fl-dc">
         <path>C:\ti\ccs1271\ccs\tools\compiler\ti-cgt-arm_20.2.7.LTS\lib\</path>
         <kind>archive</kind>
         <file>rtsv7M4_T_le_v4SPD16_eabi.lib</file>
         <name>fd_tos_t2.asm.obj</name>
      </input_file>
      <input_file id="fl-dd">
         <path>C:\ti\ccs1271\ccs\tools\compiler\ti-cgt-arm_20.2.7.LTS\lib\</path>
         <kind>archive</kind>
         <file>rtsv7M4_T_le_v4SPD16_eabi.lib</file>
         <name>fs_tod_t2.asm.obj</name>
      </input_file>
      <input_file id="fl-de">
         <path>C:\ti\ccs1271\ccs\tools\compiler\ti-cgt-arm_20.2.7.LTS\lib\</path>
         <kind>archive</kind>
         <file>rtsv7M4_T_le_v4SPD16_eabi.lib</file>
         <name>i_tofd_t2.asm.obj</name>
      </input_file>
      <input_file id="fl-df">
         <path>C:\ti\ccs1271\ccs\tools\compiler\ti-cgt-arm_20.2.7.LTS\lib\</path>
         <kind>archive</kind>
         <file>rtsv7M4_T_le_v4SPD16_eabi.lib</file>
         <name>memcpy_t2.asm.obj</name>
      </input_file>
      <input_file id="fl-e0">
         <path>C:\ti\ccs1271\ccs\tools\compiler\ti-cgt-arm_20.2.7.LTS\lib\</path>
         <kind>archive</kind>
         <file>rtsv7M4_T_le_v4SPD16_eabi.lib</file>
         <name>copy_zero_init.c.obj</name>
      </input_file>
      <input_file id="fl-e1">
         <path>C:\ti\ccs1271\ccs\tools\compiler\ti-cgt-arm_20.2.7.LTS\lib\</path>
         <kind>archive</kind>
         <file>rtsv7M4_T_le_v4SPD16_eabi.lib</file>
         <name>copy_decompress_none.c.obj</name>
      </input_file>
      <input_file id="fl-e2">
         <path>C:\ti\ccs1271\ccs\tools\compiler\ti-cgt-arm_20.2.7.LTS\lib\</path>
         <kind>archive</kind>
         <file>rtsv7M4_T_le_v4SPD16_eabi.lib</file>
         <name>copy_decompress_lzss.c.obj</name>
      </input_file>
      <input_file id="fl-e3">
         <path>C:\ti\ccs1271\ccs\tools\compiler\ti-cgt-arm_20.2.7.LTS\lib\</path>
         <kind>archive</kind>
         <file>rtsv7M4_T_le_v4SPD16_eabi.lib</file>
         <name>memory.c.obj</name>
      </input_file>
      <input_file id="fl-e4">
         <path>C:\ti\ccs1271\ccs\tools\compiler\ti-cgt-arm_20.2.7.LTS\lib\</path>
         <kind>archive</kind>
         <file>rtsv7M4_T_le_v4SPD16_eabi.lib</file>
         <name>strcmp.c.obj</name>
      </input_file>
      <input_file id="fl-e5">
         <path>C:\ti\ccs1271\ccs\tools\compiler\ti-cgt-arm_20.2.7.LTS\lib\</path>
         <kind>archive</kind>
         <file>rtsv7M4_T_le_v4SPD16_eabi.lib</file>
         <name>strcpy.c.obj</name>
      </input_file>
      <input_file id="fl-e6">
         <path>C:\ti\ccs1271\ccs\tools\compiler\ti-cgt-arm_20.2.7.LTS\lib\</path>
         <kind>archive</kind>
         <file>rtsv7M4_T_le_v4SPD16_eabi.lib</file>
         <name>k_rem_pio2.c.obj</name>
      </input_file>
      <input_file id="fl-e7">
         <path>C:\ti\ccs1271\ccs\tools\compiler\ti-cgt-arm_20.2.7.LTS\lib\</path>
         <kind>archive</kind>
         <file>rtsv7M4_T_le_v4SPD16_eabi.lib</file>
         <name>boot_cortex_m.c.obj</name>
      </input_file>
      <input_file id="fl-e8">
         <path>C:\ti\ccs1271\ccs\tools\compiler\ti-cgt-arm_20.2.7.LTS\lib\</path>
         <kind>archive</kind>
         <file>rtsv7M4_T_le_v4SPD16_eabi.lib</file>
         <name>errno.c.obj</name>
      </input_file>
      <input_file id="fl-e9">
         <path>C:\ti\ccs1271\ccs\tools\compiler\ti-cgt-arm_20.2.7.LTS\lib\</path>
         <kind>archive</kind>
         <file>rtsv7M4_T_le_v4SPD16_eabi.lib</file>
         <name>s_copysign.c.obj</name>
      </input_file>
      <input_file id="fl-ea">
         <path>C:\ti\ccs1271\ccs\tools\compiler\ti-cgt-arm_20.2.7.LTS\lib\</path>
         <kind>archive</kind>
         <file>rtsv7M4_T_le_v4SPD16_eabi.lib</file>
         <name>k_cos.c.obj</name>
      </input_file>
      <input_file id="fl-eb">
         <path>C:\ti\ccs1271\ccs\tools\compiler\ti-cgt-arm_20.2.7.LTS\lib\</path>
         <kind>archive</kind>
         <file>rtsv7M4_T_le_v4SPD16_eabi.lib</file>
         <name>k_sin.c.obj</name>
      </input_file>
      <input_file id="fl-ec">
         <path>C:\ti\ccs1271\ccs\tools\compiler\ti-cgt-arm_20.2.7.LTS\lib\</path>
         <kind>archive</kind>
         <file>rtsv7M4_T_le_v4SPD16_eabi.lib</file>
         <name>s_floor.c.obj</name>
      </input_file>
      <input_file id="fl-ed">
         <path>C:\ti\ccs1271\ccs\tools\compiler\ti-cgt-arm_20.2.7.LTS\lib\</path>
         <kind>archive</kind>
         <file>rtsv7M4_T_le_v4SPD16_eabi.lib</file>
         <name>_printfi.c.obj</name>
      </input_file>
      <input_file id="fl-ee">
         <path>C:\ti\ccs1271\ccs\tools\compiler\ti-cgt-arm_20.2.7.LTS\lib\</path>
         <kind>archive</kind>
         <file>rtsv7M4_T_le_v4SPD16_eabi.lib</file>
         <name>memset_t2.asm.obj</name>
      </input_file>
      <input_file id="fl-ef">
         <path>C:\ti\ccs1271\ccs\tools\compiler\ti-cgt-arm_20.2.7.LTS\lib\</path>
         <kind>archive</kind>
         <file>rtsv7M4_T_le_v4SPD16_eabi.lib</file>
         <name>ull_div_t2.asm.obj</name>
      </input_file>
      <input_file id="fl-f0">
         <path>C:\ti\ccs1271\ccs\tools\compiler\ti-cgt-arm_20.2.7.LTS\lib\</path>
         <kind>archive</kind>
         <file>rtsv7M4_T_le_v4SPD16_eabi.lib</file>
         <name>autoinit.c.obj</name>
      </input_file>
      <input_file id="fl-f1">
         <path>C:\ti\ccs1271\ccs\tools\compiler\ti-cgt-arm_20.2.7.LTS\lib\</path>
         <kind>archive</kind>
         <file>rtsv7M4_T_le_v4SPD16_eabi.lib</file>
         <name>pre_init.c.obj</name>
      </input_file>
      <input_file id="fl-f2">
         <path>C:\ti\ccs1271\ccs\tools\compiler\ti-cgt-arm_20.2.7.LTS\lib\</path>
         <kind>archive</kind>
         <file>rtsv7M4_T_le_v4SPD16_eabi.lib</file>
         <name>cpy_tbl.c.obj</name>
      </input_file>
      <input_file id="fl-f3">
         <path>C:\ti\ccs1271\ccs\tools\compiler\ti-cgt-arm_20.2.7.LTS\lib\</path>
         <kind>archive</kind>
         <file>rtsv7M4_T_le_v4SPD16_eabi.lib</file>
         <name>exit.c.obj</name>
      </input_file>
      <input_file id="fl-f4">
         <path>C:\ti\ccs1271\ccs\tools\compiler\ti-cgt-arm_20.2.7.LTS\lib\</path>
         <kind>archive</kind>
         <file>rtsv7M4_T_le_v4SPD16_eabi.lib</file>
         <name>_lock.c.obj</name>
      </input_file>
      <input_file id="fl-f5">
         <path>C:\ti\ccs1271\ccs\tools\compiler\ti-cgt-arm_20.2.7.LTS\lib\</path>
         <kind>archive</kind>
         <file>rtsv7M4_T_le_v4SPD16_eabi.lib</file>
         <name>_ltoa.c.obj</name>
      </input_file>
      <input_file id="fl-f6">
         <path>C:\ti\ccs1271\ccs\tools\compiler\ti-cgt-arm_20.2.7.LTS\lib\</path>
         <kind>archive</kind>
         <file>rtsv7M4_T_le_v4SPD16_eabi.lib</file>
         <name>args_main.c.obj</name>
      </input_file>
      <input_file id="fl-f7">
         <path>C:\ti\ccs1271\ccs\tools\compiler\ti-cgt-arm_20.2.7.LTS\lib\</path>
         <kind>archive</kind>
         <file>rtsv7M4_T_le_v4SPD16_eabi.lib</file>
         <name>atoi.c.obj</name>
      </input_file>
      <input_file id="fl-f8">
         <path>C:\ti\ccs1271\ccs\tools\compiler\ti-cgt-arm_20.2.7.LTS\lib\</path>
         <kind>archive</kind>
         <file>rtsv7M4_T_le_v4SPD16_eabi.lib</file>
         <name>ctype.c.obj</name>
      </input_file>
      <input_file id="fl-f9">
         <path>C:\ti\ccs1271\ccs\tools\compiler\ti-cgt-arm_20.2.7.LTS\lib\</path>
         <kind>archive</kind>
         <file>rtsv7M4_T_le_v4SPD16_eabi.lib</file>
         <name>memccpy.c.obj</name>
      </input_file>
      <input_file id="fl-fa">
         <path>C:\ti\ccs1271\ccs\tools\compiler\ti-cgt-arm_20.2.7.LTS\lib\</path>
         <kind>archive</kind>
         <file>rtsv7M4_T_le_v4SPD16_eabi.lib</file>
         <name>strchr.c.obj</name>
      </input_file>
      <input_file id="fl-fb">
         <path>C:\ti\ccs1271\ccs\tools\compiler\ti-cgt-arm_20.2.7.LTS\lib\</path>
         <kind>archive</kind>
         <file>rtsv7M4_T_le_v4SPD16_eabi.lib</file>
         <name>strlen.c.obj</name>
      </input_file>
      <input_file id="fl-fc">
         <path>C:\ti\ccs1271\ccs\tools\compiler\ti-cgt-arm_20.2.7.LTS\lib\</path>
         <kind>archive</kind>
         <file>rtsv7M4_T_le_v4SPD16_eabi.lib</file>
         <name>wcslen.c.obj</name>
      </input_file>
      <input_file id="fl-fd">
         <path>C:\ti\ccs1271\ccs\tools\compiler\ti-cgt-arm_20.2.7.LTS\lib\</path>
         <kind>archive</kind>
         <file>rtsv7M4_T_le_v4SPD16_eabi.lib</file>
         <name>s_frexp.c.obj</name>
      </input_file>
      <input_file id="fl-fe">
         <path>C:\ti\ccs1271\ccs\tools\compiler\ti-cgt-arm_20.2.7.LTS\lib\</path>
         <kind>archive</kind>
         <file>rtsv7M4_T_le_v4SPD16_eabi.lib</file>
         <name>div0.asm.obj</name>
      </input_file>
      <input_file id="fl-ff">
         <path>C:\ti\TivaWare_C_Series-2.2.0.295\driverlib\ccs\Debug\</path>
         <kind>archive</kind>
         <file>driverlib.lib</file>
         <name>interrupt.obj</name>
      </input_file>
      <input_file id="fl-100">
         <path>C:\ti\TivaWare_C_Series-2.2.0.295\driverlib\ccs\Debug\</path>
         <kind>archive</kind>
         <file>driverlib.lib</file>
         <name>cpu.obj</name>
      </input_file>
   </input_file_list>
   <object_component_list>
      <object_component id="oc-12">
         <name>.intvecs</name>
         <load_address>0x0</load_address>
         <run_address>0x0</run_address>
         <size>0x26c</size>
         <input_file_ref idref="fl-9"/>
      </object_component>
      <object_component id="oc-f5">
         <name>.text</name>
         <load_address>0x26c</load_address>
         <run_address>0x26c</run_address>
         <size>0x144c</size>
         <input_file_ref idref="fl-8"/>
      </object_component>
      <object_component id="oc-d7">
         <name>.text</name>
         <load_address>0x16b8</load_address>
         <run_address>0x16b8</run_address>
         <size>0xc20</size>
         <input_file_ref idref="fl-7"/>
      </object_component>
      <object_component id="oc-247">
         <name>.text:__TI_printfi</name>
         <load_address>0x22d8</load_address>
         <run_address>0x22d8</run_address>
         <size>0xa4e</size>
         <input_file_ref idref="fl-ed"/>
      </object_component>
      <object_component id="oc-39a">
         <name>.text:_nop</name>
         <load_address>0x2d26</load_address>
         <run_address>0x2d26</run_address>
         <size>0x2</size>
         <input_file_ref idref="fl-f4"/>
      </object_component>
      <object_component id="oc-202">
         <name>.text:pow</name>
         <load_address>0x2d28</load_address>
         <run_address>0x2d28</run_address>
         <size>0x9d0</size>
         <input_file_ref idref="fl-d0"/>
      </object_component>
      <object_component id="oc-33a">
         <name>.text:__kernel_rem_pio2</name>
         <load_address>0x36f8</load_address>
         <run_address>0x36f8</run_address>
         <size>0x738</size>
         <input_file_ref idref="fl-e6"/>
      </object_component>
      <object_component id="oc-10c">
         <name>.text</name>
         <load_address>0x3e30</load_address>
         <run_address>0x3e30</run_address>
         <size>0x5f8</size>
         <input_file_ref idref="fl-5"/>
      </object_component>
      <object_component id="oc-234">
         <name>.text:sin</name>
         <load_address>0x4428</load_address>
         <run_address>0x4428</run_address>
         <size>0x5e0</size>
         <input_file_ref idref="fl-d4"/>
      </object_component>
      <object_component id="oc-22e">
         <name>.text:cos</name>
         <load_address>0x4a08</load_address>
         <run_address>0x4a08</run_address>
         <size>0x5dc</size>
         <input_file_ref idref="fl-d2"/>
      </object_component>
      <object_component id="oc-a2">
         <name>.text</name>
         <load_address>0x4fe4</load_address>
         <run_address>0x4fe4</run_address>
         <size>0x46c</size>
         <input_file_ref idref="fl-4"/>
      </object_component>
      <object_component id="oc-23a">
         <name>.text:asin</name>
         <load_address>0x5450</load_address>
         <run_address>0x5450</run_address>
         <size>0x3d4</size>
         <input_file_ref idref="fl-cf"/>
      </object_component>
      <object_component id="oc-e3">
         <name>.text</name>
         <load_address>0x5824</load_address>
         <run_address>0x5824</run_address>
         <size>0x328</size>
         <input_file_ref idref="fl-3"/>
      </object_component>
      <object_component id="oc-370">
         <name>.text:_pconv_a</name>
         <load_address>0x5b4c</load_address>
         <run_address>0x5b4c</run_address>
         <size>0x270</size>
         <input_file_ref idref="fl-ed"/>
      </object_component>
      <object_component id="oc-ef">
         <name>.text</name>
         <load_address>0x5dbc</load_address>
         <run_address>0x5dbc</run_address>
         <size>0x260</size>
         <input_file_ref idref="fl-12"/>
      </object_component>
      <object_component id="oc-dd">
         <name>.text</name>
         <load_address>0x601c</load_address>
         <run_address>0x601c</run_address>
         <size>0x248</size>
         <input_file_ref idref="fl-2"/>
      </object_component>
      <object_component id="oc-1ed">
         <name>.text</name>
         <load_address>0x6264</load_address>
         <run_address>0x6264</run_address>
         <size>0x1ec</size>
         <input_file_ref idref="fl-14"/>
      </object_component>
      <object_component id="oc-e9">
         <name>.text</name>
         <load_address>0x6450</load_address>
         <run_address>0x6450</run_address>
         <size>0x1dc</size>
         <input_file_ref idref="fl-a"/>
      </object_component>
      <object_component id="oc-35e">
         <name>.text:_pconv_g</name>
         <load_address>0x662c</load_address>
         <run_address>0x662c</run_address>
         <size>0x1d0</size>
         <input_file_ref idref="fl-ed"/>
      </object_component>
      <object_component id="oc-112">
         <name>.text</name>
         <load_address>0x67fc</load_address>
         <run_address>0x67fc</run_address>
         <size>0x1b6</size>
         <input_file_ref idref="fl-d7"/>
      </object_component>
      <object_component id="oc-49d">
         <name>.text</name>
         <load_address>0x69b2</load_address>
         <run_address>0x69b2</run_address>
         <size>0x2</size>
         <input_file_ref idref="fl-fe"/>
      </object_component>
      <object_component id="oc-340">
         <name>.text:__kernel_sin</name>
         <load_address>0x69b4</load_address>
         <run_address>0x69b4</run_address>
         <size>0x174</size>
         <input_file_ref idref="fl-eb"/>
      </object_component>
      <object_component id="oc-334">
         <name>.text:__kernel_cos</name>
         <load_address>0x6b28</load_address>
         <run_address>0x6b28</run_address>
         <size>0x170</size>
         <input_file_ref idref="fl-ea"/>
      </object_component>
      <object_component id="oc-216">
         <name>.text:atan2f</name>
         <load_address>0x6c98</load_address>
         <run_address>0x6c98</run_address>
         <size>0x158</size>
         <input_file_ref idref="fl-cb"/>
      </object_component>
      <object_component id="oc-1e7">
         <name>.text</name>
         <load_address>0x6df0</load_address>
         <run_address>0x6df0</run_address>
         <size>0x158</size>
         <input_file_ref idref="fl-15"/>
      </object_component>
      <object_component id="oc-208">
         <name>.text:sqrt</name>
         <load_address>0x6f48</load_address>
         <run_address>0x6f48</run_address>
         <size>0x158</size>
         <input_file_ref idref="fl-d1"/>
      </object_component>
      <object_component id="oc-324">
         <name>.text:atanf</name>
         <load_address>0x70a0</load_address>
         <run_address>0x70a0</run_address>
         <size>0x150</size>
         <input_file_ref idref="fl-cc"/>
      </object_component>
      <object_component id="oc-36a">
         <name>.text:_pconv_e</name>
         <load_address>0x71f0</load_address>
         <run_address>0x71f0</run_address>
         <size>0x13c</size>
         <input_file_ref idref="fl-ed"/>
      </object_component>
      <object_component id="oc-1ab">
         <name>.text</name>
         <load_address>0x732c</load_address>
         <run_address>0x732c</run_address>
         <size>0x136</size>
         <input_file_ref idref="fl-d9"/>
      </object_component>
      <object_component id="oc-439">
         <name>.text:fcvt</name>
         <load_address>0x7464</load_address>
         <run_address>0x7464</run_address>
         <size>0x124</size>
         <input_file_ref idref="fl-ed"/>
      </object_component>
      <object_component id="oc-1f3">
         <name>.text</name>
         <load_address>0x7588</load_address>
         <run_address>0x7588</run_address>
         <size>0x118</size>
         <input_file_ref idref="fl-13"/>
      </object_component>
      <object_component id="oc-311">
         <name>.text:scalbn</name>
         <load_address>0x76a0</load_address>
         <run_address>0x76a0</run_address>
         <size>0x110</size>
         <input_file_ref idref="fl-d3"/>
      </object_component>
      <object_component id="oc-3b9">
         <name>.text:aligned_alloc</name>
         <load_address>0x77b0</load_address>
         <run_address>0x77b0</run_address>
         <size>0x100</size>
         <input_file_ref idref="fl-e3"/>
      </object_component>
      <object_component id="oc-1a6">
         <name>.text</name>
         <load_address>0x78b0</load_address>
         <run_address>0x78b0</run_address>
         <size>0xfc</size>
         <input_file_ref idref="fl-da"/>
      </object_component>
      <object_component id="oc-405">
         <name>.text:floor</name>
         <load_address>0x79ac</load_address>
         <run_address>0x79ac</run_address>
         <size>0xf8</size>
         <input_file_ref idref="fl-ec"/>
      </object_component>
      <object_component id="oc-184">
         <name>.text:free</name>
         <load_address>0x7aa4</load_address>
         <run_address>0x7aa4</run_address>
         <size>0xe4</size>
         <input_file_ref idref="fl-e3"/>
      </object_component>
      <object_component id="oc-21c">
         <name>.text:cosf</name>
         <load_address>0x7b88</load_address>
         <run_address>0x7b88</run_address>
         <size>0xb4</size>
         <input_file_ref idref="fl-cd"/>
      </object_component>
      <object_component id="oc-358">
         <name>.text:_ltostr</name>
         <load_address>0x7c3c</load_address>
         <run_address>0x7c3c</run_address>
         <size>0xb1</size>
         <input_file_ref idref="fl-ed"/>
      </object_component>
      <object_component id="oc-106">
         <name>.text</name>
         <load_address>0x7cee</load_address>
         <run_address>0x7cee</run_address>
         <size>0xac</size>
         <input_file_ref idref="fl-6"/>
      </object_component>
      <object_component id="oc-222">
         <name>.text:sinf</name>
         <load_address>0x7d9c</load_address>
         <run_address>0x7d9c</run_address>
         <size>0xa4</size>
         <input_file_ref idref="fl-ce"/>
      </object_component>
      <object_component id="oc-3e">
         <name>.text</name>
         <load_address>0x7e40</load_address>
         <run_address>0x7e40</run_address>
         <size>0x9c</size>
         <input_file_ref idref="fl-df"/>
      </object_component>
      <object_component id="oc-420">
         <name>.text</name>
         <load_address>0x7edc</load_address>
         <run_address>0x7edc</run_address>
         <size>0x96</size>
         <input_file_ref idref="fl-ef"/>
      </object_component>
      <object_component id="oc-228">
         <name>.text</name>
         <load_address>0x7f74</load_address>
         <run_address>0x7f74</run_address>
         <size>0x90</size>
         <input_file_ref idref="fl-b"/>
      </object_component>
      <object_component id="oc-25d">
         <name>.text:__aeabi_cdcmple</name>
         <load_address>0x8004</load_address>
         <run_address>0x8004</run_address>
         <size>0x86</size>
         <input_file_ref idref="fl-d8"/>
      </object_component>
      <object_component id="oc-262">
         <name>.text:__aeabi_cdrcmple</name>
         <load_address>0x808a</load_address>
         <run_address>0x808a</run_address>
         <size>0x86</size>
         <input_file_ref idref="fl-d8"/>
      </object_component>
      <object_component id="oc-96">
         <name>.text</name>
         <load_address>0x8110</load_address>
         <run_address>0x8110</run_address>
         <size>0x7a</size>
         <input_file_ref idref="fl-ee"/>
      </object_component>
      <object_component id="oc-478">
         <name>.text:split</name>
         <load_address>0x818c</load_address>
         <run_address>0x818c</run_address>
         <size>0x70</size>
         <input_file_ref idref="fl-e3"/>
      </object_component>
      <object_component id="oc-432">
         <name>.text:_mcpy</name>
         <load_address>0x81fc</load_address>
         <run_address>0x81fc</run_address>
         <size>0x6e</size>
         <input_file_ref idref="fl-ed"/>
      </object_component>
      <object_component id="oc-117">
         <name>.text</name>
         <load_address>0x826a</load_address>
         <run_address>0x826a</run_address>
         <size>0x6e</size>
         <input_file_ref idref="fl-dc"/>
      </object_component>
      <object_component id="oc-15">
         <name>.text:decompress:lzss:__TI_decompress_lzss</name>
         <load_address>0x82d8</load_address>
         <run_address>0x82d8</run_address>
         <size>0x68</size>
         <input_file_ref idref="fl-e2"/>
      </object_component>
      <object_component id="oc-447">
         <name>.text:frexp</name>
         <load_address>0x8340</load_address>
         <run_address>0x8340</run_address>
         <size>0x64</size>
         <input_file_ref idref="fl-fd"/>
      </object_component>
      <object_component id="oc-364">
         <name>.text:_pconv_f</name>
         <load_address>0x83a4</load_address>
         <run_address>0x83a4</run_address>
         <size>0x56</size>
         <input_file_ref idref="fl-ed"/>
      </object_component>
      <object_component id="oc-426">
         <name>.text:__TI_ltoa</name>
         <load_address>0x83fa</load_address>
         <run_address>0x83fa</run_address>
         <size>0x54</size>
         <input_file_ref idref="fl-f5"/>
      </object_component>
      <object_component id="oc-42c">
         <name>.text:_ecpy</name>
         <load_address>0x844e</load_address>
         <run_address>0x844e</run_address>
         <size>0x52</size>
         <input_file_ref idref="fl-ed"/>
      </object_component>
      <object_component id="oc-352">
         <name>.text:atoi</name>
         <load_address>0x84a0</load_address>
         <run_address>0x84a0</run_address>
         <size>0x4c</size>
         <input_file_ref idref="fl-f7"/>
      </object_component>
      <object_component id="oc-211">
         <name>.text</name>
         <load_address>0x84ec</load_address>
         <run_address>0x84ec</run_address>
         <size>0x48</size>
         <input_file_ref idref="fl-db"/>
      </object_component>
      <object_component id="oc-14a">
         <name>.text:__TI_auto_init_nobinit_nopinit:__TI_auto_init_nobinit_nopinit</name>
         <load_address>0x8534</load_address>
         <run_address>0x8534</run_address>
         <size>0x44</size>
         <input_file_ref idref="fl-f0"/>
      </object_component>
      <object_component id="oc-100">
         <name>.text:sprintf</name>
         <load_address>0x8578</load_address>
         <run_address>0x8578</run_address>
         <size>0x40</size>
         <input_file_ref idref="fl-d5"/>
      </object_component>
      <object_component id="oc-1cc">
         <name>.text:vsnprintf</name>
         <load_address>0x85b8</load_address>
         <run_address>0x85b8</run_address>
         <size>0x40</size>
         <input_file_ref idref="fl-d6"/>
      </object_component>
      <object_component id="oc-43f">
         <name>.text:_fcpy</name>
         <load_address>0x85f8</load_address>
         <run_address>0x85f8</run_address>
         <size>0x3e</size>
         <input_file_ref idref="fl-ed"/>
      </object_component>
      <object_component id="oc-17e">
         <name>.text:calloc</name>
         <load_address>0x8638</load_address>
         <run_address>0x8638</run_address>
         <size>0x38</size>
         <input_file_ref idref="fl-e3"/>
      </object_component>
      <object_component id="oc-fb">
         <name>.text</name>
         <load_address>0x8670</load_address>
         <run_address>0x8670</run_address>
         <size>0x38</size>
         <input_file_ref idref="fl-dd"/>
      </object_component>
      <object_component id="oc-197">
         <name>.text:IntRegister</name>
         <load_address>0x86a8</load_address>
         <run_address>0x86a8</run_address>
         <size>0x34</size>
         <input_file_ref idref="fl-ff"/>
      </object_component>
      <object_component id="oc-5c">
         <name>.text:_c_int00_noargs:_c_int00_noargs</name>
         <load_address>0x86dc</load_address>
         <run_address>0x86dc</run_address>
         <size>0x34</size>
         <input_file_ref idref="fl-e7"/>
      </object_component>
      <object_component id="oc-2dc">
         <name>.text:_outs</name>
         <load_address>0x8710</load_address>
         <run_address>0x8710</run_address>
         <size>0x30</size>
         <input_file_ref idref="fl-d6"/>
      </object_component>
      <object_component id="oc-1b0">
         <name>.text</name>
         <load_address>0x8740</load_address>
         <run_address>0x8740</run_address>
         <size>0x2e</size>
         <input_file_ref idref="fl-de"/>
      </object_component>
      <object_component id="oc-2b2">
         <name>.text:free_list_insert</name>
         <load_address>0x8770</load_address>
         <run_address>0x8770</run_address>
         <size>0x28</size>
         <input_file_ref idref="fl-e3"/>
      </object_component>
      <object_component id="oc-4a">
         <name>.text:decompress:ZI:__TI_zero_init_nomemset:__TI_zero_init_nomemset</name>
         <load_address>0x8798</load_address>
         <run_address>0x8798</run_address>
         <size>0x1c</size>
         <input_file_ref idref="fl-e0"/>
      </object_component>
      <object_component id="oc-2ac">
         <name>.text:free_list_remove</name>
         <load_address>0x87b4</load_address>
         <run_address>0x87b4</run_address>
         <size>0x1c</size>
         <input_file_ref idref="fl-e3"/>
      </object_component>
      <object_component id="oc-376">
         <name>.text:memccpy</name>
         <load_address>0x87d0</load_address>
         <run_address>0x87d0</run_address>
         <size>0x1c</size>
         <input_file_ref idref="fl-f9"/>
      </object_component>
      <object_component id="oc-3e7">
         <name>.text:copysign</name>
         <load_address>0x87ec</load_address>
         <run_address>0x87ec</run_address>
         <size>0x1a</size>
         <input_file_ref idref="fl-e9"/>
      </object_component>
      <object_component id="oc-2e2">
         <name>.text:_outc</name>
         <load_address>0x8806</load_address>
         <run_address>0x8806</run_address>
         <size>0x18</size>
         <input_file_ref idref="fl-d6"/>
      </object_component>
      <object_component id="oc-24d">
         <name>.text:_outs</name>
         <load_address>0x881e</load_address>
         <run_address>0x881e</run_address>
         <size>0x18</size>
         <input_file_ref idref="fl-d5"/>
      </object_component>
      <object_component id="oc-18a">
         <name>.text:oi_parseInt</name>
         <load_address>0x8836</load_address>
         <run_address>0x8836</run_address>
         <size>0x18</size>
         <input_file_ref idref="fl-7"/>
      </object_component>
      <object_component id="oc-191">
         <name>.text:strcmp</name>
         <load_address>0x884e</load_address>
         <run_address>0x884e</run_address>
         <size>0x18</size>
         <input_file_ref idref="fl-e4"/>
      </object_component>
      <object_component id="oc-44d">
         <name>.text:strchr</name>
         <load_address>0x8866</load_address>
         <run_address>0x8866</run_address>
         <size>0x16</size>
         <input_file_ref idref="fl-fa"/>
      </object_component>
      <object_component id="oc-1d2">
         <name>.text:strcpy</name>
         <load_address>0x887c</load_address>
         <run_address>0x887c</run_address>
         <size>0x14</size>
         <input_file_ref idref="fl-e5"/>
      </object_component>
      <object_component id="oc-34c">
         <name>.text:strlen</name>
         <load_address>0x8890</load_address>
         <run_address>0x8890</run_address>
         <size>0x14</size>
         <input_file_ref idref="fl-fb"/>
      </object_component>
      <object_component id="oc-37c">
         <name>.text:wcslen</name>
         <load_address>0x88a4</load_address>
         <run_address>0x88a4</run_address>
         <size>0x12</size>
         <input_file_ref idref="fl-fc"/>
      </object_component>
      <object_component id="oc-19d">
         <name>.text:IntMasterEnable</name>
         <load_address>0x88b6</load_address>
         <run_address>0x88b6</run_address>
         <size>0x10</size>
         <input_file_ref idref="fl-ff"/>
      </object_component>
      <object_component id="oc-1c5">
         <name>.text:lcd_clear</name>
         <load_address>0x88c6</load_address>
         <run_address>0x88c6</run_address>
         <size>0x10</size>
         <input_file_ref idref="fl-3"/>
      </object_component>
      <object_component id="oc-1b">
         <name>.text:decompress:none:__TI_decompress_none</name>
         <load_address>0x88d6</load_address>
         <run_address>0x88d6</run_address>
         <size>0xe</size>
         <input_file_ref idref="fl-e1"/>
      </object_component>
      <object_component id="oc-2c5">
         <name>.text:CPUcpsie</name>
         <load_address>0x88e4</load_address>
         <run_address>0x88e4</run_address>
         <size>0xc</size>
         <input_file_ref idref="fl-100"/>
      </object_component>
      <object_component id="oc-2a">
         <name>.text</name>
         <load_address>0x88f0</load_address>
         <run_address>0x88f0</run_address>
         <size>0xc</size>
         <input_file_ref idref="fl-9"/>
      </object_component>
      <object_component id="oc-253">
         <name>.text:_outc</name>
         <load_address>0x88fc</load_address>
         <run_address>0x88fc</run_address>
         <size>0xa</size>
         <input_file_ref idref="fl-d5"/>
      </object_component>
      <object_component id="oc-308">
         <name>.text:__aeabi_errno_addr</name>
         <load_address>0x8908</load_address>
         <run_address>0x8908</run_address>
         <size>0x8</size>
         <input_file_ref idref="fl-e8"/>
      </object_component>
      <object_component id="oc-2a5">
         <name>.text:malloc</name>
         <load_address>0x8910</load_address>
         <run_address>0x8910</run_address>
         <size>0x8</size>
         <input_file_ref idref="fl-e3"/>
      </object_component>
      <object_component id="oc-9c">
         <name>.text:_system_pre_init</name>
         <load_address>0x8918</load_address>
         <run_address>0x8918</run_address>
         <size>0x4</size>
         <input_file_ref idref="fl-f1"/>
      </object_component>
      <object_component id="oc-13e">
         <name>.text:abort:abort</name>
         <load_address>0x891c</load_address>
         <run_address>0x891c</run_address>
         <size>0x4</size>
         <input_file_ref idref="fl-f3"/>
      </object_component>
      <object_component id="oc-124">
         <name>.const:$P$T0$1</name>
         <load_address>0x8920</load_address>
         <run_address>0x8920</run_address>
         <size>0x16c</size>
         <input_file_ref idref="fl-4"/>
      </object_component>
      <object_component id="oc-20e">
         <name>.const:$P$T0$1</name>
         <load_address>0x8a8c</load_address>
         <run_address>0x8a8c</run_address>
         <size>0x16c</size>
         <input_file_ref idref="fl-8"/>
      </object_component>
      <object_component id="oc-127">
         <name>.const:$P$T1$2</name>
         <load_address>0x8bf8</load_address>
         <run_address>0x8bf8</run_address>
         <size>0x16c</size>
         <input_file_ref idref="fl-4"/>
      </object_component>
      <object_component id="oc-1d8">
         <name>.const:.string:lineAddress$1</name>
         <load_address>0x8d64</load_address>
         <run_address>0x8d64</run_address>
         <size>0x4</size>
         <input_file_ref idref="fl-3"/>
      </object_component>
      <object_component id="oc-40b">
         <name>.const:$O1$$</name>
         <load_address>0x8d68</load_address>
         <run_address>0x8d68</run_address>
         <size>0x158</size>
         <input_file_ref idref="fl-e6"/>
      </object_component>
      <object_component id="oc-41b">
         <name>.const:.string:_ctypes_</name>
         <load_address>0x8ec0</load_address>
         <run_address>0x8ec0</run_address>
         <size>0x101</size>
         <input_file_ref idref="fl-f8"/>
      </object_component>
      <object_component id="oc-12a">
         <name>.const:$P$T2$3</name>
         <load_address>0x8fc4</load_address>
         <run_address>0x8fc4</run_address>
         <size>0x50</size>
         <input_file_ref idref="fl-4"/>
      </object_component>
      <object_component id="oc-12d">
         <name>.const:$P$T3$4</name>
         <load_address>0x9014</load_address>
         <run_address>0x9014</run_address>
         <size>0x3c</size>
         <input_file_ref idref="fl-4"/>
      </object_component>
      <object_component id="oc-3f8">
         <name>.const:$O1$$</name>
         <load_address>0x9050</load_address>
         <run_address>0x9050</run_address>
         <size>0x34</size>
         <input_file_ref idref="fl-cc"/>
      </object_component>
      <object_component id="oc-1d9">
         <name>.const:.string:lineAddresses$2</name>
         <load_address>0x9084</load_address>
         <run_address>0x9084</run_address>
         <size>0x4</size>
         <input_file_ref idref="fl-3"/>
      </object_component>
      <object_component id="oc-30e">
         <name>.const:$O1$$</name>
         <load_address>0x9088</load_address>
         <run_address>0x9088</run_address>
         <size>0x30</size>
         <input_file_ref idref="fl-d0"/>
      </object_component>
      <object_component id="oc-1b5">
         <name>.const:.string:$P$T0$3</name>
         <load_address>0x90b8</load_address>
         <run_address>0x90b8</run_address>
         <size>0xf</size>
         <input_file_ref idref="fl-7"/>
      </object_component>
      <object_component id="oc-4f5">
         <name>.cinit..data.load</name>
         <load_address>0x90c8</load_address>
         <run_address>0x90c8</run_address>
         <size>0x108</size>
      </object_component>
      <object_component id="oc-4f2">
         <name>__TI_handler_table</name>
         <load_address>0x91d0</load_address>
         <run_address>0x91d0</run_address>
         <size>0xc</size>
      </object_component>
      <object_component id="oc-4f6">
         <name>.cinit..bss.load</name>
         <load_address>0x91e0</load_address>
         <run_address>0x91e0</run_address>
         <size>0x8</size>
      </object_component>
      <object_component id="oc-4f4">
         <name>.cinit..vtable.load</name>
         <load_address>0x91e8</load_address>
         <run_address>0x91e8</run_address>
         <size>0x8</size>
      </object_component>
      <object_component id="oc-4f3">
         <name>__TI_cinit_table</name>
         <load_address>0x91f0</load_address>
         <run_address>0x91f0</run_address>
         <size>0x18</size>
      </object_component>
      <object_component id="oc-2bb">
         <name>.vtable</name>
         <uninitialized>true</uninitialized>
         <run_address>0x20000000</run_address>
         <size>0x26c</size>
         <input_file_ref idref="fl-ff"/>
      </object_component>
      <object_component id="oc-1c0">
         <name>.data</name>
         <load_address>0x200020dc</load_address>
         <run_address>0x200020dc</run_address>
         <size>0x1</size>
         <input_file_ref idref="fl-2"/>
      </object_component>
      <object_component id="oc-130">
         <name>.data:midi_data</name>
         <load_address>0x200015f8</load_address>
         <run_address>0x200015f8</run_address>
         <size>0xaac</size>
         <input_file_ref idref="fl-4"/>
      </object_component>
      <object_component id="oc-1a3">
         <name>.data</name>
         <load_address>0x200020a4</load_address>
         <run_address>0x200020a4</run_address>
         <size>0x20</size>
         <input_file_ref idref="fl-7"/>
      </object_component>
      <object_component id="oc-1f9">
         <name>.data</name>
         <load_address>0x200020d4</load_address>
         <run_address>0x200020d4</run_address>
         <size>0x4</size>
         <input_file_ref idref="fl-12"/>
      </object_component>
      <object_component id="oc-3c0">
         <name>.data:$O1$$</name>
         <load_address>0x200020cc</load_address>
         <run_address>0x200020cc</run_address>
         <size>0x8</size>
         <input_file_ref idref="fl-e3"/>
      </object_component>
      <object_component id="oc-3e0">
         <name>.data</name>
         <load_address>0x200020d8</load_address>
         <run_address>0x200020d8</run_address>
         <size>0x4</size>
         <input_file_ref idref="fl-e8"/>
      </object_component>
      <object_component id="oc-289">
         <name>.data:$O1$$</name>
         <load_address>0x200020c4</load_address>
         <run_address>0x200020c4</run_address>
         <size>0x8</size>
         <input_file_ref idref="fl-f4"/>
      </object_component>
      <object_component id="oc-1da">
         <name>.bss:lastbuffer$3</name>
         <uninitialized>true</uninitialized>
         <run_address>0x200028e0</run_address>
         <size>0x54</size>
         <input_file_ref idref="fl-3"/>
      </object_component>
      <object_component id="oc-1b8">
         <name>.bss:firmware$2</name>
         <uninitialized>true</uninitialized>
         <run_address>0x20002934</run_address>
         <size>0x18</size>
         <input_file_ref idref="fl-7"/>
      </object_component>
      <object_component id="oc-1c3">
         <name>.common:_timeout_ticks</name>
         <uninitialized>true</uninitialized>
         <run_address>0x2000294c</run_address>
         <size>0x4</size>
      </object_component>
      <object_component id="oc-11c">
         <name>.common:right_calibration_value</name>
         <uninitialized>true</uninitialized>
         <run_address>0x20002964</run_address>
         <size>0x4</size>
      </object_component>
      <object_component id="oc-123">
         <name>.common:left_calibration_value</name>
         <uninitialized>true</uninitialized>
         <run_address>0x2000295c</run_address>
         <size>0x4</size>
      </object_component>
      <object_component id="oc-1e5">
         <name>.common:flag</name>
         <uninitialized>true</uninitialized>
         <run_address>0x20002954</run_address>
         <size>0x4</size>
      </object_component>
      <object_component id="oc-1e2">
         <name>.common:recived</name>
         <uninitialized>true</uninitialized>
         <run_address>0x2000296d</run_address>
         <size>0x1</size>
      </object_component>
      <object_component id="oc-302">
         <name>.common:isr_int_value</name>
         <uninitialized>true</uninitialized>
         <run_address>0x20002958</run_address>
         <size>0x4</size>
      </object_component>
      <object_component id="oc-2fe">
         <name>.common:risingEdge</name>
         <uninitialized>true</uninitialized>
         <run_address>0x20002968</run_address>
         <size>0x4</size>
      </object_component>
      <object_component id="oc-2ff">
         <name>.common:fallingEdge</name>
         <uninitialized>true</uninitialized>
         <run_address>0x20002950</run_address>
         <size>0x4</size>
      </object_component>
      <object_component id="oc-300">
         <name>.common:pulseLength</name>
         <uninitialized>true</uninitialized>
         <run_address>0x20002960</run_address>
         <size>0x4</size>
      </object_component>
      <object_component id="oc-2fb">
         <name>.common:isRisingEdge</name>
         <uninitialized>true</uninitialized>
         <run_address>0x2000296c</run_address>
         <size>0x1</size>
      </object_component>
      <object_component id="oc-24">
         <name>.sysmem</name>
         <uninitialized>true</uninitialized>
         <run_address>0x200020e0</run_address>
         <size>0x10</size>
         <input_file_ref idref="fl-e3"/>
      </object_component>
      <object_component id="oc-4f9">
         <name>.sysmem</name>
         <uninitialized>true</uninitialized>
         <run_address>0x200020e0</run_address>
         <size>0x0</size>
      </object_component>
      <object_component id="oc-27">
         <name>.stack</name>
         <uninitialized>true</uninitialized>
         <run_address>0x20000270</run_address>
         <size>0x4</size>
         <input_file_ref idref="fl-e7"/>
      </object_component>
      <object_component id="oc-4f8">
         <name>.stack</name>
         <uninitialized>true</uninitialized>
         <run_address>0x20000270</run_address>
         <size>0x0</size>
      </object_component>
      <object_component id="oc-c5">
         <name>.debug_info</name>
         <load_address>0x0</load_address>
         <run_address>0x0</run_address>
         <size>0x2a9</size>
         <input_file_ref idref="fl-2"/>
      </object_component>
      <object_component id="oc-1c1">
         <name>.debug_info</name>
         <load_address>0x2a9</load_address>
         <run_address>0x2a9</run_address>
         <size>0xb7</size>
         <input_file_ref idref="fl-2"/>
      </object_component>
      <object_component id="oc-e0">
         <name>.debug_info</name>
         <load_address>0x360</load_address>
         <run_address>0x360</run_address>
         <size>0x4ff</size>
         <input_file_ref idref="fl-2"/>
      </object_component>
      <object_component id="oc-77">
         <name>.debug_info</name>
         <load_address>0x85f</load_address>
         <run_address>0x85f</run_address>
         <size>0x26b</size>
         <input_file_ref idref="fl-2"/>
      </object_component>
      <object_component id="oc-39">
         <name>.debug_info</name>
         <load_address>0xaca</load_address>
         <run_address>0xaca</run_address>
         <size>0x84</size>
         <input_file_ref idref="fl-2"/>
      </object_component>
      <object_component id="oc-c0">
         <name>.debug_info</name>
         <load_address>0xb4e</load_address>
         <run_address>0xb4e</run_address>
         <size>0x2a4</size>
         <input_file_ref idref="fl-2"/>
      </object_component>
      <object_component id="oc-7c">
         <name>.debug_info</name>
         <load_address>0xdf2</load_address>
         <run_address>0xdf2</run_address>
         <size>0xbb</size>
         <input_file_ref idref="fl-2"/>
      </object_component>
      <object_component id="oc-1dc">
         <name>.debug_info</name>
         <load_address>0xead</load_address>
         <run_address>0xead</run_address>
         <size>0x377</size>
         <input_file_ref idref="fl-3"/>
      </object_component>
      <object_component id="oc-1c6">
         <name>.debug_info</name>
         <load_address>0x1224</load_address>
         <run_address>0x1224</run_address>
         <size>0x10c</size>
         <input_file_ref idref="fl-3"/>
      </object_component>
      <object_component id="oc-e4">
         <name>.debug_info</name>
         <load_address>0x1330</load_address>
         <run_address>0x1330</run_address>
         <size>0x898</size>
         <input_file_ref idref="fl-3"/>
      </object_component>
      <object_component id="oc-2d5">
         <name>.debug_info</name>
         <load_address>0x1bc8</load_address>
         <run_address>0x1bc8</run_address>
         <size>0xcc</size>
         <input_file_ref idref="fl-3"/>
      </object_component>
      <object_component id="oc-1dd">
         <name>.debug_info</name>
         <load_address>0x1c94</load_address>
         <run_address>0x1c94</run_address>
         <size>0x2c</size>
         <input_file_ref idref="fl-3"/>
      </object_component>
      <object_component id="oc-272">
         <name>.debug_info</name>
         <load_address>0x1cc0</load_address>
         <run_address>0x1cc0</run_address>
         <size>0x35</size>
         <input_file_ref idref="fl-3"/>
      </object_component>
      <object_component id="oc-11d">
         <name>.debug_info</name>
         <load_address>0x1cf5</load_address>
         <run_address>0x1cf5</run_address>
         <size>0x87d</size>
         <input_file_ref idref="fl-4"/>
      </object_component>
      <object_component id="oc-131">
         <name>.debug_info</name>
         <load_address>0x2572</load_address>
         <run_address>0x2572</run_address>
         <size>0xb7</size>
         <input_file_ref idref="fl-4"/>
      </object_component>
      <object_component id="oc-125">
         <name>.debug_info</name>
         <load_address>0x2629</load_address>
         <run_address>0x2629</run_address>
         <size>0xb3</size>
         <input_file_ref idref="fl-4"/>
      </object_component>
      <object_component id="oc-128">
         <name>.debug_info</name>
         <load_address>0x26dc</load_address>
         <run_address>0x26dc</run_address>
         <size>0xb3</size>
         <input_file_ref idref="fl-4"/>
      </object_component>
      <object_component id="oc-12b">
         <name>.debug_info</name>
         <load_address>0x278f</load_address>
         <run_address>0x278f</run_address>
         <size>0xb3</size>
         <input_file_ref idref="fl-4"/>
      </object_component>
      <object_component id="oc-12e">
         <name>.debug_info</name>
         <load_address>0x2842</load_address>
         <run_address>0x2842</run_address>
         <size>0xb3</size>
         <input_file_ref idref="fl-4"/>
      </object_component>
      <object_component id="oc-a3">
         <name>.debug_info</name>
         <load_address>0x28f5</load_address>
         <run_address>0x28f5</run_address>
         <size>0x836</size>
         <input_file_ref idref="fl-4"/>
      </object_component>
      <object_component id="oc-26d">
         <name>.debug_info</name>
         <load_address>0x312b</load_address>
         <run_address>0x312b</run_address>
         <size>0x5aa</size>
         <input_file_ref idref="fl-4"/>
      </object_component>
      <object_component id="oc-134">
         <name>.debug_info</name>
         <load_address>0x36d5</load_address>
         <run_address>0x36d5</run_address>
         <size>0x9d</size>
         <input_file_ref idref="fl-4"/>
      </object_component>
      <object_component id="oc-139">
         <name>.debug_info</name>
         <load_address>0x3772</load_address>
         <run_address>0x3772</run_address>
         <size>0xd9</size>
         <input_file_ref idref="fl-4"/>
      </object_component>
      <object_component id="oc-241">
         <name>.debug_info</name>
         <load_address>0x384b</load_address>
         <run_address>0x384b</run_address>
         <size>0x115</size>
         <input_file_ref idref="fl-4"/>
      </object_component>
      <object_component id="oc-268">
         <name>.debug_info</name>
         <load_address>0x3960</load_address>
         <run_address>0x3960</run_address>
         <size>0x3df</size>
         <input_file_ref idref="fl-5"/>
      </object_component>
      <object_component id="oc-10d">
         <name>.debug_info</name>
         <load_address>0x3d3f</load_address>
         <run_address>0x3d3f</run_address>
         <size>0x1000</size>
         <input_file_ref idref="fl-5"/>
      </object_component>
      <object_component id="oc-25c">
         <name>.debug_info</name>
         <load_address>0x4d3f</load_address>
         <run_address>0x4d3f</run_address>
         <size>0x307</size>
         <input_file_ref idref="fl-6"/>
      </object_component>
      <object_component id="oc-108">
         <name>.debug_info</name>
         <load_address>0x5046</load_address>
         <run_address>0x5046</run_address>
         <size>0x25b</size>
         <input_file_ref idref="fl-6"/>
      </object_component>
      <object_component id="oc-1ba">
         <name>.debug_info</name>
         <load_address>0x52a1</load_address>
         <run_address>0x52a1</run_address>
         <size>0x3f4</size>
         <input_file_ref idref="fl-7"/>
      </object_component>
      <object_component id="oc-1a4">
         <name>.debug_info</name>
         <load_address>0x5695</load_address>
         <run_address>0x5695</run_address>
         <size>0x109</size>
         <input_file_ref idref="fl-7"/>
      </object_component>
      <object_component id="oc-1b6">
         <name>.debug_info</name>
         <load_address>0x579e</load_address>
         <run_address>0x579e</run_address>
         <size>0xbe</size>
         <input_file_ref idref="fl-7"/>
      </object_component>
      <object_component id="oc-18b">
         <name>.debug_info</name>
         <load_address>0x585c</load_address>
         <run_address>0x585c</run_address>
         <size>0x136</size>
         <input_file_ref idref="fl-7"/>
      </object_component>
      <object_component id="oc-d8">
         <name>.debug_info</name>
         <load_address>0x5992</load_address>
         <run_address>0x5992</run_address>
         <size>0x1980</size>
         <input_file_ref idref="fl-7"/>
      </object_component>
      <object_component id="oc-1bb">
         <name>.debug_info</name>
         <load_address>0x7312</load_address>
         <run_address>0x7312</run_address>
         <size>0x8b</size>
         <input_file_ref idref="fl-7"/>
      </object_component>
      <object_component id="oc-11f">
         <name>.debug_info</name>
         <load_address>0x739d</load_address>
         <run_address>0x739d</run_address>
         <size>0x6c1</size>
         <input_file_ref idref="fl-8"/>
      </object_component>
      <object_component id="oc-20f">
         <name>.debug_info</name>
         <load_address>0x7a5e</load_address>
         <run_address>0x7a5e</run_address>
         <size>0xb3</size>
         <input_file_ref idref="fl-8"/>
      </object_component>
      <object_component id="oc-f6">
         <name>.debug_info</name>
         <load_address>0x7b11</load_address>
         <run_address>0x7b11</run_address>
         <size>0x1c55</size>
         <input_file_ref idref="fl-8"/>
      </object_component>
      <object_component id="oc-32">
         <name>.debug_info</name>
         <load_address>0x9766</load_address>
         <run_address>0x9766</run_address>
         <size>0x293</size>
         <input_file_ref idref="fl-9"/>
      </object_component>
      <object_component id="oc-13">
         <name>.debug_info</name>
         <load_address>0x99f9</load_address>
         <run_address>0x99f9</run_address>
         <size>0xd2</size>
         <input_file_ref idref="fl-9"/>
      </object_component>
      <object_component id="oc-2d">
         <name>.debug_info</name>
         <load_address>0x9acb</load_address>
         <run_address>0x9acb</run_address>
         <size>0x24e</size>
         <input_file_ref idref="fl-9"/>
      </object_component>
      <object_component id="oc-1e3">
         <name>.debug_info</name>
         <load_address>0x9d19</load_address>
         <run_address>0x9d19</run_address>
         <size>0x2ed</size>
         <input_file_ref idref="fl-a"/>
      </object_component>
      <object_component id="oc-eb">
         <name>.debug_info</name>
         <load_address>0xa006</load_address>
         <run_address>0xa006</run_address>
         <size>0x3bc</size>
         <input_file_ref idref="fl-a"/>
      </object_component>
      <object_component id="oc-229">
         <name>.debug_info</name>
         <load_address>0xa3c2</load_address>
         <run_address>0xa3c2</run_address>
         <size>0x29f</size>
         <input_file_ref idref="fl-b"/>
      </object_component>
      <object_component id="oc-121">
         <name>.debug_info</name>
         <load_address>0xa661</load_address>
         <run_address>0xa661</run_address>
         <size>0x485</size>
         <input_file_ref idref="fl-12"/>
      </object_component>
      <object_component id="oc-1fa">
         <name>.debug_info</name>
         <load_address>0xaae6</load_address>
         <run_address>0xaae6</run_address>
         <size>0x114</size>
         <input_file_ref idref="fl-12"/>
      </object_component>
      <object_component id="oc-f1">
         <name>.debug_info</name>
         <load_address>0xabfa</load_address>
         <run_address>0xabfa</run_address>
         <size>0x4ce</size>
         <input_file_ref idref="fl-12"/>
      </object_component>
      <object_component id="oc-1fd">
         <name>.debug_info</name>
         <load_address>0xb0c8</load_address>
         <run_address>0xb0c8</run_address>
         <size>0x9d</size>
         <input_file_ref idref="fl-12"/>
      </object_component>
      <object_component id="oc-303">
         <name>.debug_info</name>
         <load_address>0xb165</load_address>
         <run_address>0xb165</run_address>
         <size>0x2b7</size>
         <input_file_ref idref="fl-13"/>
      </object_component>
      <object_component id="oc-1f6">
         <name>.debug_info</name>
         <load_address>0xb41c</load_address>
         <run_address>0xb41c</run_address>
         <size>0x266</size>
         <input_file_ref idref="fl-13"/>
      </object_component>
      <object_component id="oc-2fc">
         <name>.debug_info</name>
         <load_address>0xb682</load_address>
         <run_address>0xb682</run_address>
         <size>0x3ba</size>
         <input_file_ref idref="fl-14"/>
      </object_component>
      <object_component id="oc-1ee">
         <name>.debug_info</name>
         <load_address>0xba3c</load_address>
         <run_address>0xba3c</run_address>
         <size>0x270</size>
         <input_file_ref idref="fl-14"/>
      </object_component>
      <object_component id="oc-1e8">
         <name>.debug_info</name>
         <load_address>0xbcac</load_address>
         <run_address>0xbcac</run_address>
         <size>0x296</size>
         <input_file_ref idref="fl-15"/>
      </object_component>
      <object_component id="oc-32b">
         <name>.debug_info</name>
         <load_address>0xbf42</load_address>
         <run_address>0xbf42</run_address>
         <size>0x2a7</size>
         <input_file_ref idref="fl-cb"/>
      </object_component>
      <object_component id="oc-21a">
         <name>.debug_info</name>
         <load_address>0xc1e9</load_address>
         <run_address>0xc1e9</run_address>
         <size>0x1ea</size>
         <input_file_ref idref="fl-cb"/>
      </object_component>
      <object_component id="oc-3fe">
         <name>.debug_info</name>
         <load_address>0xc3d3</load_address>
         <run_address>0xc3d3</run_address>
         <size>0x39</size>
         <input_file_ref idref="fl-cb"/>
      </object_component>
      <object_component id="oc-32c">
         <name>.debug_info</name>
         <load_address>0xc40c</load_address>
         <run_address>0xc40c</run_address>
         <size>0x2c</size>
         <input_file_ref idref="fl-cb"/>
      </object_component>
      <object_component id="oc-48a">
         <name>.debug_info</name>
         <load_address>0xc438</load_address>
         <run_address>0xc438</run_address>
         <size>0x2ee</size>
         <input_file_ref idref="fl-cc"/>
      </object_component>
      <object_component id="oc-3f9">
         <name>.debug_info</name>
         <load_address>0xc726</load_address>
         <run_address>0xc726</run_address>
         <size>0x132</size>
         <input_file_ref idref="fl-cc"/>
      </object_component>
      <object_component id="oc-325">
         <name>.debug_info</name>
         <load_address>0xc858</load_address>
         <run_address>0xc858</run_address>
         <size>0x1ad</size>
         <input_file_ref idref="fl-cc"/>
      </object_component>
      <object_component id="oc-21d">
         <name>.debug_info</name>
         <load_address>0xca05</load_address>
         <run_address>0xca05</run_address>
         <size>0x171</size>
         <input_file_ref idref="fl-cd"/>
      </object_component>
      <object_component id="oc-224">
         <name>.debug_info</name>
         <load_address>0xcb76</load_address>
         <run_address>0xcb76</run_address>
         <size>0x182</size>
         <input_file_ref idref="fl-ce"/>
      </object_component>
      <object_component id="oc-34b">
         <name>.debug_info</name>
         <load_address>0xccf8</load_address>
         <run_address>0xccf8</run_address>
         <size>0x2e4</size>
         <input_file_ref idref="fl-cf"/>
      </object_component>
      <object_component id="oc-23c">
         <name>.debug_info</name>
         <load_address>0xcfdc</load_address>
         <run_address>0xcfdc</run_address>
         <size>0x6a4</size>
         <input_file_ref idref="fl-cf"/>
      </object_component>
      <object_component id="oc-3ef">
         <name>.debug_info</name>
         <load_address>0xd680</load_address>
         <run_address>0xd680</run_address>
         <size>0x46</size>
         <input_file_ref idref="fl-cf"/>
      </object_component>
      <object_component id="oc-318">
         <name>.debug_info</name>
         <load_address>0xd6c6</load_address>
         <run_address>0xd6c6</run_address>
         <size>0x39</size>
         <input_file_ref idref="fl-cf"/>
      </object_component>
      <object_component id="oc-31d">
         <name>.debug_info</name>
         <load_address>0xd6ff</load_address>
         <run_address>0xd6ff</run_address>
         <size>0x35e</size>
         <input_file_ref idref="fl-d0"/>
      </object_component>
      <object_component id="oc-30f">
         <name>.debug_info</name>
         <load_address>0xda5d</load_address>
         <run_address>0xda5d</run_address>
         <size>0x128</size>
         <input_file_ref idref="fl-d0"/>
      </object_component>
      <object_component id="oc-203">
         <name>.debug_info</name>
         <load_address>0xdb85</load_address>
         <run_address>0xdb85</run_address>
         <size>0xbf2</size>
         <input_file_ref idref="fl-d0"/>
      </object_component>
      <object_component id="oc-320">
         <name>.debug_info</name>
         <load_address>0xe777</load_address>
         <run_address>0xe777</run_address>
         <size>0x2c5</size>
         <input_file_ref idref="fl-d1"/>
      </object_component>
      <object_component id="oc-20b">
         <name>.debug_info</name>
         <load_address>0xea3c</load_address>
         <run_address>0xea3c</run_address>
         <size>0x24e</size>
         <input_file_ref idref="fl-d1"/>
      </object_component>
      <object_component id="oc-347">
         <name>.debug_info</name>
         <load_address>0xec8a</load_address>
         <run_address>0xec8a</run_address>
         <size>0x361</size>
         <input_file_ref idref="fl-d2"/>
      </object_component>
      <object_component id="oc-230">
         <name>.debug_info</name>
         <load_address>0xefeb</load_address>
         <run_address>0xefeb</run_address>
         <size>0x79b</size>
         <input_file_ref idref="fl-d2"/>
      </object_component>
      <object_component id="oc-3ee">
         <name>.debug_info</name>
         <load_address>0xf786</load_address>
         <run_address>0xf786</run_address>
         <size>0x2f8</size>
         <input_file_ref idref="fl-d3"/>
      </object_component>
      <object_component id="oc-313">
         <name>.debug_info</name>
         <load_address>0xfa7e</load_address>
         <run_address>0xfa7e</run_address>
         <size>0x225</size>
         <input_file_ref idref="fl-d3"/>
      </object_component>
      <object_component id="oc-349">
         <name>.debug_info</name>
         <load_address>0xfca3</load_address>
         <run_address>0xfca3</run_address>
         <size>0x361</size>
         <input_file_ref idref="fl-d4"/>
      </object_component>
      <object_component id="oc-235">
         <name>.debug_info</name>
         <load_address>0x10004</load_address>
         <run_address>0x10004</run_address>
         <size>0x7ae</size>
         <input_file_ref idref="fl-d4"/>
      </object_component>
      <object_component id="oc-25a">
         <name>.debug_info</name>
         <load_address>0x107b2</load_address>
         <run_address>0x107b2</run_address>
         <size>0x333</size>
         <input_file_ref idref="fl-d5"/>
      </object_component>
      <object_component id="oc-103">
         <name>.debug_info</name>
         <load_address>0x10ae5</load_address>
         <run_address>0x10ae5</run_address>
         <size>0x1d1</size>
         <input_file_ref idref="fl-d5"/>
      </object_component>
      <object_component id="oc-250">
         <name>.debug_info</name>
         <load_address>0x10cb6</load_address>
         <run_address>0x10cb6</run_address>
         <size>0x18d</size>
         <input_file_ref idref="fl-d5"/>
      </object_component>
      <object_component id="oc-256">
         <name>.debug_info</name>
         <load_address>0x10e43</load_address>
         <run_address>0x10e43</run_address>
         <size>0x16d</size>
         <input_file_ref idref="fl-d5"/>
      </object_component>
      <object_component id="oc-2ea">
         <name>.debug_info</name>
         <load_address>0x10fb0</load_address>
         <run_address>0x10fb0</run_address>
         <size>0x2c</size>
         <input_file_ref idref="fl-d5"/>
      </object_component>
      <object_component id="oc-2e9">
         <name>.debug_info</name>
         <load_address>0x10fdc</load_address>
         <run_address>0x10fdc</run_address>
         <size>0x340</size>
         <input_file_ref idref="fl-d6"/>
      </object_component>
      <object_component id="oc-1cd">
         <name>.debug_info</name>
         <load_address>0x1131c</load_address>
         <run_address>0x1131c</run_address>
         <size>0x208</size>
         <input_file_ref idref="fl-d6"/>
      </object_component>
      <object_component id="oc-2dd">
         <name>.debug_info</name>
         <load_address>0x11524</load_address>
         <run_address>0x11524</run_address>
         <size>0x1c6</size>
         <input_file_ref idref="fl-d6"/>
      </object_component>
      <object_component id="oc-2e3">
         <name>.debug_info</name>
         <load_address>0x116ea</load_address>
         <run_address>0x116ea</run_address>
         <size>0x179</size>
         <input_file_ref idref="fl-d6"/>
      </object_component>
      <object_component id="oc-2ef">
         <name>.debug_info</name>
         <load_address>0x11863</load_address>
         <run_address>0x11863</run_address>
         <size>0x69</size>
         <input_file_ref idref="fl-d6"/>
      </object_component>
      <object_component id="oc-114">
         <name>.debug_info</name>
         <load_address>0x118cc</load_address>
         <run_address>0x118cc</run_address>
         <size>0x14c</size>
         <input_file_ref idref="fl-d7"/>
      </object_component>
      <object_component id="oc-260">
         <name>.debug_info</name>
         <load_address>0x11a18</load_address>
         <run_address>0x11a18</run_address>
         <size>0x128</size>
         <input_file_ref idref="fl-d8"/>
      </object_component>
      <object_component id="oc-265">
         <name>.debug_info</name>
         <load_address>0x11b40</load_address>
         <run_address>0x11b40</run_address>
         <size>0x12a</size>
         <input_file_ref idref="fl-d8"/>
      </object_component>
      <object_component id="oc-1ae">
         <name>.debug_info</name>
         <load_address>0x11c6a</load_address>
         <run_address>0x11c6a</run_address>
         <size>0x13a</size>
         <input_file_ref idref="fl-d9"/>
      </object_component>
      <object_component id="oc-1a7">
         <name>.debug_info</name>
         <load_address>0x11da4</load_address>
         <run_address>0x11da4</run_address>
         <size>0x13a</size>
         <input_file_ref idref="fl-da"/>
      </object_component>
      <object_component id="oc-214">
         <name>.debug_info</name>
         <load_address>0x11ede</load_address>
         <run_address>0x11ede</run_address>
         <size>0x12e</size>
         <input_file_ref idref="fl-db"/>
      </object_component>
      <object_component id="oc-118">
         <name>.debug_info</name>
         <load_address>0x1200c</load_address>
         <run_address>0x1200c</run_address>
         <size>0x13e</size>
         <input_file_ref idref="fl-dc"/>
      </object_component>
      <object_component id="oc-fd">
         <name>.debug_info</name>
         <load_address>0x1214a</load_address>
         <run_address>0x1214a</run_address>
         <size>0x12c</size>
         <input_file_ref idref="fl-dd"/>
      </object_component>
      <object_component id="oc-1b1">
         <name>.debug_info</name>
         <load_address>0x12276</load_address>
         <run_address>0x12276</run_address>
         <size>0x12c</size>
         <input_file_ref idref="fl-de"/>
      </object_component>
      <object_component id="oc-40">
         <name>.debug_info</name>
         <load_address>0x123a2</load_address>
         <run_address>0x123a2</run_address>
         <size>0x119</size>
         <input_file_ref idref="fl-df"/>
      </object_component>
      <object_component id="oc-95">
         <name>.debug_info</name>
         <load_address>0x124bb</load_address>
         <run_address>0x124bb</run_address>
         <size>0x2d4</size>
         <input_file_ref idref="fl-e0"/>
      </object_component>
      <object_component id="oc-4d">
         <name>.debug_info</name>
         <load_address>0x1278f</load_address>
         <run_address>0x1278f</run_address>
         <size>0x1d2</size>
         <input_file_ref idref="fl-e0"/>
      </object_component>
      <object_component id="oc-90">
         <name>.debug_info</name>
         <load_address>0x12961</load_address>
         <run_address>0x12961</run_address>
         <size>0x46</size>
         <input_file_ref idref="fl-e0"/>
      </object_component>
      <object_component id="oc-ce">
         <name>.debug_info</name>
         <load_address>0x129a7</load_address>
         <run_address>0x129a7</run_address>
         <size>0x2c</size>
         <input_file_ref idref="fl-e0"/>
      </object_component>
      <object_component id="oc-49">
         <name>.debug_info</name>
         <load_address>0x129d3</load_address>
         <run_address>0x129d3</run_address>
         <size>0x2a8</size>
         <input_file_ref idref="fl-e1"/>
      </object_component>
      <object_component id="oc-1c">
         <name>.debug_info</name>
         <load_address>0x12c7b</load_address>
         <run_address>0x12c7b</run_address>
         <size>0x1ea</size>
         <input_file_ref idref="fl-e1"/>
      </object_component>
      <object_component id="oc-44">
         <name>.debug_info</name>
         <load_address>0x12e65</load_address>
         <run_address>0x12e65</run_address>
         <size>0x46</size>
         <input_file_ref idref="fl-e1"/>
      </object_component>
      <object_component id="oc-88">
         <name>.debug_info</name>
         <load_address>0x12eab</load_address>
         <run_address>0x12eab</run_address>
         <size>0x2c</size>
         <input_file_ref idref="fl-e1"/>
      </object_component>
      <object_component id="oc-86">
         <name>.debug_info</name>
         <load_address>0x12ed7</load_address>
         <run_address>0x12ed7</run_address>
         <size>0x29e</size>
         <input_file_ref idref="fl-e2"/>
      </object_component>
      <object_component id="oc-16">
         <name>.debug_info</name>
         <load_address>0x13175</load_address>
         <run_address>0x13175</run_address>
         <size>0x250</size>
         <input_file_ref idref="fl-e2"/>
      </object_component>
      <object_component id="oc-34">
         <name>.debug_info</name>
         <load_address>0x133c5</load_address>
         <run_address>0x133c5</run_address>
         <size>0x60</size>
         <input_file_ref idref="fl-e2"/>
      </object_component>
      <object_component id="oc-c7">
         <name>.debug_info</name>
         <load_address>0x13425</load_address>
         <run_address>0x13425</run_address>
         <size>0x46</size>
         <input_file_ref idref="fl-e2"/>
      </object_component>
      <object_component id="oc-81">
         <name>.debug_info</name>
         <load_address>0x1346b</load_address>
         <run_address>0x1346b</run_address>
         <size>0x39</size>
         <input_file_ref idref="fl-e2"/>
      </object_component>
      <object_component id="oc-70">
         <name>.debug_info</name>
         <load_address>0x134a4</load_address>
         <run_address>0x134a4</run_address>
         <size>0x3b2</size>
         <input_file_ref idref="fl-e3"/>
      </object_component>
      <object_component id="oc-25">
         <name>.debug_info</name>
         <load_address>0x13856</load_address>
         <run_address>0x13856</run_address>
         <size>0x10c</size>
         <input_file_ref idref="fl-e3"/>
      </object_component>
      <object_component id="oc-3c1">
         <name>.debug_info</name>
         <load_address>0x13962</load_address>
         <run_address>0x13962</run_address>
         <size>0x13f</size>
         <input_file_ref idref="fl-e3"/>
      </object_component>
      <object_component id="oc-2a9">
         <name>.debug_info</name>
         <load_address>0x13aa1</load_address>
         <run_address>0x13aa1</run_address>
         <size>0x168</size>
         <input_file_ref idref="fl-e3"/>
      </object_component>
      <object_component id="oc-2b0">
         <name>.debug_info</name>
         <load_address>0x13c09</load_address>
         <run_address>0x13c09</run_address>
         <size>0x18e</size>
         <input_file_ref idref="fl-e3"/>
      </object_component>
      <object_component id="oc-2b6">
         <name>.debug_info</name>
         <load_address>0x13d97</load_address>
         <run_address>0x13d97</run_address>
         <size>0x19f</size>
         <input_file_ref idref="fl-e3"/>
      </object_component>
      <object_component id="oc-187">
         <name>.debug_info</name>
         <load_address>0x13f36</load_address>
         <run_address>0x13f36</run_address>
         <size>0x203</size>
         <input_file_ref idref="fl-e3"/>
      </object_component>
      <object_component id="oc-47c">
         <name>.debug_info</name>
         <load_address>0x14139</load_address>
         <run_address>0x14139</run_address>
         <size>0x1db</size>
         <input_file_ref idref="fl-e3"/>
      </object_component>
      <object_component id="oc-182">
         <name>.debug_info</name>
         <load_address>0x14314</load_address>
         <run_address>0x14314</run_address>
         <size>0x1a5</size>
         <input_file_ref idref="fl-e3"/>
      </object_component>
      <object_component id="oc-3bd">
         <name>.debug_info</name>
         <load_address>0x144b9</load_address>
         <run_address>0x144b9</run_address>
         <size>0x299</size>
         <input_file_ref idref="fl-e3"/>
      </object_component>
      <object_component id="oc-bb">
         <name>.debug_info</name>
         <load_address>0x14752</load_address>
         <run_address>0x14752</run_address>
         <size>0xb2</size>
         <input_file_ref idref="fl-e3"/>
      </object_component>
      <object_component id="oc-b6">
         <name>.debug_info</name>
         <load_address>0x14804</load_address>
         <run_address>0x14804</run_address>
         <size>0x2c</size>
         <input_file_ref idref="fl-e3"/>
      </object_component>
      <object_component id="oc-2ba">
[...]
         <object_component_ref idref="oc-f5"/>
      </symbol>
      <symbol id="sm-335">
         <name>find_objects</name>
         <value>0xedd</value>
         <object_component_ref idref="oc-f5"/>
      </symbol>
      <symbol id="sm-336">
         <name>filter_outlier</name>
         <value>0x13f9</value>
         <object_component_ref idref="oc-f5"/>
      </symbol>
      <symbol id="sm-337">
         <name>send_scan</name>
         <value>0x155d</value>
         <object_component_ref idref="oc-f5"/>
      </symbol>
      <symbol id="sm-338">
         <name>do_scan_filter</name>
         <value>0x47b</value>
         <object_component_ref idref="oc-f5"/>
      </symbol>
      <symbol id="sm-354">
         <name>ResetISR</name>
         <value>0x88f1</value>
         <object_component_ref idref="oc-2a"/>
      </symbol>
      <symbol id="sm-355">
         <name>g_pfnVectors</name>
         <value>0x0</value>
         <object_component_ref idref="oc-12"/>
      </symbol>
      <symbol id="sm-385">
         <name>UART1_Handler</name>
         <value>0x659b</value>
         <object_component_ref idref="oc-e9"/>
      </symbol>
      <symbol id="sm-386">
         <name>uart_interrupt_handler</name>
         <value>0x6599</value>
         <object_component_ref idref="oc-e9"/>
      </symbol>
      <symbol id="sm-387">
         <name>uart_sendChar</name>
         <value>0x64e9</value>
         <object_component_ref idref="oc-e9"/>
      </symbol>
      <symbol id="sm-388">
         <name>uart_interrupt_init</name>
         <value>0x6549</value>
         <object_component_ref idref="oc-e9"/>
      </symbol>
      <symbol id="sm-389">
         <name>uart_init</name>
         <value>0x6451</value>
         <object_component_ref idref="oc-e9"/>
      </symbol>
      <symbol id="sm-38a">
         <name>uart_receive</name>
         <value>0x6505</value>
         <object_component_ref idref="oc-e9"/>
      </symbol>
      <symbol id="sm-38b">
         <name>uart_sendStr</name>
         <value>0x652b</value>
         <object_component_ref idref="oc-e9"/>
      </symbol>
      <symbol id="sm-39b">
         <name>degToRad</name>
         <value>0x7f75</value>
         <object_component_ref idref="oc-228"/>
      </symbol>
      <symbol id="sm-39c">
         <name>fdegToRad</name>
         <value>0x7fc9</value>
         <object_component_ref idref="oc-228"/>
      </symbol>
      <symbol id="sm-39d">
         <name>radToDeg</name>
         <value>0x7f9d</value>
         <object_component_ref idref="oc-228"/>
      </symbol>
      <symbol id="sm-3d9">
         <name>cyBOT_SERVO_cal</name>
         <value>0x5e95</value>
         <object_component_ref idref="oc-ef"/>
      </symbol>
      <symbol id="sm-3da">
         <name>cyBOT_Scan</name>
         <value>0x5e23</value>
         <object_component_ref idref="oc-ef"/>
      </symbol>
      <symbol id="sm-3db">
         <name>cyBOT_scan_features</name>
         <value>0x200020d4</value>
         <object_component_ref idref="oc-1f9"/>
      </symbol>
      <symbol id="sm-3dc">
         <name>cyBOT_scan_version</name>
         <value>0x5dbd</value>
         <object_component_ref idref="oc-ef"/>
      </symbol>
      <symbol id="sm-3dd">
         <name>cyBOT_init_Scan</name>
         <value>0x5dcb</value>
         <object_component_ref idref="oc-ef"/>
      </symbol>
      <symbol id="sm-404">
         <name>isr_int_value</name>
         <value>0x20002958</value>
      </symbol>
      <symbol id="sm-405">
         <name>ir_enableInterrupt</name>
         <value>0x7637</value>
         <object_component_ref idref="oc-1f3"/>
      </symbol>
      <symbol id="sm-406">
         <name>ir_getDistance</name>
         <value>0x7619</value>
         <object_component_ref idref="oc-1f3"/>
      </symbol>
      <symbol id="sm-407">
         <name>ir_init</name>
         <value>0x7589</value>
         <object_component_ref idref="oc-1f3"/>
      </symbol>
      <symbol id="sm-408">
         <name>ADC0SS0_Handler</name>
         <value>0x7621</value>
         <object_component_ref idref="oc-1f3"/>
      </symbol>
      <symbol id="sm-409">
         <name>ir_getValue</name>
         <value>0x75f1</value>
         <object_component_ref idref="oc-1f3"/>
      </symbol>
      <symbol id="sm-438">
         <name>risingEdge</name>
         <value>0x20002968</value>
      </symbol>
      <symbol id="sm-439">
         <name>fallingEdge</name>
         <value>0x20002950</value>
      </symbol>
      <symbol id="sm-43a">
         <name>pulseLength</name>
         <value>0x20002960</value>
      </symbol>
      <symbol id="sm-43b">
         <name>isRisingEdge</name>
         <value>0x2000296c</value>
      </symbol>
      <symbol id="sm-43c">
         <name>TIMER3B_Handler</name>
         <value>0x6355</value>
         <object_component_ref idref="oc-1ed"/>
      </symbol>
      <symbol id="sm-43d">
         <name>ping_init</name>
         <value>0x6265</value>
         <object_component_ref idref="oc-1ed"/>
      </symbol>
      <symbol id="sm-43e">
         <name>ping_getDistance</name>
         <value>0x63a7</value>
         <object_component_ref idref="oc-1ed"/>
      </symbol>
      <symbol id="sm-43f">
         <name>ping_trigger</name>
         <value>0x62eb</value>
         <object_component_ref idref="oc-1ed"/>
      </symbol>
      <symbol id="sm-461">
         <name>servo_move</name>
         <value>0x6e81</value>
         <object_component_ref idref="oc-1e7"/>
      </symbol>
      <symbol id="sm-462">
         <name>servo_init</name>
         <value>0x6df1</value>
         <object_component_ref idref="oc-1e7"/>
      </symbol>
      <symbol id="sm-463">
         <name>servo_stop</name>
         <value>0x6e75</value>
         <object_component_ref idref="oc-1e7"/>
      </symbol>
      <symbol id="sm-464">
         <name>servo_setPWM</name>
         <value>0x6ee1</value>
         <object_component_ref idref="oc-1e7"/>
      </symbol>
      <symbol id="sm-4a0">
         <name>atan2f</name>
         <value>0x6c99</value>
         <object_component_ref idref="oc-216"/>
      </symbol>
      <symbol id="sm-4cd">
         <name>atanf</name>
         <value>0x70a1</value>
         <object_component_ref idref="oc-324"/>
      </symbol>
      <symbol id="sm-4e1">
         <name>cosf</name>
         <value>0x7b89</value>
         <object_component_ref idref="oc-21c"/>
      </symbol>
      <symbol id="sm-4f3">
         <name>sinf</name>
         <value>0x7d9d</value>
         <object_component_ref idref="oc-222"/>
      </symbol>
      <symbol id="sm-52b">
         <name>asinl</name>
         <value>0x5451</value>
         <object_component_ref idref="oc-23a"/>
      </symbol>
      <symbol id="sm-52c">
         <name>asin</name>
         <value>0x5451</value>
         <object_component_ref idref="oc-23a"/>
      </symbol>
      <symbol id="sm-5b8">
         <name>pow</name>
         <value>0x2d29</value>
         <object_component_ref idref="oc-202"/>
      </symbol>
      <symbol id="sm-5b9">
         <name>powl</name>
         <value>0x2d29</value>
         <object_component_ref idref="oc-202"/>
      </symbol>
      <symbol id="sm-5db">
         <name>sqrtl</name>
         <value>0x6f49</value>
         <object_component_ref idref="oc-208"/>
      </symbol>
      <symbol id="sm-5dc">
         <name>sqrt</name>
         <value>0x6f49</value>
         <object_component_ref idref="oc-208"/>
      </symbol>
      <symbol id="sm-62d">
         <name>cosl</name>
         <value>0x4a09</value>
         <object_component_ref idref="oc-22e"/>
      </symbol>
      <symbol id="sm-62e">
         <name>cos</name>
         <value>0x4a09</value>
         <object_component_ref idref="oc-22e"/>
      </symbol>
      <symbol id="sm-64b">
         <name>scalbn</name>
         <value>0x76a1</value>
         <object_component_ref idref="oc-311"/>
      </symbol>
      <symbol id="sm-64c">
         <name>scalbnl</name>
         <value>0x76a1</value>
         <object_component_ref idref="oc-311"/>
      </symbol>
      <symbol id="sm-64d">
         <name>ldexpl</name>
         <value>0x76a1</value>
         <object_component_ref idref="oc-311"/>
      </symbol>
      <symbol id="sm-64e">
         <name>ldexp</name>
         <value>0x76a1</value>
         <object_component_ref idref="oc-311"/>
      </symbol>
      <symbol id="sm-69e">
         <name>sin</name>
         <value>0x4429</value>
         <object_component_ref idref="oc-234"/>
      </symbol>
      <symbol id="sm-69f">
         <name>sinl</name>
         <value>0x4429</value>
         <object_component_ref idref="oc-234"/>
      </symbol>
      <symbol id="sm-6c6">
         <name>sprintf</name>
         <value>0x8579</value>
         <object_component_ref idref="oc-100"/>
      </symbol>
      <symbol id="sm-6f0">
         <name>vsnprintf</name>
         <value>0x85b9</value>
         <object_component_ref idref="oc-1cc"/>
      </symbol>
      <symbol id="sm-707">
         <name>__aeabi_dsub</name>
         <value>0x67fd</value>
         <object_component_ref idref="oc-112"/>
      </symbol>
      <symbol id="sm-708">
         <name>__aeabi_dadd</name>
         <value>0x6807</value>
         <object_component_ref idref="oc-112"/>
      </symbol>
      <symbol id="sm-72a">
         <name>__aeabi_cdcmpeq</name>
         <value>0x8005</value>
         <object_component_ref idref="oc-25d"/>
      </symbol>
      <symbol id="sm-72b">
         <name>__aeabi_cdcmple</name>
         <value>0x8005</value>
         <object_component_ref idref="oc-25d"/>
      </symbol>
      <symbol id="sm-72c">
         <name>__aeabi_cdrcmple</name>
         <value>0x808b</value>
         <object_component_ref idref="oc-262"/>
      </symbol>
      <symbol id="sm-740">
         <name>__aeabi_ddiv</name>
         <value>0x732d</value>
         <object_component_ref idref="oc-1ab"/>
      </symbol>
      <symbol id="sm-74b">
         <name>__aeabi_dmul</name>
         <value>0x78b1</value>
         <object_component_ref idref="oc-1a6"/>
      </symbol>
      <symbol id="sm-755">
         <name>__aeabi_d2iz</name>
         <value>0x84ed</value>
         <object_component_ref idref="oc-211"/>
      </symbol>
      <symbol id="sm-761">
         <name>__aeabi_d2f</name>
         <value>0x826b</value>
         <object_component_ref idref="oc-117"/>
      </symbol>
      <symbol id="sm-76c">
         <name>__aeabi_f2d</name>
         <value>0x8671</value>
         <object_component_ref idref="oc-fb"/>
      </symbol>
      <symbol id="sm-776">
         <name>__aeabi_i2d</name>
         <value>0x8741</value>
         <object_component_ref idref="oc-1b0"/>
      </symbol>
      <symbol id="sm-791">
         <name>memcpy</name>
         <value>0x7e41</value>
         <object_component_ref idref="oc-3e"/>
      </symbol>
      <symbol id="sm-792">
         <name>__aeabi_memcpy</name>
         <value>0x7e41</value>
         <object_component_ref idref="oc-3e"/>
      </symbol>
      <symbol id="sm-793">
         <name>__aeabi_memcpy8</name>
         <value>0x7e41</value>
         <object_component_ref idref="oc-3e"/>
      </symbol>
      <symbol id="sm-794">
         <name>__aeabi_memcpy4</name>
         <value>0x7e41</value>
         <object_component_ref idref="oc-3e"/>
      </symbol>
      <symbol id="sm-7ad">
         <name>__TI_zero_init_nomemset</name>
         <value>0x8799</value>
         <object_component_ref idref="oc-4a"/>
      </symbol>
      <symbol id="sm-7c4">
         <name>__TI_decompress_none</name>
         <value>0x88d7</value>
         <object_component_ref idref="oc-1b"/>
      </symbol>
      <symbol id="sm-7e7">
         <name>__TI_decompress_lzss</name>
         <value>0x82d9</value>
         <object_component_ref idref="oc-15"/>
      </symbol>
      <symbol id="sm-87c">
         <name>_sys_memory</name>
         <value>0x200020e0</value>
         <object_component_ref idref="oc-24"/>
      </symbol>
      <symbol id="sm-87d">
         <name>free</name>
         <value>0x7aa5</value>
         <object_component_ref idref="oc-184"/>
      </symbol>
      <symbol id="sm-87e">
         <name>memalign</name>
         <value>0x77b1</value>
         <object_component_ref idref="oc-3b9"/>
      </symbol>
      <symbol id="sm-87f">
         <name>calloc</name>
         <value>0x8639</value>
         <object_component_ref idref="oc-17e"/>
      </symbol>
      <symbol id="sm-880">
         <name>malloc</name>
         <value>0x8911</value>
         <object_component_ref idref="oc-2a5"/>
      </symbol>
      <symbol id="sm-881">
         <name>aligned_alloc</name>
         <value>0x77b1</value>
         <object_component_ref idref="oc-3b9"/>
      </symbol>
      <symbol id="sm-890">
         <name>strcmp</name>
         <value>0x884f</value>
         <object_component_ref idref="oc-191"/>
      </symbol>
      <symbol id="sm-89e">
         <name>strcpy</name>
         <value>0x887d</value>
         <object_component_ref idref="oc-1d2"/>
      </symbol>
      <symbol id="sm-904">
         <name>__kernel_rem_pio2</name>
         <value>0x36f9</value>
         <object_component_ref idref="oc-33a"/>
      </symbol>
      <symbol id="sm-917">
         <name>__stack</name>
         <value>0x20000270</value>
         <object_component_ref idref="oc-27"/>
      </symbol>
      <symbol id="sm-918">
         <name>_c_int00_noargs</name>
         <value>0x86dd</value>
         <object_component_ref idref="oc-5c"/>
      </symbol>
      <symbol id="sm-92e">
         <name>__aeabi_errno_addr</name>
         <value>0x8909</value>
         <object_component_ref idref="oc-308"/>
      </symbol>
      <symbol id="sm-92f">
         <name>errno</name>
         <value>0x200020d8</value>
         <object_component_ref idref="oc-3e0"/>
      </symbol>
      <symbol id="sm-939">
         <name>copysign</name>
         <value>0x87ed</value>
         <object_component_ref idref="oc-3e7"/>
      </symbol>
      <symbol id="sm-93a">
         <name>copysignl</name>
         <value>0x87ed</value>
         <object_component_ref idref="oc-3e7"/>
      </symbol>
      <symbol id="sm-950">
         <name>__kernel_cos</name>
         <value>0x6b29</value>
         <object_component_ref idref="oc-334"/>
      </symbol>
      <symbol id="sm-967">
         <name>__kernel_sin</name>
         <value>0x69b5</value>
         <object_component_ref idref="oc-340"/>
      </symbol>
      <symbol id="sm-984">
         <name>floorl</name>
         <value>0x79ad</value>
         <object_component_ref idref="oc-405"/>
      </symbol>
      <symbol id="sm-985">
         <name>floor</name>
         <value>0x79ad</value>
         <object_component_ref idref="oc-405"/>
      </symbol>
      <symbol id="sm-aea">
         <name>__TI_printfi</name>
         <value>0x22d9</value>
         <object_component_ref idref="oc-247"/>
      </symbol>
      <symbol id="sm-af9">
         <name>__aeabi_memset</name>
         <value>0x8113</value>
         <object_component_ref idref="oc-96"/>
      </symbol>
      <symbol id="sm-afa">
         <name>memset</name>
         <value>0x8119</value>
         <object_component_ref idref="oc-96"/>
      </symbol>
      <symbol id="sm-afb">
         <name>__aeabi_memset8</name>
         <value>0x8113</value>
         <object_component_ref idref="oc-96"/>
      </symbol>
      <symbol id="sm-afc">
         <name>__aeabi_memset4</name>
         <value>0x8113</value>
         <object_component_ref idref="oc-96"/>
      </symbol>
      <symbol id="sm-afd">
         <name>__aeabi_memclr8</name>
         <value>0x8111</value>
         <object_component_ref idref="oc-96"/>
      </symbol>
      <symbol id="sm-afe">
         <name>__aeabi_memclr4</name>
         <value>0x8111</value>
         <object_component_ref idref="oc-96"/>
      </symbol>
      <symbol id="sm-aff">
         <name>__aeabi_memclr</name>
         <value>0x8111</value>
         <object_component_ref idref="oc-96"/>
      </symbol>
      <symbol id="sm-b0c">
         <name>__aeabi_uldivmod</name>
         <value>0x7edd</value>
         <object_component_ref idref="oc-420"/>
      </symbol>
      <symbol id="sm-b34">
         <name>__TI_auto_init_nobinit_nopinit</name>
         <value>0x8535</value>
         <object_component_ref idref="oc-14a"/>
      </symbol>
      <symbol id="sm-b3e">
         <name>_system_pre_init</name>
         <value>0x8919</value>
         <object_component_ref idref="oc-9c"/>
      </symbol>
      <symbol id="sm-b4a">
         <name>C$$EXIT</name>
         <value>0x891d</value>
         <object_component_ref idref="oc-13e"/>
      </symbol>
      <symbol id="sm-b4b">
         <name>abort</name>
         <value>0x891d</value>
         <object_component_ref idref="oc-13e"/>
      </symbol>
      <symbol id="sm-b60">
         <name>_nop</name>
         <value>0x2d27</value>
         <object_component_ref idref="oc-39a"/>
      </symbol>
      <symbol id="sm-b61">
         <name>_lock</name>
         <value>0x200020c4</value>
         <object_component_ref idref="oc-289"/>
      </symbol>
      <symbol id="sm-b62">
         <name>_unlock</name>
         <value>0x200020c8</value>
         <object_component_ref idref="oc-289"/>
      </symbol>
      <symbol id="sm-b71">
         <name>__TI_ltoa</name>
         <value>0x83fb</value>
         <object_component_ref idref="oc-426"/>
      </symbol>
      <symbol id="sm-b88">
         <name>atoi</name>
         <value>0x84a1</value>
         <object_component_ref idref="oc-352"/>
      </symbol>
      <symbol id="sm-b93">
         <name>_ctypes_</name>
         <value>0x8ec0</value>
         <object_component_ref idref="oc-41b"/>
      </symbol>
      <symbol id="sm-ba3">
         <name>memccpy</name>
         <value>0x87d1</value>
         <object_component_ref idref="oc-376"/>
      </symbol>
      <symbol id="sm-bb3">
         <name>strchr</name>
         <value>0x8867</value>
         <object_component_ref idref="oc-44d"/>
      </symbol>
      <symbol id="sm-bc1">
         <name>strlen</name>
         <value>0x8891</value>
         <object_component_ref idref="oc-34c"/>
      </symbol>
      <symbol id="sm-bda">
         <name>wcslen</name>
         <value>0x88a5</value>
         <object_component_ref idref="oc-37c"/>
      </symbol>
      <symbol id="sm-bf0">
         <name>frexpl</name>
         <value>0x8341</value>
         <object_component_ref idref="oc-447"/>
      </symbol>
      <symbol id="sm-bf1">
         <name>frexp</name>
         <value>0x8341</value>
         <object_component_ref idref="oc-447"/>
      </symbol>
      <symbol id="sm-bfb">
         <name>__aeabi_idiv0</name>
         <value>0x69b3</value>
         <object_component_ref idref="oc-49d"/>
      </symbol>
      <symbol id="sm-bfc">
         <name>__aeabi_ldiv0</name>
         <value>0x69b3</value>
         <object_component_ref idref="oc-49d"/>
      </symbol>
      <symbol id="sm-c2b">
         <name>IntRegister</name>
         <value>0x86a9</value>
         <object_component_ref idref="oc-197"/>
      </symbol>
      <symbol id="sm-c2c">
         <name>g_pfnRAMVectors</name>
         <value>0x20000000</value>
         <object_component_ref idref="oc-2bb"/>
      </symbol>
      <symbol id="sm-c2d">
         <name>IntMasterEnable</name>
         <value>0x88b7</value>
         <object_component_ref idref="oc-19d"/>
      </symbol>
      <symbol id="sm-c37">
         <name>CPUcpsie</name>
         <value>0x88e5</value>
         <object_component_ref idref="oc-2c5"/>
      </symbol>
      <symbol id="sm-c38">
         <name>__TI_static_base__</name>
         <value>0x0</value>
      </symbol>
      <symbol id="sm-c3b">
         <name>__mpu_init</name>
         <value>0x0</value>
      </symbol>
      <symbol id="sm-c3c">
         <name>_system_post_cinit</name>
         <value>0x0</value>
      </symbol>
   </symbol_table>
   <title>Link successful</title>
</link_info>
