******************************************************************************
                  TI ARM Linker PC v20.2.7                     
******************************************************************************
>> Linked Tue Oct 21 14:04:33 2025

OUTPUT FILE NAME:   <lab_7.out>
ENTRY POINT SYMBOL: "_c_int00_noargs"  address: 000086dd


MEMORY CONFIGURATION

         name            origin    length      used     unused   attr    fill
----------------------  --------  ---------  --------  --------  ----  --------
  FLASH                 00000000   00040000  00009207  00036df9  R  X
  SRAM                  20000000   00008000  00002967  00005699  RW X


SEGMENT ALLOCATION MAP

run origin  load origin   length   init length attrs members
----------  ----------- ---------- ----------- ----- -------
00000000    00000000    00009208   00009208    r-x
  00000000    00000000    0000026c   0000026c    r-- .intvecs
  0000026c    0000026c    000086b4   000086b4    r-x .text
  00008920    00008920    000007a7   000007a7    r-- .const
  000090c8    000090c8    00000140   00000140    r-- .cinit
20000000    20000000    0000296e   00000000    rw-
  20000000    20000000    0000026c   00000000    rw- .vtable
  20000270    20000270    00001388   00000000    rw- .stack
  200015f8    200015f8    00000ae5   00000000    rw- .data
  200020e0    200020e0    00000800   00000000    rw- .sysmem
  200028e0    200028e0    0000008e   00000000    rw- .bss


SECTION ALLOCATION MAP

 output                                  attributes/
section   page    origin      length       input sections
--------  ----  ----------  ----------   ----------------
.intvecs   0    00000000    0000026c     
                  00000000    0000026c     tm4c123gh6pm_startup_ccs.obj (.intvecs)

.text      0    0000026c    000086b4     
                  0000026c    0000144c     scan.obj (.text)
                  000016b8    00000c20     open_interface.obj (.text)
                  000022d8    00000a4e     rtsv7M4_T_le_v4SPD16_eabi.lib : _printfi.c.obj (.text:__TI_printfi)
                  00002d26    00000002                                   : _lock.c.obj (.text:_nop)
                  00002d28    000009d0                                   : e_pow.c.obj (.text:pow)
                  000036f8    00000738                                   : k_rem_pio2.c.obj (.text:__kernel_rem_pio2)
                  00003e30    000005f8     movement.obj (.text)
                  00004428    000005e0     rtsv7M4_T_le_v4SPD16_eabi.lib : s_sin.c.obj (.text:sin)
                  00004a08    000005dc                                   : s_cos.c.obj (.text:cos)
                  00004fe4    0000046c     main.obj (.text)
                  00005450    000003d4     rtsv7M4_T_le_v4SPD16_eabi.lib : e_asin.c.obj (.text:asin)
                  00005824    00000328     lcd.obj (.text)
                  00005b4c    00000270     rtsv7M4_T_le_v4SPD16_eabi.lib : _printfi.c.obj (.text:_pconv_a)
                  00005dbc    00000260     libcybotScan.lib : cyBot_Scan.obj (.text)
                  0000601c    00000248     Timer.obj (.text)
                  00006264    000001ec     libcybotScan.lib : ping.obj (.text)
                  00006450    000001dc     uart.obj (.text)
                  0000662c    000001d0     rtsv7M4_T_le_v4SPD16_eabi.lib : _printfi.c.obj (.text:_pconv_g)
                  000067fc    000001b6                                   : fd_add_t2.asm.obj (.text)
                  000069b2    00000002                                   : div0.asm.obj (.text)
                  000069b4    00000174                                   : k_sin.c.obj (.text:__kernel_sin)
                  00006b28    00000170                                   : k_cos.c.obj (.text:__kernel_cos)
                  00006c98    00000158                                   : e_atan2f.c.obj (.text:atan2f)
                  00006df0    00000158     libcybotScan.lib : servo.obj (.text)
                  00006f48    00000158     rtsv7M4_T_le_v4SPD16_eabi.lib : e_sqrt.c.obj (.text:sqrt)
                  000070a0    00000150                                   : s_atanf.c.obj (.text:atanf)
                  000071f0    0000013c                                   : _printfi.c.obj (.text:_pconv_e)
                  0000732c    00000136                                   : fd_div_t2.asm.obj (.text)
                  00007462    00000002     --HOLE-- [fill = 0]
                  00007464    00000124                                   : _printfi.c.obj (.text:fcvt)
                  00007588    00000118     libcybotScan.lib : ir.obj (.text)
                  000076a0    00000110     rtsv7M4_T_le_v4SPD16_eabi.lib : s_scalbn.c.obj (.text:scalbn)
                  000077b0    00000100                                   : memory.c.obj (.text:aligned_alloc)
                  000078b0    000000fc                                   : fd_mul_t2.asm.obj (.text)
                  000079ac    000000f8                                   : s_floor.c.obj (.text:floor)
                  00007aa4    000000e4                                   : memory.c.obj (.text:free)
                  00007b88    000000b4                                   : s_cosf.c.obj (.text:cosf)
                  00007c3c    000000b1                                   : _printfi.c.obj (.text:_ltostr)
                  00007ced    00000001     --HOLE-- [fill = 0]
                  00007cee    000000ac     music.obj (.text)
                  00007d9a    00000002     --HOLE-- [fill = 0]
                  00007d9c    000000a4     rtsv7M4_T_le_v4SPD16_eabi.lib : s_sinf.c.obj (.text:sinf)
                  00007e40    0000009c                                   : memcpy_t2.asm.obj (.text)
                  00007edc    00000096                                   : ull_div_t2.asm.obj (.text)
                  00007f72    00000002     --HOLE-- [fill = 0]
                  00007f74    00000090     util.obj (.text)
                  00008004    00000086     rtsv7M4_T_le_v4SPD16_eabi.lib : fd_cmp_t2.asm.obj (.text:__aeabi_cdcmple)
                  0000808a    00000086                                   : fd_cmp_t2.asm.obj (.text:__aeabi_cdrcmple)
                  00008110    0000007a                                   : memset_t2.asm.obj (.text)
                  0000818a    00000002     --HOLE-- [fill = 0]
                  0000818c    00000070                                   : memory.c.obj (.text:split)
                  000081fc    0000006e                                   : _printfi.c.obj (.text:_mcpy)
                  0000826a    0000006e                                   : fd_tos_t2.asm.obj (.text)
                  000082d8    00000068                                   : copy_decompress_lzss.c.obj (.text:decompress:lzss:__TI_decompress_lzss)
                  00008340    00000064                                   : s_frexp.c.obj (.text:frexp)
                  000083a4    00000056                                   : _printfi.c.obj (.text:_pconv_f)
                  000083fa    00000054                                   : _ltoa.c.obj (.text:__TI_ltoa)
                  0000844e    00000052                                   : _printfi.c.obj (.text:_ecpy)
                  000084a0    0000004c                                   : atoi.c.obj (.text:atoi)
                  000084ec    00000048                                   : fd_toi_t2.asm.obj (.text)
                  00008534    00000044                                   : autoinit.c.obj (.text:__TI_auto_init_nobinit_nopinit:__TI_auto_init_nobinit_nopinit)
                  00008578    00000040                                   : sprintf.c.obj (.text:sprintf)
                  000085b8    00000040                                   : vsnprintf.c.obj (.text:vsnprintf)
                  000085f8    0000003e                                   : _printfi.c.obj (.text:_fcpy)
                  00008636    00000002     --HOLE-- [fill = 0]
                  00008638    00000038                                   : memory.c.obj (.text:calloc)
                  00008670    00000038                                   : fs_tod_t2.asm.obj (.text)
                  000086a8    00000034     driverlib.lib : interrupt.obj (.text:IntRegister)
                  000086dc    00000034     rtsv7M4_T_le_v4SPD16_eabi.lib : boot_cortex_m.c.obj (.text:_c_int00_noargs:_c_int00_noargs)
                  00008710    00000030                                   : vsnprintf.c.obj (.text:_outs)
                  00008740    0000002e                                   : i_tofd_t2.asm.obj (.text)
                  0000876e    00000002     --HOLE-- [fill = 0]
                  00008770    00000028                                   : memory.c.obj (.text:free_list_insert)
                  00008798    0000001c                                   : copy_zero_init.c.obj (.text:decompress:ZI:__TI_zero_init_nomemset:__TI_zero_init_nomemset)
                  000087b4    0000001c                                   : memory.c.obj (.text:free_list_remove)
                  000087d0    0000001c                                   : memccpy.c.obj (.text:memccpy)
                  000087ec    0000001a                                   : s_copysign.c.obj (.text:copysign)
                  00008806    00000018                                   : vsnprintf.c.obj (.text:_outc)
                  0000881e    00000018                                   : sprintf.c.obj (.text:_outs)
                  00008836    00000018     open_interface.obj (.text:oi_parseInt)
                  0000884e    00000018     rtsv7M4_T_le_v4SPD16_eabi.lib : strcmp.c.obj (.text:strcmp)
                  00008866    00000016                                   : strchr.c.obj (.text:strchr)
                  0000887c    00000014                                   : strcpy.c.obj (.text:strcpy)
                  00008890    00000014                                   : strlen.c.obj (.text:strlen)
                  000088a4    00000012                                   : wcslen.c.obj (.text:wcslen)
                  000088b6    00000010     driverlib.lib : interrupt.obj (.text:IntMasterEnable)
                  000088c6    00000010     lcd.obj (.text:lcd_clear)
                  000088d6    0000000e     rtsv7M4_T_le_v4SPD16_eabi.lib : copy_decompress_none.c.obj (.text:decompress:none:__TI_decompress_none)
                  000088e4    0000000c     driverlib.lib : cpu.obj (.text:CPUcpsie)
                  000088f0    0000000c     tm4c123gh6pm_startup_ccs.obj (.text)
                  000088fc    0000000a     rtsv7M4_T_le_v4SPD16_eabi.lib : sprintf.c.obj (.text:_outc)
                  00008906    00000002     --HOLE-- [fill = 0]
                  00008908    00000008                                   : errno.c.obj (.text:__aeabi_errno_addr)
                  00008910    00000008                                   : memory.c.obj (.text:malloc)
                  00008918    00000004                                   : pre_init.c.obj (.text:_system_pre_init)
                  0000891c    00000004                                   : exit.c.obj (.text:abort:abort)

.const     0    00008920    000007a7     
                  00008920    0000016c     main.obj (.const:$P$T0$1)
                  00008a8c    0000016c     scan.obj (.const:$P$T0$1)
                  00008bf8    0000016c     main.obj (.const:$P$T1$2)
                  00008d64    00000004     lcd.obj (.const:.string:lineAddress$1)
                  00008d68    00000158     rtsv7M4_T_le_v4SPD16_eabi.lib : k_rem_pio2.c.obj (.const:$O1$$)
                  00008ec0    00000101                                   : ctype.c.obj (.const:.string:_ctypes_)
                  00008fc1    00000003     --HOLE-- [fill = 0]
                  00008fc4    00000050     main.obj (.const:$P$T2$3)
                  00009014    0000003c     main.obj (.const:$P$T3$4)
                  00009050    00000034     rtsv7M4_T_le_v4SPD16_eabi.lib : s_atanf.c.obj (.const:$O1$$)
                  00009084    00000004     lcd.obj (.const:.string:lineAddresses$2)
                  00009088    00000030     rtsv7M4_T_le_v4SPD16_eabi.lib : e_pow.c.obj (.const:$O1$$)
                  000090b8    0000000f     open_interface.obj (.const:.string:$P$T0$3)

.cinit     0    000090c8    00000140     
                  000090c8    00000108     (.cinit..data.load) [load image, compression = lzss]
                  000091d0    0000000c     (__TI_handler_table)
                  000091dc    00000004     --HOLE-- [fill = 0]
                  000091e0    00000008     (.cinit..bss.load) [load image, compression = zero_init]
                  000091e8    00000008     (.cinit..vtable.load) [load image, compression = zero_init]
                  000091f0    00000018     (__TI_cinit_table)

.init_array 
*          0    00000000    00000000     UNINITIALIZED

.vtable    0    20000000    0000026c     UNINITIALIZED
                  20000000    0000026c     driverlib.lib : interrupt.obj (.vtable)

.stack     0    20000270    00001388     UNINITIALIZED
                  20000270    00000004     rtsv7M4_T_le_v4SPD16_eabi.lib : boot_cortex_m.c.obj (.stack)
                  20000274    00001384     --HOLE--

.data      0    200015f8    00000ae5     UNINITIALIZED
                  200015f8    00000aac     main.obj (.data:midi_data)
                  200020a4    00000020     open_interface.obj (.data)
                  200020c4    00000008     rtsv7M4_T_le_v4SPD16_eabi.lib : _lock.c.obj (.data:$O1$$)
                  200020cc    00000008                                   : memory.c.obj (.data:$O1$$)
                  200020d4    00000004     libcybotScan.lib : cyBot_Scan.obj (.data)
                  200020d8    00000004     rtsv7M4_T_le_v4SPD16_eabi.lib : errno.c.obj (.data)
                  200020dc    00000001     Timer.obj (.data)

.sysmem    0    200020e0    00000800     UNINITIALIZED
                  200020e0    00000010     rtsv7M4_T_le_v4SPD16_eabi.lib : memory.c.obj (.sysmem)
                  200020f0    000007f0     --HOLE--

.bss       0    200028e0    0000008e     UNINITIALIZED
                  200028e0    00000054     lcd.obj (.bss:lastbuffer$3)
                  20002934    00000018     open_interface.obj (.bss:firmware$2)
                  2000294c    00000004     (.common:_timeout_ticks)
                  20002950    00000004     (.common:fallingEdge)
                  20002954    00000004     (.common:flag)
                  20002958    00000004     (.common:isr_int_value)
                  2000295c    00000004     (.common:left_calibration_value)
                  20002960    00000004     (.common:pulseLength)
                  20002964    00000004     (.common:right_calibration_value)
                  20002968    00000004     (.common:risingEdge)
                  2000296c    00000001     (.common:isRisingEdge)
                  2000296d    00000001     (.common:recived)

__llvm_prf_cnts 
*          0    20000000    00000000     UNINITIALIZED

MODULE SUMMARY

       Module                         code    ro data   rw data
       ------                         ----    -------   -------
    .\
       scan.obj                       5196    364       0      
       main.obj                       1132    868       2745   
       open_interface.obj             3128    15        56     
       movement.obj                   1528    0         0      
       lcd.obj                        824     8         84     
       tm4c123gh6pm_startup_ccs.obj   12      620       0      
       Timer.obj                      584     0         5      
       uart.obj                       476     0         0      
       music.obj                      172     0         0      
       util.obj                       144     0         0      
    +--+------------------------------+-------+---------+---------+
       Total:                         13196   1875      2890   
                                                               
    ../libcybotScan.lib
       cyBot_Scan.obj                 608     0         4      
       ping.obj                       492     0         13     
       servo.obj                      344     0         0      
       ir.obj                         280     0         4      
    +--+------------------------------+-------+---------+---------+
       Total:                         1724    0         21     
                                                               
    C:/ti/TivaWare_C_Series-2.2.0.295/driverlib/ccs/Debug/driverlib.lib
       interrupt.obj                  68      0         620    
       cpu.obj                        12      0         0      
    +--+------------------------------+-------+---------+---------+
       Total:                         80      0         620    
                                                               
    C:\ti\ccs1271\ccs\tools\compiler\ti-cgt-arm_20.2.7.LTS\lib\rtsv7M4_T_le_v4SPD16_eabi.lib
       _printfi.c.obj                 4851    0         0      
       e_pow.c.obj                    2512    48        0      
       k_rem_pio2.c.obj               1848    344       0      
       s_sin.c.obj                    1504    0         0      
       s_cos.c.obj                    1500    0         0      
       e_asin.c.obj                   980     0         0      
       memory.c.obj                   728     0         8      
       fd_add_t2.asm.obj              438     0         0      
       s_atanf.c.obj                  336     52        0      
       k_sin.c.obj                    372     0         0      
       k_cos.c.obj                    368     0         0      
       e_atan2f.c.obj                 344     0         0      
       e_sqrt.c.obj                   344     0         0      
       fd_div_t2.asm.obj              310     0         0      
       s_scalbn.c.obj                 272     0         0      
       fd_cmp_t2.asm.obj              268     0         0      
       ctype.c.obj                    0       257       0      
       fd_mul_t2.asm.obj              252     0         0      
       s_floor.c.obj                  248     0         0      
       s_cosf.c.obj                   180     0         0      
       s_sinf.c.obj                   164     0         0      
       memcpy_t2.asm.obj              156     0         0      
       ull_div_t2.asm.obj             150     0         0      
       vsnprintf.c.obj                136     0         0      
       memset_t2.asm.obj              122     0         0      
       fd_tos_t2.asm.obj              110     0         0      
       copy_decompress_lzss.c.obj     104     0         0      
       s_frexp.c.obj                  100     0         0      
       sprintf.c.obj                  98      0         0      
       _ltoa.c.obj                    84      0         0      
       atoi.c.obj                     76      0         0      
       fd_toi_t2.asm.obj              72      0         0      
       autoinit.c.obj                 68      0         0      
       fs_tod_t2.asm.obj              56      0         0      
       boot_cortex_m.c.obj            52      0         0      
       i_tofd_t2.asm.obj              46      0         0      
       copy_zero_init.c.obj           28      0         0      
       memccpy.c.obj                  28      0         0      
       s_copysign.c.obj               26      0         0      
       strcmp.c.obj                   24      0         0      
       strchr.c.obj                   22      0         0      
       strcpy.c.obj                   20      0         0      
       strlen.c.obj                   20      0         0      
       wcslen.c.obj                   18      0         0      
       copy_decompress_none.c.obj     14      0         0      
       errno.c.obj                    8       0         4      
       _lock.c.obj                    2       0         8      
       exit.c.obj                     4       0         0      
       pre_init.c.obj                 4       0         0      
       div0.asm.obj                   2       0         0      
    +--+------------------------------+-------+---------+---------+
       Total:                         19469   701       20     
                                                               
       Heap:                          0       0         2048   
       Stack:                         0       0         5000   
       Linker Generated:              0       316       0      
    +--+------------------------------+-------+---------+---------+
       Grand Total:                   34469   2892      10599  


LINKER GENERATED COPY TABLES

__TI_cinit_table @ 000091f0 records: 3, size/record: 8, table size: 24
	.data: load addr=000090c8, load size=00000108 bytes, run addr=200015f8, run size=00000ae5 bytes, compression=lzss
	.bss: load addr=000091e0, load size=00000008 bytes, run addr=200028e0, run size=0000008e bytes, compression=zero_init
	.vtable: load addr=000091e8, load size=00000008 bytes, run addr=20000000, run size=0000026c bytes, compression=zero_init


LINKER GENERATED HANDLER TABLE

__TI_handler_table @ 000091d0 records: 3, size/record: 4, table size: 12
	index: 0, handler: __TI_zero_init
	index: 1, handler: __TI_decompress_lzss
	index: 2, handler: __TI_decompress_none


GLOBAL SYMBOLS: SORTED ALPHABETICALLY BY Name 

address   name                          
-------   ----                          
00007621  ADC0SS0_Handler               
0000891d  C$$EXIT                       
000088e5  CPUcpsie                      
0000200f  GPIOF_Handler                 
000088b7  IntMasterEnable               
000086a9  IntRegister                   
000088f1  ResetISR                      
00006355  TIMER3B_Handler               
0000659b  UART1_Handler                 
200015f8  __STACK_END                   
00001388  __STACK_SIZE                  
20000470  __STACK_TOP                   
00000800  __SYSMEM_SIZE                 
000091f0  __TI_CINIT_Base               
00009208  __TI_CINIT_Limit              
000091d0  __TI_Handler_Table_Base       
000091dc  __TI_Handler_Table_Limit      
00008535  __TI_auto_init_nobinit_nopinit
000082d9  __TI_decompress_lzss          
000088d7  __TI_decompress_none          
000083fb  __TI_ltoa                     
ffffffff  __TI_pprof_out_hndl           
000022d9  __TI_printfi                  
ffffffff  __TI_prof_data_size           
ffffffff  __TI_prof_data_start          
00000000  __TI_static_base__            
00008799  __TI_zero_init_nomemset       
00008005  __aeabi_cdcmpeq               
00008005  __aeabi_cdcmple               
0000808b  __aeabi_cdrcmple              
0000826b  __aeabi_d2f                   
000084ed  __aeabi_d2iz                  
00006807  __aeabi_dadd                  
0000732d  __aeabi_ddiv                  
000078b1  __aeabi_dmul                  
000067fd  __aeabi_dsub                  
00008909  __aeabi_errno_addr            
00008671  __aeabi_f2d                   
00008741  __aeabi_i2d                   
000069b3  __aeabi_idiv0                 
000069b3  __aeabi_ldiv0                 
00008111  __aeabi_memclr                
00008111  __aeabi_memclr4               
00008111  __aeabi_memclr8               
00007e41  __aeabi_memcpy                
00007e41  __aeabi_memcpy4               
00007e41  __aeabi_memcpy8               
00008113  __aeabi_memset                
00008113  __aeabi_memset4               
00008113  __aeabi_memset8               
00007edd  __aeabi_uldivmod              
ffffffff  __binit__                     
ffffffff  __c_args__                    
00006b29  __kernel_cos                  
000036f9  __kernel_rem_pio2             
000069b5  __kernel_sin                  
UNDEFED   __mpu_init                    
20000270  __stack                       
20000000  __start___llvm_prf_cnts       
20000000  __stop___llvm_prf_cnts        
000086dd  _c_int00_noargs               
00008ec0  _ctypes_                      
200020c4  _lock                         
00002d27  _nop                          
200020dc  _running                      
200020e0  _sys_memory                   
UNDEFED   _system_post_cinit            
00008919  _system_pre_init              
2000294c  _timeout_ticks                
200020c8  _unlock                       
0000891d  abort                         
000077b1  aligned_alloc                 
00005451  asin                          
00005451  asinl                         
00006c99  atan2f                        
000070a1  atanf                         
000084a1  atoi                          
ffffffff  binit                         
00008639  calloc                        
00000dc7  compare_objects               
000011c3  compensate_for_displacement   
000087ed  copysign                      
000087ed  copysignl                     
00004a09  cos                           
00007b89  cosf                          
00004a09  cosl                          
00005e95  cyBOT_SERVO_cal               
00005e23  cyBOT_Scan                    
00005dcb  cyBOT_init_Scan               
200020d4  cyBOT_scan_features           
00005dbd  cyBOT_scan_version            
00007f75  degToRad                      
0000051d  do_ir_scan                    
0000047b  do_scan_filter                
000043c5  dummy_move                    
200020d8  errno                         
00003f01  face_angle                    
20002950  fallingEdge                   
00007fc9  fdegToRad                     
000013f9  filter_outlier                
00000edd  find_objects                  
20002954  flag                          
000079ad  floor                         
000079ad  floorl                        
00007aa5  free                          
00008341  frexp                         
00008341  frexpl                        
20000000  g_pfnRAMVectors               
00000000  g_pfnVectors                  
0000116b  get_avg_ir                    
000005b9  get_dist_from_IR              
000042a7  get_speed                     
00001dcb  go_charge                     
00003e31  go_to_point                   
00000685  go_to_smallest                
00007637  ir_enableInterrupt            
00007619  ir_getDistance                
000075f1  ir_getValue                   
00007589  ir_init                       
2000296c  isRisingEdge                  
0000026d  is_path_valid                 
20002958  isr_int_value                 
000088c7  lcd_clear                     
000059f9  lcd_gotoLine                  
00005861  lcd_init                      
00005a5f  lcd_printf                    
00005921  lcd_putc                      
00005959  lcd_puts                      
00005825  lcd_reverseNibble             
00005977  lcd_sendCommand               
000059b5  lcd_sendNibble                
00005a21  lcd_setCursorPos              
000076a1  ldexp                         
000076a1  ldexpl                        
2000295c  left_calibration_value        
00004fe5  main                          
00008911  malloc                        
000077b1  memalign                      
000087d1  memccpy                       
00007e41  memcpy                        
00008119  memset                        
200020a4  motor_cal_factor_L            
200020a8  motor_cal_factor_R            
0000435d  move_backwards                
000041b5  move_forward                  
000016b9  oi_alloc                      
00001ef5  oi_checkFirmware              
00001713  oi_close                      
000016c5  oi_free                       
00002239  oi_getMotorCalibrationLeft    
0000224d  oi_getMotorCalibrationRight   
000016fd  oi_init                       
000016d5  oi_init_noupdate              
00001d61  oi_loadSong                   
00008837  oi_parseInt                   
00001777  oi_parsePacket                
00001db7  oi_play_song                  
00001c97  oi_setLeds                    
000021fd  oi_setMotorCalibration        
00001cdb  oi_setWheels                  
00001f9d  oi_shutoff_init               
00001dd9  oi_uartInit                   
00001e7d  oi_uartReceive                
00001ec3  oi_uartSendBuff               
00001e61  oi_uartSendChar               
00001ea5  oi_uartSendStr                
00001725  oi_update                     
000063a7  ping_getDistance              
00006265  ping_init                     
000062eb  ping_trigger                  
00007cef  play_song                     
00002d29  pow                           
00002d29  powl                          
000015c9  print_objects                 
00000d49  print_stored                  
00000e6b  print_to_csv                  
20002960  pulseLength                   
00007f9d  radToDeg                      
2000296d  recived                       
20002964  right_calibration_value       
20002968  risingEdge                    
000076a1  scalbn                        
000076a1  scalbnl                       
000005f5  scan_init                     
0000155d  send_scan                     
00006df1  servo_init                    
00006e81  servo_move                    
00006ee1  servo_setPWM                  
00006e75  servo_stop                    
00004429  sin                           
00007d9d  sinf                          
00004429  sinl                          
00008579  sprintf                       
00006f49  sqrt                          
00006f49  sqrtl                         
00000aa9  store_objects                 
00008867  strchr                        
0000884f  strcmp                        
0000887d  strcpy                        
00008891  strlen                        
0000613b  timer_getMicros               
000060e3  timer_getMillis               
0000601d  timer_init                    
000060bf  timer_pause                   
000060d1  timer_resume                  
00006095  timer_stop                    
00006195  timer_waitMicros              
000061c7  timer_waitMillis              
0000407f  turn_clockwise                
00004111  turn_counter_clockwise        
00006451  uart_init                     
00006599  uart_interrupt_handler        
00006549  uart_interrupt_init           
00006505  uart_receive                  
000064e9  uart_sendChar                 
0000652b  uart_sendStr                  
00003fc1  update_self                   
000085b9  vsnprintf                     
000088a5  wcslen                        


GLOBAL SYMBOLS: SORTED BY Symbol Address 

address   name                          
-------   ----                          
00000000  __TI_static_base__            
00000000  g_pfnVectors                  
0000026d  is_path_valid                 
0000047b  do_scan_filter                
0000051d  do_ir_scan                    
000005b9  get_dist_from_IR              
000005f5  scan_init                     
00000685  go_to_smallest                
00000800  __SYSMEM_SIZE                 
00000aa9  store_objects                 
00000d49  print_stored                  
00000dc7  compare_objects               
00000e6b  print_to_csv                  
00000edd  find_objects                  
0000116b  get_avg_ir                    
000011c3  compensate_for_displacement   
00001388  __STACK_SIZE                  
000013f9  filter_outlier                
0000155d  send_scan                     
000015c9  print_objects                 
000016b9  oi_alloc                      
000016c5  oi_free                       
000016d5  oi_init_noupdate              
000016fd  oi_init                       
00001713  oi_close                      
00001725  oi_update                     
00001777  oi_parsePacket                
00001c97  oi_setLeds                    
00001cdb  oi_setWheels                  
00001d61  oi_loadSong                   
00001db7  oi_play_song                  
00001dcb  go_charge                     
00001dd9  oi_uartInit                   
00001e61  oi_uartSendChar               
00001e7d  oi_uartReceive                
00001ea5  oi_uartSendStr                
00001ec3  oi_uartSendBuff               
00001ef5  oi_checkFirmware              
00001f9d  oi_shutoff_init               
0000200f  GPIOF_Handler                 
000021fd  oi_setMotorCalibration        
00002239  oi_getMotorCalibrationLeft    
0000224d  oi_getMotorCalibrationRight   
000022d9  __TI_printfi                  
00002d27  _nop                          
00002d29  pow                           
00002d29  powl                          
000036f9  __kernel_rem_pio2             
00003e31  go_to_point                   
00003f01  face_angle                    
00003fc1  update_self                   
0000407f  turn_clockwise                
00004111  turn_counter_clockwise        
000041b5  move_forward                  
000042a7  get_speed                     
0000435d  move_backwards                
000043c5  dummy_move                    
00004429  sin                           
00004429  sinl                          
00004a09  cos                           
00004a09  cosl                          
00004fe5  main                          
00005451  asin                          
00005451  asinl                         
00005825  lcd_reverseNibble             
00005861  lcd_init                      
00005921  lcd_putc                      
00005959  lcd_puts                      
00005977  lcd_sendCommand               
000059b5  lcd_sendNibble                
000059f9  lcd_gotoLine                  
00005a21  lcd_setCursorPos              
00005a5f  lcd_printf                    
00005dbd  cyBOT_scan_version            
00005dcb  cyBOT_init_Scan               
00005e23  cyBOT_Scan                    
00005e95  cyBOT_SERVO_cal               
0000601d  timer_init                    
00006095  timer_stop                    
000060bf  timer_pause                   
000060d1  timer_resume                  
000060e3  timer_getMillis               
0000613b  timer_getMicros               
00006195  timer_waitMicros              
000061c7  timer_waitMillis              
00006265  ping_init                     
000062eb  ping_trigger                  
00006355  TIMER3B_Handler               
000063a7  ping_getDistance              
00006451  uart_init                     
000064e9  uart_sendChar                 
00006505  uart_receive                  
0000652b  uart_sendStr                  
00006549  uart_interrupt_init           
00006599  uart_interrupt_handler        
0000659b  UART1_Handler                 
000067fd  __aeabi_dsub                  
00006807  __aeabi_dadd                  
000069b3  __aeabi_idiv0                 
000069b3  __aeabi_ldiv0                 
000069b5  __kernel_sin                  
00006b29  __kernel_cos                  
00006c99  atan2f                        
00006df1  servo_init                    
00006e75  servo_stop                    
00006e81  servo_move                    
00006ee1  servo_setPWM                  
00006f49  sqrt                          
00006f49  sqrtl                         
000070a1  atanf                         
0000732d  __aeabi_ddiv                  
00007589  ir_init                       
000075f1  ir_getValue                   
00007619  ir_getDistance                
00007621  ADC0SS0_Handler               
00007637  ir_enableInterrupt            
000076a1  ldexp                         
000076a1  ldexpl                        
000076a1  scalbn                        
000076a1  scalbnl                       
000077b1  aligned_alloc                 
000077b1  memalign                      
000078b1  __aeabi_dmul                  
000079ad  floor                         
000079ad  floorl                        
00007aa5  free                          
00007b89  cosf                          
00007cef  play_song                     
00007d9d  sinf                          
00007e41  __aeabi_memcpy                
00007e41  __aeabi_memcpy4               
00007e41  __aeabi_memcpy8               
00007e41  memcpy                        
00007edd  __aeabi_uldivmod              
00007f75  degToRad                      
00007f9d  radToDeg                      
00007fc9  fdegToRad                     
00008005  __aeabi_cdcmpeq               
00008005  __aeabi_cdcmple               
0000808b  __aeabi_cdrcmple              
00008111  __aeabi_memclr                
00008111  __aeabi_memclr4               
00008111  __aeabi_memclr8               
00008113  __aeabi_memset                
00008113  __aeabi_memset4               
00008113  __aeabi_memset8               
00008119  memset                        
0000826b  __aeabi_d2f                   
000082d9  __TI_decompress_lzss          
00008341  frexp                         
00008341  frexpl                        
000083fb  __TI_ltoa                     
000084a1  atoi                          
000084ed  __aeabi_d2iz                  
00008535  __TI_auto_init_nobinit_nopinit
00008579  sprintf                       
000085b9  vsnprintf                     
00008639  calloc                        
00008671  __aeabi_f2d                   
000086a9  IntRegister                   
000086dd  _c_int00_noargs               
00008741  __aeabi_i2d                   
00008799  __TI_zero_init_nomemset       
000087d1  memccpy                       
000087ed  copysign                      
000087ed  copysignl                     
00008837  oi_parseInt                   
0000884f  strcmp                        
00008867  strchr                        
0000887d  strcpy                        
00008891  strlen                        
000088a5  wcslen                        
000088b7  IntMasterEnable               
000088c7  lcd_clear                     
000088d7  __TI_decompress_none          
000088e5  CPUcpsie                      
000088f1  ResetISR                      
00008909  __aeabi_errno_addr            
00008911  malloc                        
00008919  _system_pre_init              
0000891d  C$$EXIT                       
0000891d  abort                         
00008ec0  _ctypes_                      
000091d0  __TI_Handler_Table_Base       
000091dc  __TI_Handler_Table_Limit      
000091f0  __TI_CINIT_Base               
00009208  __TI_CINIT_Limit              
20000000  __start___llvm_prf_cnts       
20000000  __stop___llvm_prf_cnts        
20000000  g_pfnRAMVectors               
20000270  __stack                       
20000470  __STACK_TOP                   
200015f8  __STACK_END                   
200020a4  motor_cal_factor_L            
200020a8  motor_cal_factor_R            
200020c4  _lock                         
200020c8  _unlock                       
200020d4  cyBOT_scan_features           
200020d8  errno                         
200020dc  _running                      
200020e0  _sys_memory                   
2000294c  _timeout_ticks                
20002950  fallingEdge                   
20002954  flag                          
20002958  isr_int_value                 
2000295c  left_calibration_value        
20002960  pulseLength                   
20002964  right_calibration_value       
20002968  risingEdge                    
2000296c  isRisingEdge                  
2000296d  recived                       
ffffffff  __TI_pprof_out_hndl           
ffffffff  __TI_prof_data_size           
ffffffff  __TI_prof_data_start          
ffffffff  __binit__                     
ffffffff  __c_args__                    
ffffffff  binit                         
UNDEFED   __mpu_init                    
UNDEFED   _system_post_cinit            

[219 symbols]
