<?xml version="1.0" encoding="ISO-8859-1" ?>
<link_info>
   <banner>TI ARM Linker PC v20.2.7.LTS</banner>
   <copyright>Copyright (c) 1996-2018 Texas Instruments Incorporated</copyright>
   <link_time>0x68e99214</link_time>
   <link_errors>0x0</link_errors>
   <output_file>lab_3.out</output_file>
   <entry_point>
      <name>_c_int00_noargs</name>
      <address>0x695d</address>
   </entry_point>
   <input_file_list>
      <input_file id="fl-2">
         <path>.\</path>
         <kind>object</kind>
         <file>Timer.obj</file>
         <name>Timer.obj</name>
      </input_file>
      <input_file id="fl-3">
         <path>.\</path>
         <kind>object</kind>
         <file>lcd.obj</file>
         <name>lcd.obj</name>
      </input_file>
      <input_file id="fl-4">
         <path>.\</path>
         <kind>object</kind>
         <file>main.obj</file>
         <name>main.obj</name>
      </input_file>
      <input_file id="fl-5">
         <path>.\</path>
         <kind>object</kind>
         <file>movement.obj</file>
         <name>movement.obj</name>
      </input_file>
      <input_file id="fl-6">
         <path>.\</path>
         <kind>object</kind>
         <file>open_interface.obj</file>
         <name>open_interface.obj</name>
      </input_file>
      <input_file id="fl-7">
         <path>.\</path>
         <kind>object</kind>
         <file>putty_interface.obj</file>
         <name>putty_interface.obj</name>
      </input_file>
      <input_file id="fl-8">
         <path>.\</path>
         <kind>object</kind>
         <file>sonar_scan.obj</file>
         <name>sonar_scan.obj</name>
      </input_file>
      <input_file id="fl-9">
         <path>.\</path>
         <kind>object</kind>
         <file>tm4c123gh6pm_startup_ccs.obj</file>
         <name>tm4c123gh6pm_startup_ccs.obj</name>
      </input_file>
      <input_file id="fl-10">
         <kind>object</kind>
         <file>&lt;internal&gt;</file>
         <name>&lt;internal&gt;</name>
      </input_file>
      <input_file id="fl-11">
         <path>..\</path>
         <kind>archive</kind>
         <file>libcybotScan.lib</file>
         <name>cyBot_Scan.obj</name>
      </input_file>
      <input_file id="fl-12">
         <path>..\</path>
         <kind>archive</kind>
         <file>libcybotScan.lib</file>
         <name>ir.obj</name>
      </input_file>
      <input_file id="fl-13">
         <path>..\</path>
         <kind>archive</kind>
         <file>libcybotScan.lib</file>
         <name>ping.obj</name>
      </input_file>
      <input_file id="fl-14">
         <path>..\</path>
         <kind>archive</kind>
         <file>libcybotScan.lib</file>
         <name>servo.obj</name>
      </input_file>
      <input_file id="fl-15">
         <path>..\</path>
         <kind>archive</kind>
         <file>libcybotUART.lib</file>
         <name>uart.obj</name>
      </input_file>
      <input_file id="fl-cb">
         <path>C:\ti\ccs1271\ccs\tools\compiler\ti-cgt-arm_20.2.7.LTS\lib\</path>
         <kind>archive</kind>
         <file>rtsv7M4_T_le_v4SPD16_eabi.lib</file>
         <name>e_asin.c.obj</name>
      </input_file>
      <input_file id="fl-cc">
         <path>C:\ti\ccs1271\ccs\tools\compiler\ti-cgt-arm_20.2.7.LTS\lib\</path>
         <kind>archive</kind>
         <file>rtsv7M4_T_le_v4SPD16_eabi.lib</file>
         <name>e_sqrt.c.obj</name>
      </input_file>
      <input_file id="fl-cd">
         <path>C:\ti\ccs1271\ccs\tools\compiler\ti-cgt-arm_20.2.7.LTS\lib\</path>
         <kind>archive</kind>
         <file>rtsv7M4_T_le_v4SPD16_eabi.lib</file>
         <name>s_cos.c.obj</name>
      </input_file>
      <input_file id="fl-ce">
         <path>C:\ti\ccs1271\ccs\tools\compiler\ti-cgt-arm_20.2.7.LTS\lib\</path>
         <kind>archive</kind>
         <file>rtsv7M4_T_le_v4SPD16_eabi.lib</file>
         <name>s_sin.c.obj</name>
      </input_file>
      <input_file id="fl-cf">
         <path>C:\ti\ccs1271\ccs\tools\compiler\ti-cgt-arm_20.2.7.LTS\lib\</path>
         <kind>archive</kind>
         <file>rtsv7M4_T_le_v4SPD16_eabi.lib</file>
         <name>sprintf.c.obj</name>
      </input_file>
      <input_file id="fl-d0">
         <path>C:\ti\ccs1271\ccs\tools\compiler\ti-cgt-arm_20.2.7.LTS\lib\</path>
         <kind>archive</kind>
         <file>rtsv7M4_T_le_v4SPD16_eabi.lib</file>
         <name>vsnprintf.c.obj</name>
      </input_file>
      <input_file id="fl-d1">
         <path>C:\ti\ccs1271\ccs\tools\compiler\ti-cgt-arm_20.2.7.LTS\lib\</path>
         <kind>archive</kind>
         <file>rtsv7M4_T_le_v4SPD16_eabi.lib</file>
         <name>fd_add_t2.asm.obj</name>
      </input_file>
      <input_file id="fl-d2">
         <path>C:\ti\ccs1271\ccs\tools\compiler\ti-cgt-arm_20.2.7.LTS\lib\</path>
         <kind>archive</kind>
         <file>rtsv7M4_T_le_v4SPD16_eabi.lib</file>
         <name>fd_cmp_t2.asm.obj</name>
      </input_file>
      <input_file id="fl-d3">
         <path>C:\ti\ccs1271\ccs\tools\compiler\ti-cgt-arm_20.2.7.LTS\lib\</path>
         <kind>archive</kind>
         <file>rtsv7M4_T_le_v4SPD16_eabi.lib</file>
         <name>fd_div_t2.asm.obj</name>
      </input_file>
      <input_file id="fl-d4">
         <path>C:\ti\ccs1271\ccs\tools\compiler\ti-cgt-arm_20.2.7.LTS\lib\</path>
         <kind>archive</kind>
         <file>rtsv7M4_T_le_v4SPD16_eabi.lib</file>
         <name>fd_mul_t2.asm.obj</name>
      </input_file>
      <input_file id="fl-d5">
         <path>C:\ti\ccs1271\ccs\tools\compiler\ti-cgt-arm_20.2.7.LTS\lib\</path>
         <kind>archive</kind>
         <file>rtsv7M4_T_le_v4SPD16_eabi.lib</file>
         <name>fd_toi_t2.asm.obj</name>
      </input_file>
      <input_file id="fl-d6">
         <path>C:\ti\ccs1271\ccs\tools\compiler\ti-cgt-arm_20.2.7.LTS\lib\</path>
         <kind>archive</kind>
         <file>rtsv7M4_T_le_v4SPD16_eabi.lib</file>
         <name>fd_tos_t2.asm.obj</name>
      </input_file>
      <input_file id="fl-d7">
         <path>C:\ti\ccs1271\ccs\tools\compiler\ti-cgt-arm_20.2.7.LTS\lib\</path>
         <kind>archive</kind>
         <file>rtsv7M4_T_le_v4SPD16_eabi.lib</file>
         <name>fs_tod_t2.asm.obj</name>
      </input_file>
      <input_file id="fl-d8">
         <path>C:\ti\ccs1271\ccs\tools\compiler\ti-cgt-arm_20.2.7.LTS\lib\</path>
         <kind>archive</kind>
         <file>rtsv7M4_T_le_v4SPD16_eabi.lib</file>
         <name>i_tofd_t2.asm.obj</name>
      </input_file>
      <input_file id="fl-d9">
         <path>C:\ti\ccs1271\ccs\tools\compiler\ti-cgt-arm_20.2.7.LTS\lib\</path>
         <kind>archive</kind>
         <file>rtsv7M4_T_le_v4SPD16_eabi.lib</file>
         <name>memcpy_t2.asm.obj</name>
      </input_file>
      <input_file id="fl-da">
         <path>C:\ti\ccs1271\ccs\tools\compiler\ti-cgt-arm_20.2.7.LTS\lib\</path>
         <kind>archive</kind>
         <file>rtsv7M4_T_le_v4SPD16_eabi.lib</file>
         <name>copy_zero_init.c.obj</name>
      </input_file>
      <input_file id="fl-db">
         <path>C:\ti\ccs1271\ccs\tools\compiler\ti-cgt-arm_20.2.7.LTS\lib\</path>
         <kind>archive</kind>
         <file>rtsv7M4_T_le_v4SPD16_eabi.lib</file>
         <name>copy_decompress_none.c.obj</name>
      </input_file>
      <input_file id="fl-dc">
         <path>C:\ti\ccs1271\ccs\tools\compiler\ti-cgt-arm_20.2.7.LTS\lib\</path>
         <kind>archive</kind>
         <file>rtsv7M4_T_le_v4SPD16_eabi.lib</file>
         <name>copy_decompress_lzss.c.obj</name>
      </input_file>
      <input_file id="fl-dd">
         <path>C:\ti\ccs1271\ccs\tools\compiler\ti-cgt-arm_20.2.7.LTS\lib\</path>
         <kind>archive</kind>
         <file>rtsv7M4_T_le_v4SPD16_eabi.lib</file>
         <name>memory.c.obj</name>
      </input_file>
      <input_file id="fl-de">
         <path>C:\ti\ccs1271\ccs\tools\compiler\ti-cgt-arm_20.2.7.LTS\lib\</path>
         <kind>archive</kind>
         <file>rtsv7M4_T_le_v4SPD16_eabi.lib</file>
         <name>strcmp.c.obj</name>
      </input_file>
      <input_file id="fl-df">
         <path>C:\ti\ccs1271\ccs\tools\compiler\ti-cgt-arm_20.2.7.LTS\lib\</path>
         <kind>archive</kind>
         <file>rtsv7M4_T_le_v4SPD16_eabi.lib</file>
         <name>strcpy.c.obj</name>
      </input_file>
      <input_file id="fl-e0">
         <path>C:\ti\ccs1271\ccs\tools\compiler\ti-cgt-arm_20.2.7.LTS\lib\</path>
         <kind>archive</kind>
         <file>rtsv7M4_T_le_v4SPD16_eabi.lib</file>
         <name>k_rem_pio2.c.obj</name>
      </input_file>
      <input_file id="fl-e1">
         <path>C:\ti\ccs1271\ccs\tools\compiler\ti-cgt-arm_20.2.7.LTS\lib\</path>
         <kind>archive</kind>
         <file>rtsv7M4_T_le_v4SPD16_eabi.lib</file>
         <name>boot_cortex_m.c.obj</name>
      </input_file>
      <input_file id="fl-e2">
         <path>C:\ti\ccs1271\ccs\tools\compiler\ti-cgt-arm_20.2.7.LTS\lib\</path>
         <kind>archive</kind>
         <file>rtsv7M4_T_le_v4SPD16_eabi.lib</file>
         <name>errno.c.obj</name>
      </input_file>
      <input_file id="fl-e3">
         <path>C:\ti\ccs1271\ccs\tools\compiler\ti-cgt-arm_20.2.7.LTS\lib\</path>
         <kind>archive</kind>
         <file>rtsv7M4_T_le_v4SPD16_eabi.lib</file>
         <name>k_cos.c.obj</name>
      </input_file>
      <input_file id="fl-e4">
         <path>C:\ti\ccs1271\ccs\tools\compiler\ti-cgt-arm_20.2.7.LTS\lib\</path>
         <kind>archive</kind>
         <file>rtsv7M4_T_le_v4SPD16_eabi.lib</file>
         <name>k_sin.c.obj</name>
      </input_file>
      <input_file id="fl-e5">
         <path>C:\ti\ccs1271\ccs\tools\compiler\ti-cgt-arm_20.2.7.LTS\lib\</path>
         <kind>archive</kind>
         <file>rtsv7M4_T_le_v4SPD16_eabi.lib</file>
         <name>s_floor.c.obj</name>
      </input_file>
      <input_file id="fl-e6">
         <path>C:\ti\ccs1271\ccs\tools\compiler\ti-cgt-arm_20.2.7.LTS\lib\</path>
         <kind>archive</kind>
         <file>rtsv7M4_T_le_v4SPD16_eabi.lib</file>
         <name>s_scalbn.c.obj</name>
      </input_file>
      <input_file id="fl-e7">
         <path>C:\ti\ccs1271\ccs\tools\compiler\ti-cgt-arm_20.2.7.LTS\lib\</path>
         <kind>archive</kind>
         <file>rtsv7M4_T_le_v4SPD16_eabi.lib</file>
         <name>_printfi.c.obj</name>
      </input_file>
      <input_file id="fl-e8">
         <path>C:\ti\ccs1271\ccs\tools\compiler\ti-cgt-arm_20.2.7.LTS\lib\</path>
         <kind>archive</kind>
         <file>rtsv7M4_T_le_v4SPD16_eabi.lib</file>
         <name>memset_t2.asm.obj</name>
      </input_file>
      <input_file id="fl-e9">
         <path>C:\ti\ccs1271\ccs\tools\compiler\ti-cgt-arm_20.2.7.LTS\lib\</path>
         <kind>archive</kind>
         <file>rtsv7M4_T_le_v4SPD16_eabi.lib</file>
         <name>ull_div_t2.asm.obj</name>
      </input_file>
      <input_file id="fl-ea">
         <path>C:\ti\ccs1271\ccs\tools\compiler\ti-cgt-arm_20.2.7.LTS\lib\</path>
         <kind>archive</kind>
         <file>rtsv7M4_T_le_v4SPD16_eabi.lib</file>
         <name>autoinit.c.obj</name>
      </input_file>
      <input_file id="fl-eb">
         <path>C:\ti\ccs1271\ccs\tools\compiler\ti-cgt-arm_20.2.7.LTS\lib\</path>
         <kind>archive</kind>
         <file>rtsv7M4_T_le_v4SPD16_eabi.lib</file>
         <name>pre_init.c.obj</name>
      </input_file>
      <input_file id="fl-ec">
         <path>C:\ti\ccs1271\ccs\tools\compiler\ti-cgt-arm_20.2.7.LTS\lib\</path>
         <kind>archive</kind>
         <file>rtsv7M4_T_le_v4SPD16_eabi.lib</file>
         <name>cpy_tbl.c.obj</name>
      </input_file>
      <input_file id="fl-ed">
         <path>C:\ti\ccs1271\ccs\tools\compiler\ti-cgt-arm_20.2.7.LTS\lib\</path>
         <kind>archive</kind>
         <file>rtsv7M4_T_le_v4SPD16_eabi.lib</file>
         <name>exit.c.obj</name>
      </input_file>
      <input_file id="fl-ee">
         <path>C:\ti\ccs1271\ccs\tools\compiler\ti-cgt-arm_20.2.7.LTS\lib\</path>
         <kind>archive</kind>
         <file>rtsv7M4_T_le_v4SPD16_eabi.lib</file>
         <name>_lock.c.obj</name>
      </input_file>
      <input_file id="fl-ef">
         <path>C:\ti\ccs1271\ccs\tools\compiler\ti-cgt-arm_20.2.7.LTS\lib\</path>
         <kind>archive</kind>
         <file>rtsv7M4_T_le_v4SPD16_eabi.lib</file>
         <name>_ltoa.c.obj</name>
      </input_file>
      <input_file id="fl-f0">
         <path>C:\ti\ccs1271\ccs\tools\compiler\ti-cgt-arm_20.2.7.LTS\lib\</path>
         <kind>archive</kind>
         <file>rtsv7M4_T_le_v4SPD16_eabi.lib</file>
         <name>args_main.c.obj</name>
      </input_file>
      <input_file id="fl-f1">
         <path>C:\ti\ccs1271\ccs\tools\compiler\ti-cgt-arm_20.2.7.LTS\lib\</path>
         <kind>archive</kind>
         <file>rtsv7M4_T_le_v4SPD16_eabi.lib</file>
         <name>atoi.c.obj</name>
      </input_file>
      <input_file id="fl-f2">
         <path>C:\ti\ccs1271\ccs\tools\compiler\ti-cgt-arm_20.2.7.LTS\lib\</path>
         <kind>archive</kind>
         <file>rtsv7M4_T_le_v4SPD16_eabi.lib</file>
         <name>ctype.c.obj</name>
      </input_file>
      <input_file id="fl-f3">
         <path>C:\ti\ccs1271\ccs\tools\compiler\ti-cgt-arm_20.2.7.LTS\lib\</path>
         <kind>archive</kind>
         <file>rtsv7M4_T_le_v4SPD16_eabi.lib</file>
         <name>memccpy.c.obj</name>
      </input_file>
      <input_file id="fl-f4">
         <path>C:\ti\ccs1271\ccs\tools\compiler\ti-cgt-arm_20.2.7.LTS\lib\</path>
         <kind>archive</kind>
         <file>rtsv7M4_T_le_v4SPD16_eabi.lib</file>
         <name>strchr.c.obj</name>
      </input_file>
      <input_file id="fl-f5">
         <path>C:\ti\ccs1271\ccs\tools\compiler\ti-cgt-arm_20.2.7.LTS\lib\</path>
         <kind>archive</kind>
         <file>rtsv7M4_T_le_v4SPD16_eabi.lib</file>
         <name>strlen.c.obj</name>
      </input_file>
      <input_file id="fl-f6">
         <path>C:\ti\ccs1271\ccs\tools\compiler\ti-cgt-arm_20.2.7.LTS\lib\</path>
         <kind>archive</kind>
         <file>rtsv7M4_T_le_v4SPD16_eabi.lib</file>
         <name>wcslen.c.obj</name>
      </input_file>
      <input_file id="fl-f7">
         <path>C:\ti\ccs1271\ccs\tools\compiler\ti-cgt-arm_20.2.7.LTS\lib\</path>
         <kind>archive</kind>
         <file>rtsv7M4_T_le_v4SPD16_eabi.lib</file>
         <name>s_copysign.c.obj</name>
      </input_file>
      <input_file id="fl-f8">
         <path>C:\ti\ccs1271\ccs\tools\compiler\ti-cgt-arm_20.2.7.LTS\lib\</path>
         <kind>archive</kind>
         <file>rtsv7M4_T_le_v4SPD16_eabi.lib</file>
         <name>s_frexp.c.obj</name>
      </input_file>
      <input_file id="fl-f9">
         <path>C:\ti\ccs1271\ccs\tools\compiler\ti-cgt-arm_20.2.7.LTS\lib\</path>
         <kind>archive</kind>
         <file>rtsv7M4_T_le_v4SPD16_eabi.lib</file>
         <name>div0.asm.obj</name>
      </input_file>
      <input_file id="fl-fa">
         <path>C:\ti\TivaWare_C_Series-2.2.0.295\driverlib\ccs\Debug\</path>
         <kind>archive</kind>
         <file>driverlib.lib</file>
         <name>interrupt.obj</name>
      </input_file>
      <input_file id="fl-fb">
         <path>C:\ti\TivaWare_C_Series-2.2.0.295\driverlib\ccs\Debug\</path>
         <kind>archive</kind>
         <file>driverlib.lib</file>
         <name>cpu.obj</name>
      </input_file>
   </input_file_list>
   <object_component_list>
      <object_component id="oc-12">
         <name>.intvecs</name>
         <load_address>0x0</load_address>
         <run_address>0x0</run_address>
         <size>0x26c</size>
         <input_file_ref idref="fl-9"/>
      </object_component>
      <object_component id="oc-d7">
         <name>.text</name>
         <load_address>0x26c</load_address>
         <run_address>0x26c</run_address>
         <size>0xc20</size>
         <input_file_ref idref="fl-6"/>
      </object_component>
      <object_component id="oc-29d">
         <name>.text:__TI_printfi</name>
         <load_address>0xe8c</load_address>
         <run_address>0xe8c</run_address>
         <size>0xa4e</size>
         <input_file_ref idref="fl-e7"/>
      </object_component>
      <object_component id="oc-319">
         <name>.text:_nop</name>
         <load_address>0x18da</load_address>
         <run_address>0x18da</run_address>
         <size>0x2</size>
         <input_file_ref idref="fl-ee"/>
      </object_component>
      <object_component id="oc-f5">
         <name>.text</name>
         <load_address>0x18dc</load_address>
         <run_address>0x18dc</run_address>
         <size>0x9bc</size>
         <input_file_ref idref="fl-8"/>
      </object_component>
      <object_component id="oc-2f1">
         <name>.text:__kernel_rem_pio2</name>
         <load_address>0x2298</load_address>
         <run_address>0x2298</run_address>
         <size>0x738</size>
         <input_file_ref idref="fl-e0"/>
      </object_component>
      <object_component id="oc-208">
         <name>.text:sin</name>
         <load_address>0x29d0</load_address>
         <run_address>0x29d0</run_address>
         <size>0x5e0</size>
         <input_file_ref idref="fl-ce"/>
      </object_component>
      <object_component id="oc-1fc">
         <name>.text:cos</name>
         <load_address>0x2fb0</load_address>
         <run_address>0x2fb0</run_address>
         <size>0x5dc</size>
         <input_file_ref idref="fl-cd"/>
      </object_component>
      <object_component id="oc-20e">
         <name>.text:asin</name>
         <load_address>0x358c</load_address>
         <run_address>0x358c</run_address>
         <size>0x3d4</size>
         <input_file_ref idref="fl-cb"/>
      </object_component>
      <object_component id="oc-a2">
         <name>.text</name>
         <load_address>0x3960</load_address>
         <run_address>0x3960</run_address>
         <size>0x390</size>
         <input_file_ref idref="fl-4"/>
      </object_component>
      <object_component id="oc-fb">
         <name>.text</name>
         <load_address>0x3cf0</load_address>
         <run_address>0x3cf0</run_address>
         <size>0x374</size>
         <input_file_ref idref="fl-5"/>
      </object_component>
      <object_component id="oc-e3">
         <name>.text</name>
         <load_address>0x4064</load_address>
         <run_address>0x4064</run_address>
         <size>0x328</size>
         <input_file_ref idref="fl-3"/>
      </object_component>
      <object_component id="oc-379">
         <name>.text:_pconv_a</name>
         <load_address>0x438c</load_address>
         <run_address>0x438c</run_address>
         <size>0x270</size>
         <input_file_ref idref="fl-e7"/>
      </object_component>
      <object_component id="oc-ef">
         <name>.text</name>
         <load_address>0x45fc</load_address>
         <run_address>0x45fc</run_address>
         <size>0x260</size>
         <input_file_ref idref="fl-11"/>
      </object_component>
      <object_component id="oc-dd">
         <name>.text</name>
         <load_address>0x485c</load_address>
         <run_address>0x485c</run_address>
         <size>0x248</size>
         <input_file_ref idref="fl-2"/>
      </object_component>
      <object_component id="oc-1de">
         <name>.text</name>
         <load_address>0x4aa4</load_address>
         <run_address>0x4aa4</run_address>
         <size>0x1ec</size>
         <input_file_ref idref="fl-13"/>
      </object_component>
      <object_component id="oc-367">
         <name>.text:_pconv_g</name>
         <load_address>0x4c90</load_address>
         <run_address>0x4c90</run_address>
         <size>0x1d0</size>
         <input_file_ref idref="fl-e7"/>
      </object_component>
      <object_component id="oc-195">
         <name>.text</name>
         <load_address>0x4e60</load_address>
         <run_address>0x4e60</run_address>
         <size>0x1b6</size>
         <input_file_ref idref="fl-d1"/>
      </object_component>
      <object_component id="oc-462">
         <name>.text</name>
         <load_address>0x5016</load_address>
         <run_address>0x5016</run_address>
         <size>0x2</size>
         <input_file_ref idref="fl-f9"/>
      </object_component>
      <object_component id="oc-2f7">
         <name>.text:__kernel_sin</name>
         <load_address>0x5018</load_address>
         <run_address>0x5018</run_address>
         <size>0x174</size>
         <input_file_ref idref="fl-e4"/>
      </object_component>
      <object_component id="oc-2eb">
         <name>.text:__kernel_cos</name>
         <load_address>0x518c</load_address>
         <run_address>0x518c</run_address>
         <size>0x170</size>
         <input_file_ref idref="fl-e3"/>
      </object_component>
      <object_component id="oc-e9">
         <name>.text</name>
         <load_address>0x52fc</load_address>
         <run_address>0x52fc</run_address>
         <size>0x15c</size>
         <input_file_ref idref="fl-15"/>
      </object_component>
      <object_component id="oc-1d8">
         <name>.text</name>
         <load_address>0x5458</load_address>
         <run_address>0x5458</run_address>
         <size>0x158</size>
         <input_file_ref idref="fl-14"/>
      </object_component>
      <object_component id="oc-202">
         <name>.text:sqrt</name>
         <load_address>0x55b0</load_address>
         <run_address>0x55b0</run_address>
         <size>0x158</size>
         <input_file_ref idref="fl-cc"/>
      </object_component>
      <object_component id="oc-373">
         <name>.text:_pconv_e</name>
         <load_address>0x5708</load_address>
         <run_address>0x5708</run_address>
         <size>0x13c</size>
         <input_file_ref idref="fl-e7"/>
      </object_component>
      <object_component id="oc-18b">
         <name>.text</name>
         <load_address>0x5844</load_address>
         <run_address>0x5844</run_address>
         <size>0x136</size>
         <input_file_ref idref="fl-d3"/>
      </object_component>
      <object_component id="oc-40f">
         <name>.text:fcvt</name>
         <load_address>0x597c</load_address>
         <run_address>0x597c</run_address>
         <size>0x124</size>
         <input_file_ref idref="fl-e7"/>
      </object_component>
      <object_component id="oc-1e4">
         <name>.text</name>
         <load_address>0x5aa0</load_address>
         <run_address>0x5aa0</run_address>
         <size>0x118</size>
         <input_file_ref idref="fl-12"/>
      </object_component>
      <object_component id="oc-3ac">
         <name>.text:scalbn</name>
         <load_address>0x5bb8</load_address>
         <run_address>0x5bb8</run_address>
         <size>0x110</size>
         <input_file_ref idref="fl-e6"/>
      </object_component>
      <object_component id="oc-338">
         <name>.text:aligned_alloc</name>
         <load_address>0x5cc8</load_address>
         <run_address>0x5cc8</run_address>
         <size>0x100</size>
         <input_file_ref idref="fl-dd"/>
      </object_component>
      <object_component id="oc-186">
         <name>.text</name>
         <load_address>0x5dc8</load_address>
         <run_address>0x5dc8</run_address>
         <size>0xfc</size>
         <input_file_ref idref="fl-d4"/>
      </object_component>
      <object_component id="oc-3b2">
         <name>.text:floor</name>
         <load_address>0x5ec4</load_address>
         <run_address>0x5ec4</run_address>
         <size>0xf8</size>
         <input_file_ref idref="fl-e5"/>
      </object_component>
      <object_component id="oc-164">
         <name>.text:free</name>
         <load_address>0x5fbc</load_address>
         <run_address>0x5fbc</run_address>
         <size>0xe4</size>
         <input_file_ref idref="fl-dd"/>
      </object_component>
      <object_component id="oc-361">
         <name>.text:_ltostr</name>
         <load_address>0x60a0</load_address>
         <run_address>0x60a0</run_address>
         <size>0xb1</size>
         <input_file_ref idref="fl-e7"/>
      </object_component>
      <object_component id="oc-3e">
         <name>.text</name>
         <load_address>0x6152</load_address>
         <run_address>0x6152</run_address>
         <size>0x9c</size>
         <input_file_ref idref="fl-d9"/>
      </object_component>
      <object_component id="oc-3f6">
         <name>.text</name>
         <load_address>0x61ee</load_address>
         <run_address>0x61ee</run_address>
         <size>0x96</size>
         <input_file_ref idref="fl-e9"/>
      </object_component>
      <object_component id="oc-21a">
         <name>.text:__aeabi_cdcmple</name>
         <load_address>0x6284</load_address>
         <run_address>0x6284</run_address>
         <size>0x86</size>
         <input_file_ref idref="fl-d2"/>
      </object_component>
      <object_component id="oc-21f">
         <name>.text:__aeabi_cdrcmple</name>
         <load_address>0x630a</load_address>
         <run_address>0x630a</run_address>
         <size>0x86</size>
         <input_file_ref idref="fl-d2"/>
      </object_component>
      <object_component id="oc-96">
         <name>.text</name>
         <load_address>0x6390</load_address>
         <run_address>0x6390</run_address>
         <size>0x7a</size>
         <input_file_ref idref="fl-e8"/>
      </object_component>
      <object_component id="oc-3e6">
         <name>.text:split</name>
         <load_address>0x640c</load_address>
         <run_address>0x640c</run_address>
         <size>0x70</size>
         <input_file_ref idref="fl-dd"/>
      </object_component>
      <object_component id="oc-408">
         <name>.text:_mcpy</name>
         <load_address>0x647c</load_address>
         <run_address>0x647c</run_address>
         <size>0x6e</size>
         <input_file_ref idref="fl-e7"/>
      </object_component>
      <object_component id="oc-19d">
         <name>.text</name>
         <load_address>0x64ea</load_address>
         <run_address>0x64ea</run_address>
         <size>0x6e</size>
         <input_file_ref idref="fl-d6"/>
      </object_component>
      <object_component id="oc-15">
         <name>.text:decompress:lzss:__TI_decompress_lzss</name>
         <load_address>0x6558</load_address>
         <run_address>0x6558</run_address>
         <size>0x68</size>
         <input_file_ref idref="fl-dc"/>
      </object_component>
      <object_component id="oc-41d">
         <name>.text:frexp</name>
         <load_address>0x65c0</load_address>
         <run_address>0x65c0</run_address>
         <size>0x64</size>
         <input_file_ref idref="fl-f8"/>
      </object_component>
      <object_component id="oc-36d">
         <name>.text:_pconv_f</name>
         <load_address>0x6624</load_address>
         <run_address>0x6624</run_address>
         <size>0x56</size>
         <input_file_ref idref="fl-e7"/>
      </object_component>
      <object_component id="oc-3fc">
         <name>.text:__TI_ltoa</name>
         <load_address>0x667a</load_address>
         <run_address>0x667a</run_address>
         <size>0x54</size>
         <input_file_ref idref="fl-ef"/>
      </object_component>
      <object_component id="oc-402">
         <name>.text:_ecpy</name>
         <load_address>0x66ce</load_address>
         <run_address>0x66ce</run_address>
         <size>0x52</size>
         <input_file_ref idref="fl-e7"/>
      </object_component>
      <object_component id="oc-35b">
         <name>.text:atoi</name>
         <load_address>0x6720</load_address>
         <run_address>0x6720</run_address>
         <size>0x4c</size>
         <input_file_ref idref="fl-f1"/>
      </object_component>
      <object_component id="oc-224">
         <name>.text</name>
         <load_address>0x676c</load_address>
         <run_address>0x676c</run_address>
         <size>0x48</size>
         <input_file_ref idref="fl-d5"/>
      </object_component>
      <object_component id="oc-12a">
         <name>.text:__TI_auto_init_nobinit_nopinit:__TI_auto_init_nobinit_nopinit</name>
         <load_address>0x67b4</load_address>
         <run_address>0x67b4</run_address>
         <size>0x44</size>
         <input_file_ref idref="fl-ea"/>
      </object_component>
      <object_component id="oc-1f3">
         <name>.text:sprintf</name>
         <load_address>0x67f8</load_address>
         <run_address>0x67f8</run_address>
         <size>0x40</size>
         <input_file_ref idref="fl-cf"/>
      </object_component>
      <object_component id="oc-1bb">
         <name>.text:vsnprintf</name>
         <load_address>0x6838</load_address>
         <run_address>0x6838</run_address>
         <size>0x40</size>
         <input_file_ref idref="fl-d0"/>
      </object_component>
      <object_component id="oc-415">
         <name>.text:_fcpy</name>
         <load_address>0x6878</load_address>
         <run_address>0x6878</run_address>
         <size>0x3e</size>
         <input_file_ref idref="fl-e7"/>
      </object_component>
      <object_component id="oc-15e">
         <name>.text:calloc</name>
         <load_address>0x68b8</load_address>
         <run_address>0x68b8</run_address>
         <size>0x38</size>
         <input_file_ref idref="fl-dd"/>
      </object_component>
      <object_component id="oc-1a2">
         <name>.text</name>
         <load_address>0x68f0</load_address>
         <run_address>0x68f0</run_address>
         <size>0x38</size>
         <input_file_ref idref="fl-d7"/>
      </object_component>
      <object_component id="oc-177">
         <name>.text:IntRegister</name>
         <load_address>0x6928</load_address>
         <run_address>0x6928</run_address>
         <size>0x34</size>
         <input_file_ref idref="fl-fa"/>
      </object_component>
      <object_component id="oc-5c">
         <name>.text:_c_int00_noargs:_c_int00_noargs</name>
         <load_address>0x695c</load_address>
         <run_address>0x695c</run_address>
         <size>0x34</size>
         <input_file_ref idref="fl-e1"/>
      </object_component>
      <object_component id="oc-2a3">
         <name>.text:_outs</name>
         <load_address>0x6990</load_address>
         <run_address>0x6990</run_address>
         <size>0x30</size>
         <input_file_ref idref="fl-d0"/>
      </object_component>
      <object_component id="oc-190">
         <name>.text</name>
         <load_address>0x69c0</load_address>
         <run_address>0x69c0</run_address>
         <size>0x2e</size>
         <input_file_ref idref="fl-d8"/>
      </object_component>
      <object_component id="oc-270">
         <name>.text:free_list_insert</name>
         <load_address>0x69f0</load_address>
         <run_address>0x69f0</run_address>
         <size>0x28</size>
         <input_file_ref idref="fl-dd"/>
      </object_component>
      <object_component id="oc-101">
         <name>.text</name>
         <load_address>0x6a18</load_address>
         <run_address>0x6a18</run_address>
         <size>0x1e</size>
         <input_file_ref idref="fl-7"/>
      </object_component>
      <object_component id="oc-4a">
         <name>.text:decompress:ZI:__TI_zero_init_nomemset:__TI_zero_init_nomemset</name>
         <load_address>0x6a36</load_address>
         <run_address>0x6a36</run_address>
         <size>0x1c</size>
         <input_file_ref idref="fl-da"/>
      </object_component>
      <object_component id="oc-26a">
         <name>.text:free_list_remove</name>
         <load_address>0x6a54</load_address>
         <run_address>0x6a54</run_address>
         <size>0x1c</size>
         <input_file_ref idref="fl-dd"/>
      </object_component>
      <object_component id="oc-37f">
         <name>.text:memccpy</name>
         <load_address>0x6a70</load_address>
         <run_address>0x6a70</run_address>
         <size>0x1c</size>
         <input_file_ref idref="fl-f3"/>
      </object_component>
      <object_component id="oc-441">
         <name>.text:copysign</name>
         <load_address>0x6a8c</load_address>
         <run_address>0x6a8c</run_address>
         <size>0x1a</size>
         <input_file_ref idref="fl-f7"/>
      </object_component>
      <object_component id="oc-2a9">
         <name>.text:_outc</name>
         <load_address>0x6aa6</load_address>
         <run_address>0x6aa6</run_address>
         <size>0x18</size>
         <input_file_ref idref="fl-d0"/>
      </object_component>
      <object_component id="oc-2db">
         <name>.text:_outs</name>
         <load_address>0x6abe</load_address>
         <run_address>0x6abe</run_address>
         <size>0x18</size>
         <input_file_ref idref="fl-cf"/>
      </object_component>
      <object_component id="oc-16a">
         <name>.text:oi_parseInt</name>
         <load_address>0x6ad6</load_address>
         <run_address>0x6ad6</run_address>
         <size>0x18</size>
         <input_file_ref idref="fl-6"/>
      </object_component>
      <object_component id="oc-171">
         <name>.text:strcmp</name>
         <load_address>0x6aee</load_address>
         <run_address>0x6aee</run_address>
         <size>0x18</size>
         <input_file_ref idref="fl-de"/>
      </object_component>
      <object_component id="oc-423">
         <name>.text:strchr</name>
         <load_address>0x6b06</load_address>
         <run_address>0x6b06</run_address>
         <size>0x16</size>
         <input_file_ref idref="fl-f4"/>
      </object_component>
      <object_component id="oc-1c1">
         <name>.text:strcpy</name>
         <load_address>0x6b1c</load_address>
         <run_address>0x6b1c</run_address>
         <size>0x14</size>
         <input_file_ref idref="fl-df"/>
      </object_component>
      <object_component id="oc-355">
         <name>.text:strlen</name>
         <load_address>0x6b30</load_address>
         <run_address>0x6b30</run_address>
         <size>0x14</size>
         <input_file_ref idref="fl-f5"/>
      </object_component>
      <object_component id="oc-385">
         <name>.text:wcslen</name>
         <load_address>0x6b44</load_address>
         <run_address>0x6b44</run_address>
         <size>0x12</size>
         <input_file_ref idref="fl-f6"/>
      </object_component>
      <object_component id="oc-17d">
         <name>.text:IntMasterEnable</name>
         <load_address>0x6b56</load_address>
         <run_address>0x6b56</run_address>
         <size>0x10</size>
         <input_file_ref idref="fl-fa"/>
      </object_component>
      <object_component id="oc-1b4">
         <name>.text:lcd_clear</name>
         <load_address>0x6b66</load_address>
         <run_address>0x6b66</run_address>
         <size>0x10</size>
         <input_file_ref idref="fl-3"/>
      </object_component>
      <object_component id="oc-1b">
         <name>.text:decompress:none:__TI_decompress_none</name>
         <load_address>0x6b76</load_address>
         <run_address>0x6b76</run_address>
         <size>0xe</size>
         <input_file_ref idref="fl-db"/>
      </object_component>
      <object_component id="oc-283">
         <name>.text:CPUcpsie</name>
         <load_address>0x6b84</load_address>
         <run_address>0x6b84</run_address>
         <size>0xc</size>
         <input_file_ref idref="fl-fb"/>
      </object_component>
      <object_component id="oc-2a">
         <name>.text</name>
         <load_address>0x6b90</load_address>
         <run_address>0x6b90</run_address>
         <size>0xc</size>
         <input_file_ref idref="fl-9"/>
      </object_component>
      <object_component id="oc-2e1">
         <name>.text:_outc</name>
         <load_address>0x6b9c</load_address>
         <run_address>0x6b9c</run_address>
         <size>0xa</size>
         <input_file_ref idref="fl-cf"/>
      </object_component>
      <object_component id="oc-304">
         <name>.text:__aeabi_errno_addr</name>
         <load_address>0x6ba8</load_address>
         <run_address>0x6ba8</run_address>
         <size>0x8</size>
         <input_file_ref idref="fl-e2"/>
      </object_component>
      <object_component id="oc-263">
         <name>.text:malloc</name>
         <load_address>0x6bb0</load_address>
         <run_address>0x6bb0</run_address>
         <size>0x8</size>
         <input_file_ref idref="fl-dd"/>
      </object_component>
      <object_component id="oc-9c">
         <name>.text:_system_pre_init</name>
         <load_address>0x6bb8</load_address>
         <run_address>0x6bb8</run_address>
         <size>0x4</size>
         <input_file_ref idref="fl-eb"/>
      </object_component>
      <object_component id="oc-11e">
         <name>.text:abort:abort</name>
         <load_address>0x6bbc</load_address>
         <run_address>0x6bbc</run_address>
         <size>0x4</size>
         <input_file_ref idref="fl-ed"/>
      </object_component>
      <object_component id="oc-10f">
         <name>.const:$P$T0$1</name>
         <load_address>0x6bc0</load_address>
         <run_address>0x6bc0</run_address>
         <size>0x16c</size>
         <input_file_ref idref="fl-4"/>
      </object_component>
      <object_component id="oc-1f9">
         <name>.const:$P$T0$1</name>
         <load_address>0x6d2c</load_address>
         <run_address>0x6d2c</run_address>
         <size>0x16c</size>
         <input_file_ref idref="fl-8"/>
      </object_component>
      <object_component id="oc-112">
         <name>.const:$P$T1$2</name>
         <load_address>0x6e98</load_address>
         <run_address>0x6e98</run_address>
         <size>0x16c</size>
         <input_file_ref idref="fl-4"/>
      </object_component>
      <object_component id="oc-1c7">
         <name>.const:.string:lineAddress$1</name>
         <load_address>0x7004</load_address>
         <run_address>0x7004</run_address>
         <size>0x4</size>
         <input_file_ref idref="fl-3"/>
      </object_component>
      <object_component id="oc-3b8">
         <name>.const:$O1$$</name>
         <load_address>0x7008</load_address>
         <run_address>0x7008</run_address>
         <size>0x158</size>
         <input_file_ref idref="fl-e0"/>
      </object_component>
      <object_component id="oc-3f1">
         <name>.const:.string:_ctypes_</name>
         <load_address>0x7160</load_address>
         <run_address>0x7160</run_address>
         <size>0x101</size>
         <input_file_ref idref="fl-f2"/>
      </object_component>
      <object_component id="oc-115">
         <name>.const:$P$T2$3</name>
         <load_address>0x7264</load_address>
         <run_address>0x7264</run_address>
         <size>0x3c</size>
         <input_file_ref idref="fl-4"/>
      </object_component>
      <object_component id="oc-19a">
         <name>.const:.string:$P$T0$3</name>
         <load_address>0x72a0</load_address>
         <run_address>0x72a0</run_address>
         <size>0xf</size>
         <input_file_ref idref="fl-6"/>
      </object_component>
      <object_component id="oc-1c8">
         <name>.const:.string:lineAddresses$2</name>
         <load_address>0x72af</load_address>
         <run_address>0x72af</run_address>
         <size>0x4</size>
         <input_file_ref idref="fl-3"/>
      </object_component>
      <object_component id="oc-4ba">
         <name>.cinit..data.load</name>
         <load_address>0x72b8</load_address>
         <run_address>0x72b8</run_address>
         <size>0x19</size>
      </object_component>
      <object_component id="oc-4b7">
         <name>__TI_handler_table</name>
         <load_address>0x72d4</load_address>
         <run_address>0x72d4</run_address>
         <size>0xc</size>
      </object_component>
      <object_component id="oc-4bb">
         <name>.cinit..bss.load</name>
         <load_address>0x72e0</load_address>
         <run_address>0x72e0</run_address>
         <size>0x8</size>
      </object_component>
      <object_component id="oc-4b9">
         <name>.cinit..vtable.load</name>
         <load_address>0x72e8</load_address>
         <run_address>0x72e8</run_address>
         <size>0x8</size>
      </object_component>
      <object_component id="oc-4b8">
         <name>__TI_cinit_table</name>
         <load_address>0x72f0</load_address>
         <run_address>0x72f0</run_address>
         <size>0x18</size>
      </object_component>
      <object_component id="oc-279">
         <name>.vtable</name>
         <uninitialized>true</uninitialized>
         <run_address>0x20000000</run_address>
         <size>0x26c</size>
         <input_file_ref idref="fl-fa"/>
      </object_component>
      <object_component id="oc-1af">
         <name>.data</name>
         <load_address>0x20000f6c</load_address>
         <run_address>0x20000f6c</run_address>
         <size>0x1</size>
         <input_file_ref idref="fl-2"/>
      </object_component>
      <object_component id="oc-183">
         <name>.data</name>
         <load_address>0x20000f30</load_address>
         <run_address>0x20000f30</run_address>
         <size>0x20</size>
         <input_file_ref idref="fl-6"/>
      </object_component>
      <object_component id="oc-1ea">
         <name>.data</name>
         <load_address>0x20000f60</load_address>
         <run_address>0x20000f60</run_address>
         <size>0x4</size>
         <input_file_ref idref="fl-11"/>
      </object_component>
      <object_component id="oc-1d4">
         <name>.data</name>
         <load_address>0x20000f64</load_address>
         <run_address>0x20000f64</run_address>
         <size>0x4</size>
         <input_file_ref idref="fl-15"/>
      </object_component>
      <object_component id="oc-33f">
         <name>.data:$O1$$</name>
         <load_address>0x20000f58</load_address>
         <run_address>0x20000f58</run_address>
         <size>0x8</size>
         <input_file_ref idref="fl-dd"/>
      </object_component>
      <object_component id="oc-3cc">
         <name>.data</name>
         <load_address>0x20000f68</load_address>
         <run_address>0x20000f68</run_address>
         <size>0x4</size>
         <input_file_ref idref="fl-e2"/>
      </object_component>
      <object_component id="oc-247">
         <name>.data:$O1$$</name>
         <load_address>0x20000f50</load_address>
         <run_address>0x20000f50</run_address>
         <size>0x8</size>
         <input_file_ref idref="fl-ee"/>
      </object_component>
      <object_component id="oc-1c9">
         <name>.bss:lastbuffer$3</name>
         <uninitialized>true</uninitialized>
         <run_address>0x20000e70</run_address>
         <size>0x54</size>
         <input_file_ref idref="fl-3"/>
      </object_component>
      <object_component id="oc-1a7">
         <name>.bss:firmware$2</name>
         <uninitialized>true</uninitialized>
         <run_address>0x20000ef8</run_address>
         <size>0x18</size>
         <input_file_ref idref="fl-6"/>
      </object_component>
      <object_component id="oc-1b2">
         <name>.common:_timeout_ticks</name>
         <uninitialized>true</uninitialized>
         <run_address>0x20000f10</run_address>
         <size>0x4</size>
      </object_component>
      <object_component id="oc-107">
         <name>.common:right_calibration_value</name>
         <uninitialized>true</uninitialized>
         <run_address>0x20000f24</run_address>
         <size>0x4</size>
      </object_component>
      <object_component id="oc-10e">
         <name>.common:left_calibration_value</name>
         <uninitialized>true</uninitialized>
         <run_address>0x20000f1c</run_address>
         <size>0x4</size>
      </object_component>
      <object_component id="oc-2d5">
         <name>.common:isr_int_value</name>
         <uninitialized>true</uninitialized>
         <run_address>0x20000f18</run_address>
         <size>0x4</size>
      </object_component>
      <object_component id="oc-2d1">
         <name>.common:risingEdge</name>
         <uninitialized>true</uninitialized>
         <run_address>0x20000f28</run_address>
         <size>0x4</size>
      </object_component>
      <object_component id="oc-2d2">
         <name>.common:fallingEdge</name>
         <uninitialized>true</uninitialized>
         <run_address>0x20000f14</run_address>
         <size>0x4</size>
      </object_component>
      <object_component id="oc-2d3">
         <name>.common:pulseLength</name>
         <uninitialized>true</uninitialized>
         <run_address>0x20000f20</run_address>
         <size>0x4</size>
      </object_component>
      <object_component id="oc-2ce">
         <name>.common:isRisingEdge</name>
         <uninitialized>true</uninitialized>
         <run_address>0x20000f2c</run_address>
         <size>0x1</size>
      </object_component>
      <object_component id="oc-1d1">
         <name>.common:isr_char_buffer</name>
         <uninitialized>true</uninitialized>
         <run_address>0x20000ec4</run_address>
         <size>0x34</size>
      </object_component>
      <object_component id="oc-24">
         <name>.sysmem</name>
         <uninitialized>true</uninitialized>
         <run_address>0x20000a70</run_address>
         <size>0x10</size>
         <input_file_ref idref="fl-dd"/>
      </object_component>
      <object_component id="oc-4be">
         <name>.sysmem</name>
         <uninitialized>true</uninitialized>
         <run_address>0x20000a70</run_address>
         <size>0x0</size>
      </object_component>
      <object_component id="oc-27">
         <name>.stack</name>
         <uninitialized>true</uninitialized>
         <run_address>0x20000270</run_address>
         <size>0x4</size>
         <input_file_ref idref="fl-e1"/>
      </object_component>
      <object_component id="oc-4bd">
         <name>.stack</name>
         <uninitialized>true</uninitialized>
         <run_address>0x20000270</run_address>
         <size>0x0</size>
      </object_component>
      <object_component id="oc-c5">
         <name>.debug_info</name>
         <load_address>0x0</load_address>
         <run_address>0x0</run_address>
         <size>0x2a9</size>
         <input_file_ref idref="fl-2"/>
      </object_component>
      <object_component id="oc-1b0">
         <name>.debug_info</name>
         <load_address>0x2a9</load_address>
         <run_address>0x2a9</run_address>
         <size>0xb7</size>
         <input_file_ref idref="fl-2"/>
      </object_component>
      <object_component id="oc-de">
         <name>.debug_info</name>
         <load_address>0x360</load_address>
         <run_address>0x360</run_address>
         <size>0x4ff</size>
         <input_file_ref idref="fl-2"/>
      </object_component>
      <object_component id="oc-77">
         <name>.debug_info</name>
         <load_address>0x85f</load_address>
         <run_address>0x85f</run_address>
         <size>0x26b</size>
         <input_file_ref idref="fl-2"/>
      </object_component>
      <object_component id="oc-39">
         <name>.debug_info</name>
         <load_address>0xaca</load_address>
         <run_address>0xaca</run_address>
         <size>0x84</size>
         <input_file_ref idref="fl-2"/>
      </object_component>
      <object_component id="oc-c0">
         <name>.debug_info</name>
         <load_address>0xb4e</load_address>
         <run_address>0xb4e</run_address>
         <size>0x2a4</size>
         <input_file_ref idref="fl-2"/>
      </object_component>
      <object_component id="oc-7c">
         <name>.debug_info</name>
         <load_address>0xdf2</load_address>
         <run_address>0xdf2</run_address>
         <size>0xbb</size>
         <input_file_ref idref="fl-2"/>
      </object_component>
      <object_component id="oc-1cb">
         <name>.debug_info</name>
         <load_address>0xead</load_address>
         <run_address>0xead</run_address>
         <size>0x377</size>
         <input_file_ref idref="fl-3"/>
      </object_component>
      <object_component id="oc-1b5">
         <name>.debug_info</name>
         <load_address>0x1224</load_address>
         <run_address>0x1224</run_address>
         <size>0x10c</size>
         <input_file_ref idref="fl-3"/>
      </object_component>
      <object_component id="oc-e4">
         <name>.debug_info</name>
         <load_address>0x1330</load_address>
         <run_address>0x1330</run_address>
         <size>0x898</size>
         <input_file_ref idref="fl-3"/>
      </object_component>
      <object_component id="oc-296">
         <name>.debug_info</name>
         <load_address>0x1bc8</load_address>
         <run_address>0x1bc8</run_address>
         <size>0xcc</size>
         <input_file_ref idref="fl-3"/>
      </object_component>
      <object_component id="oc-1cc">
         <name>.debug_info</name>
         <load_address>0x1c94</load_address>
         <run_address>0x1c94</run_address>
         <size>0x2c</size>
         <input_file_ref idref="fl-3"/>
      </object_component>
      <object_component id="oc-234">
         <name>.debug_info</name>
         <load_address>0x1cc0</load_address>
         <run_address>0x1cc0</run_address>
         <size>0x35</size>
         <input_file_ref idref="fl-3"/>
      </object_component>
      <object_component id="oc-108">
         <name>.debug_info</name>
         <load_address>0x1cf5</load_address>
         <run_address>0x1cf5</run_address>
         <size>0x65a</size>
         <input_file_ref idref="fl-4"/>
      </object_component>
      <object_component id="oc-110">
         <name>.debug_info</name>
         <load_address>0x234f</load_address>
         <run_address>0x234f</run_address>
         <size>0xb3</size>
         <input_file_ref idref="fl-4"/>
      </object_component>
      <object_component id="oc-113">
         <name>.debug_info</name>
         <load_address>0x2402</load_address>
         <run_address>0x2402</run_address>
         <size>0xb3</size>
         <input_file_ref idref="fl-4"/>
      </object_component>
      <object_component id="oc-116">
         <name>.debug_info</name>
         <load_address>0x24b5</load_address>
         <run_address>0x24b5</run_address>
         <size>0xb3</size>
         <input_file_ref idref="fl-4"/>
      </object_component>
      <object_component id="oc-a3">
         <name>.debug_info</name>
         <load_address>0x2568</load_address>
         <run_address>0x2568</run_address>
         <size>0x56e</size>
         <input_file_ref idref="fl-4"/>
      </object_component>
      <object_component id="oc-22f">
         <name>.debug_info</name>
         <load_address>0x2ad6</load_address>
         <run_address>0x2ad6</run_address>
         <size>0x5aa</size>
         <input_file_ref idref="fl-4"/>
      </object_component>
      <object_component id="oc-119">
         <name>.debug_info</name>
         <load_address>0x3080</load_address>
         <run_address>0x3080</run_address>
         <size>0x9d</size>
         <input_file_ref idref="fl-4"/>
      </object_component>
      <object_component id="oc-215">
         <name>.debug_info</name>
         <load_address>0x311d</load_address>
         <run_address>0x311d</run_address>
         <size>0xae</size>
         <input_file_ref idref="fl-4"/>
      </object_component>
      <object_component id="oc-22a">
         <name>.debug_info</name>
         <load_address>0x31cb</load_address>
         <run_address>0x31cb</run_address>
         <size>0x30a</size>
         <input_file_ref idref="fl-5"/>
      </object_component>
      <object_component id="oc-fc">
         <name>.debug_info</name>
         <load_address>0x34d5</load_address>
         <run_address>0x34d5</run_address>
         <size>0xade</size>
         <input_file_ref idref="fl-5"/>
      </object_component>
      <object_component id="oc-1a9">
         <name>.debug_info</name>
         <load_address>0x3fb3</load_address>
         <run_address>0x3fb3</run_address>
         <size>0x3f4</size>
         <input_file_ref idref="fl-6"/>
      </object_component>
      <object_component id="oc-184">
         <name>.debug_info</name>
         <load_address>0x43a7</load_address>
         <run_address>0x43a7</run_address>
         <size>0x109</size>
         <input_file_ref idref="fl-6"/>
      </object_component>
      <object_component id="oc-19b">
         <name>.debug_info</name>
         <load_address>0x44b0</load_address>
         <run_address>0x44b0</run_address>
         <size>0xbe</size>
         <input_file_ref idref="fl-6"/>
      </object_component>
      <object_component id="oc-16b">
         <name>.debug_info</name>
         <load_address>0x456e</load_address>
         <run_address>0x456e</run_address>
         <size>0x136</size>
         <input_file_ref idref="fl-6"/>
      </object_component>
      <object_component id="oc-d9">
         <name>.debug_info</name>
         <load_address>0x46a4</load_address>
         <run_address>0x46a4</run_address>
         <size>0x1980</size>
         <input_file_ref idref="fl-6"/>
      </object_component>
      <object_component id="oc-1aa">
         <name>.debug_info</name>
         <load_address>0x6024</load_address>
         <run_address>0x6024</run_address>
         <size>0x8b</size>
         <input_file_ref idref="fl-6"/>
      </object_component>
      <object_component id="oc-22c">
         <name>.debug_info</name>
         <load_address>0x60af</load_address>
         <run_address>0x60af</run_address>
         <size>0x2ba</size>
         <input_file_ref idref="fl-7"/>
      </object_component>
      <object_component id="oc-103">
         <name>.debug_info</name>
         <load_address>0x6369</load_address>
         <run_address>0x6369</run_address>
         <size>0x13b</size>
         <input_file_ref idref="fl-7"/>
      </object_component>
      <object_component id="oc-10a">
         <name>.debug_info</name>
         <load_address>0x64a4</load_address>
         <run_address>0x64a4</run_address>
         <size>0x524</size>
         <input_file_ref idref="fl-8"/>
      </object_component>
      <object_component id="oc-1fa">
         <name>.debug_info</name>
         <load_address>0x69c8</load_address>
         <run_address>0x69c8</run_address>
         <size>0xb9</size>
         <input_file_ref idref="fl-8"/>
      </object_component>
      <object_component id="oc-f6">
         <name>.debug_info</name>
         <load_address>0x6a81</load_address>
         <run_address>0x6a81</run_address>
         <size>0x10c2</size>
         <input_file_ref idref="fl-8"/>
      </object_component>
      <object_component id="oc-32">
         <name>.debug_info</name>
         <load_address>0x7b43</load_address>
         <run_address>0x7b43</run_address>
         <size>0x293</size>
         <input_file_ref idref="fl-9"/>
      </object_component>
      <object_component id="oc-13">
         <name>.debug_info</name>
         <load_address>0x7dd6</load_address>
         <run_address>0x7dd6</run_address>
         <size>0xd2</size>
         <input_file_ref idref="fl-9"/>
      </object_component>
      <object_component id="oc-2d">
         <name>.debug_info</name>
         <load_address>0x7ea8</load_address>
         <run_address>0x7ea8</run_address>
         <size>0x24e</size>
         <input_file_ref idref="fl-9"/>
      </object_component>
      <object_component id="oc-10c">
         <name>.debug_info</name>
         <load_address>0x80f6</load_address>
         <run_address>0x80f6</run_address>
         <size>0x485</size>
         <input_file_ref idref="fl-11"/>
      </object_component>
      <object_component id="oc-1eb">
         <name>.debug_info</name>
         <load_address>0x857b</load_address>
         <run_address>0x857b</run_address>
         <size>0x114</size>
         <input_file_ref idref="fl-11"/>
      </object_component>
      <object_component id="oc-f0">
         <name>.debug_info</name>
         <load_address>0x868f</load_address>
         <run_address>0x868f</run_address>
         <size>0x4ce</size>
         <input_file_ref idref="fl-11"/>
      </object_component>
      <object_component id="oc-1ee">
         <name>.debug_info</name>
         <load_address>0x8b5d</load_address>
         <run_address>0x8b5d</run_address>
         <size>0x9d</size>
         <input_file_ref idref="fl-11"/>
      </object_component>
      <object_component id="oc-2d6">
         <name>.debug_info</name>
         <load_address>0x8bfa</load_address>
         <run_address>0x8bfa</run_address>
         <size>0x2b7</size>
         <input_file_ref idref="fl-12"/>
      </object_component>
      <object_component id="oc-1e6">
         <name>.debug_info</name>
         <load_address>0x8eb1</load_address>
         <run_address>0x8eb1</run_address>
         <size>0x266</size>
         <input_file_ref idref="fl-12"/>
      </object_component>
      <object_component id="oc-2cf">
         <name>.debug_info</name>
         <load_address>0x9117</load_address>
         <run_address>0x9117</run_address>
         <size>0x3ba</size>
         <input_file_ref idref="fl-13"/>
      </object_component>
      <object_component id="oc-1df">
         <name>.debug_info</name>
         <load_address>0x94d1</load_address>
         <run_address>0x94d1</run_address>
         <size>0x270</size>
         <input_file_ref idref="fl-13"/>
      </object_component>
      <object_component id="oc-1db">
         <name>.debug_info</name>
         <load_address>0x9741</load_address>
         <run_address>0x9741</run_address>
         <size>0x296</size>
         <input_file_ref idref="fl-14"/>
      </object_component>
      <object_component id="oc-1d2">
         <name>.debug_info</name>
         <load_address>0x99d7</load_address>
         <run_address>0x99d7</run_address>
         <size>0x326</size>
         <input_file_ref idref="fl-15"/>
      </object_component>
      <object_component id="oc-1d5">
         <name>.debug_info</name>
         <load_address>0x9cfd</load_address>
         <run_address>0x9cfd</run_address>
         <size>0xee</size>
         <input_file_ref idref="fl-15"/>
      </object_component>
      <object_component id="oc-ea">
         <name>.debug_info</name>
         <load_address>0x9deb</load_address>
         <run_address>0x9deb</run_address>
         <size>0x43b</size>
         <input_file_ref idref="fl-15"/>
      </object_component>
      <object_component id="oc-2c6">
         <name>.debug_info</name>
         <load_address>0xa226</load_address>
         <run_address>0xa226</run_address>
         <size>0x26b</size>
         <input_file_ref idref="fl-15"/>
      </object_component>
      <object_component id="oc-39d">
         <name>.debug_info</name>
         <load_address>0xa491</load_address>
         <run_address>0xa491</run_address>
         <size>0x297</size>
         <input_file_ref idref="fl-15"/>
      </object_component>
      <object_component id="oc-2c1">
         <name>.debug_info</name>
         <load_address>0xa728</load_address>
         <run_address>0xa728</run_address>
         <size>0xbb</size>
         <input_file_ref idref="fl-15"/>
      </object_component>
      <object_component id="oc-30f">
         <name>.debug_info</name>
         <load_address>0xa7e3</load_address>
         <run_address>0xa7e3</run_address>
         <size>0x2e4</size>
         <input_file_ref idref="fl-cb"/>
      </object_component>
      <object_component id="oc-212">
         <name>.debug_info</name>
         <load_address>0xaac7</load_address>
         <run_address>0xaac7</run_address>
         <size>0x6a4</size>
         <input_file_ref idref="fl-cb"/>
      </object_component>
      <object_component id="oc-3c7">
         <name>.debug_info</name>
         <load_address>0xb16b</load_address>
         <run_address>0xb16b</run_address>
         <size>0x46</size>
         <input_file_ref idref="fl-cb"/>
      </object_component>
      <object_component id="oc-2ff">
         <name>.debug_info</name>
         <load_address>0xb1b1</load_address>
         <run_address>0xb1b1</run_address>
         <size>0x39</size>
         <input_file_ref idref="fl-cb"/>
      </object_component>
      <object_component id="oc-30b">
         <name>.debug_info</name>
         <load_address>0xb1ea</load_address>
         <run_address>0xb1ea</run_address>
         <size>0x2c5</size>
         <input_file_ref idref="fl-cc"/>
      </object_component>
      <object_component id="oc-204">
         <name>.debug_info</name>
         <load_address>0xb4af</load_address>
         <run_address>0xb4af</run_address>
         <size>0x24e</size>
         <input_file_ref idref="fl-cc"/>
      </object_component>
      <object_component id="oc-2fe">
         <name>.debug_info</name>
         <load_address>0xb6fd</load_address>
         <run_address>0xb6fd</run_address>
         <size>0x361</size>
         <input_file_ref idref="fl-cd"/>
      </object_component>
      <object_component id="oc-200">
         <name>.debug_info</name>
         <load_address>0xba5e</load_address>
         <run_address>0xba5e</run_address>
         <size>0x79b</size>
         <input_file_ref idref="fl-cd"/>
      </object_component>
      <object_component id="oc-30d">
         <name>.debug_info</name>
         <load_address>0xc1f9</load_address>
         <run_address>0xc1f9</run_address>
         <size>0x361</size>
         <input_file_ref idref="fl-ce"/>
      </object_component>
      <object_component id="oc-209">
         <name>.debug_info</name>
         <load_address>0xc55a</load_address>
         <run_address>0xc55a</run_address>
         <size>0x7ae</size>
         <input_file_ref idref="fl-ce"/>
      </object_component>
      <object_component id="oc-2e8">
         <name>.debug_info</name>
         <load_address>0xcd08</load_address>
         <run_address>0xcd08</run_address>
         <size>0x333</size>
         <input_file_ref idref="fl-cf"/>
      </object_component>
      <object_component id="oc-1f6">
         <name>.debug_info</name>
         <load_address>0xd03b</load_address>
         <run_address>0xd03b</run_address>
         <size>0x1d1</size>
         <input_file_ref idref="fl-cf"/>
      </object_component>
      <object_component id="oc-2dd">
         <name>.debug_info</name>
         <load_address>0xd20c</load_address>
         <run_address>0xd20c</run_address>
         <size>0x18d</size>
         <input_file_ref idref="fl-cf"/>
      </object_component>
      <object_component id="oc-2e5">
         <name>.debug_info</name>
         <load_address>0xd399</load_address>
         <run_address>0xd399</run_address>
         <size>0x16d</size>
         <input_file_ref idref="fl-cf"/>
      </object_component>
      <object_component id="oc-2b1">
         <name>.debug_info</name>
         <load_address>0xd506</load_address>
         <run_address>0xd506</run_address>
         <size>0x2c</size>
         <input_file_ref idref="fl-cf"/>
      </object_component>
      <object_component id="oc-2b0">
         <name>.debug_info</name>
         <load_address>0xd532</load_address>
         <run_address>0xd532</run_address>
         <size>0x340</size>
         <input_file_ref idref="fl-d0"/>
      </object_component>
      <object_component id="oc-1bd">
         <name>.debug_info</name>
         <load_address>0xd872</load_address>
         <run_address>0xd872</run_address>
         <size>0x208</size>
         <input_file_ref idref="fl-d0"/>
      </object_component>
      <object_component id="oc-2a4">
         <name>.debug_info</name>
         <load_address>0xda7a</load_address>
         <run_address>0xda7a</run_address>
         <size>0x1c6</size>
         <input_file_ref idref="fl-d0"/>
      </object_component>
      <object_component id="oc-2ab">
         <name>.debug_info</name>
         <load_address>0xdc40</load_address>
         <run_address>0xdc40</run_address>
         <size>0x179</size>
         <input_file_ref idref="fl-d0"/>
      </object_component>
      <object_component id="oc-2b6">
         <name>.debug_info</name>
         <load_address>0xddb9</load_address>
         <run_address>0xddb9</run_address>
         <size>0x69</size>
         <input_file_ref idref="fl-d0"/>
      </object_component>
      <object_component id="oc-196">
         <name>.debug_info</name>
         <load_address>0xde22</load_address>
         <run_address>0xde22</run_address>
         <size>0x14c</size>
         <input_file_ref idref="fl-d1"/>
      </object_component>
      <object_component id="oc-21b">
         <name>.debug_info</name>
         <load_address>0xdf6e</load_address>
         <run_address>0xdf6e</run_address>
         <size>0x128</size>
         <input_file_ref idref="fl-d2"/>
      </object_component>
      <object_component id="oc-220">
         <name>.debug_info</name>
         <load_address>0xe096</load_address>
         <run_address>0xe096</run_address>
         <size>0x12a</size>
         <input_file_ref idref="fl-d2"/>
      </object_component>
      <object_component id="oc-18c">
         <name>.debug_info</name>
         <load_address>0xe1c0</load_address>
         <run_address>0xe1c0</run_address>
         <size>0x13a</size>
         <input_file_ref idref="fl-d3"/>
      </object_component>
      <object_component id="oc-188">
         <name>.debug_info</name>
         <load_address>0xe2fa</load_address>
         <run_address>0xe2fa</run_address>
         <size>0x13a</size>
         <input_file_ref idref="fl-d4"/>
      </object_component>
      <object_component id="oc-225">
         <name>.debug_info</name>
         <load_address>0xe434</load_address>
         <run_address>0xe434</run_address>
         <size>0x12e</size>
         <input_file_ref idref="fl-d5"/>
      </object_component>
      <object_component id="oc-19f">
         <name>.debug_info</name>
         <load_address>0xe562</load_address>
         <run_address>0xe562</run_address>
         <size>0x13e</size>
         <input_file_ref idref="fl-d6"/>
      </object_component>
      <object_component id="oc-1a5">
         <name>.debug_info</name>
         <load_address>0xe6a0</load_address>
         <run_address>0xe6a0</run_address>
         <size>0x12c</size>
         <input_file_ref idref="fl-d7"/>
      </object_component>
      <object_component id="oc-191">
         <name>.debug_info</name>
         <load_address>0xe7cc</load_address>
         <run_address>0xe7cc</run_address>
         <size>0x12c</size>
         <input_file_ref idref="fl-d8"/>
      </object_component>
      <object_component id="oc-40">
         <name>.debug_info</name>
         <load_address>0xe8f8</load_address>
         <run_address>0xe8f8</run_address>
         <size>0x119</size>
         <input_file_ref idref="fl-d9"/>
      </object_component>
      <object_component id="oc-95">
         <name>.debug_info</name>
         <load_address>0xea11</load_address>
         <run_address>0xea11</run_address>
         <size>0x2d4</size>
         <input_file_ref idref="fl-da"/>
      </object_component>
      <object_component id="oc-4c">
         <name>.debug_info</name>
         <load_address>0xece5</load_address>
         <run_address>0xece5</run_address>
         <size>0x1d2</size>
         <input_file_ref idref="fl-da"/>
      </object_component>
      <object_component id="oc-90">
         <name>.debug_info</name>
         <load_address>0xeeb7</load_address>
         <run_address>0xeeb7</run_address>
         <size>0x46</size>
         <input_file_ref idref="fl-da"/>
      </object_component>
      <object_component id="oc-ce">
         <name>.debug_info</name>
         <load_address>0xeefd</load_address>
         <run_address>0xeefd</run_address>
         <size>0x2c</size>
         <input_file_ref idref="fl-da"/>
      </object_component>
      <object_component id="oc-49">
         <name>.debug_info</name>
         <load_address>0xef29</load_address>
         <run_address>0xef29</run_address>
         <size>0x2a8</size>
         <input_file_ref idref="fl-db"/>
      </object_component>
      <object_component id="oc-1e">
         <name>.debug_info</name>
         <load_address>0xf1d1</load_address>
         <run_address>0xf1d1</run_address>
         <size>0x1ea</size>
         <input_file_ref idref="fl-db"/>
      </object_component>
      <object_component id="oc-44">
         <name>.debug_info</name>
         <load_address>0xf3bb</load_address>
         <run_address>0xf3bb</run_address>
         <size>0x46</size>
         <input_file_ref idref="fl-db"/>
      </object_component>
      <object_component id="oc-88">
         <name>.debug_info</name>
         <load_address>0xf401</load_address>
         <run_address>0xf401</run_address>
         <size>0x2c</size>
         <input_file_ref idref="fl-db"/>
      </object_component>
      <object_component id="oc-86">
         <name>.debug_info</name>
         <load_address>0xf42d</load_address>
         <run_address>0xf42d</run_address>
         <size>0x29e</size>
         <input_file_ref idref="fl-dc"/>
      </object_component>
      <object_component id="oc-16">
         <name>.debug_info</name>
         <load_address>0xf6cb</load_address>
         <run_address>0xf6cb</run_address>
         <size>0x250</size>
         <input_file_ref idref="fl-dc"/>
      </object_component>
      <object_component id="oc-34">
         <name>.debug_info</name>
         <load_address>0xf91b</load_address>
         <run_address>0xf91b</run_address>
         <size>0x60</size>
         <input_file_ref idref="fl-dc"/>
      </object_component>
      <object_component id="oc-c7">
         <name>.debug_info</name>
         <load_address>0xf97b</load_address>
         <run_address>0xf97b</run_address>
         <size>0x46</size>
         <input_file_ref idref="fl-dc"/>
      </object_component>
      <object_component id="oc-81">
         <name>.debug_info</name>
         <load_address>0xf9c1</load_address>
         <run_address>0xf9c1</run_address>
         <size>0x39</size>
         <input_file_ref idref="fl-dc"/>
      </object_component>
      <object_component id="oc-70">
         <name>.debug_info</name>
         <load_address>0xf9fa</load_address>
         <run_address>0xf9fa</run_address>
         <size>0x3b2</size>
         <input_file_ref idref="fl-dd"/>
      </object_component>
      <object_component id="oc-25">
         <name>.debug_info</name>
         <load_address>0xfdac</load_address>
         <run_address>0xfdac</run_address>
         <size>0x10c</size>
         <input_file_ref idref="fl-dd"/>
      </object_component>
      <object_component id="oc-340">
         <name>.debug_info</name>
         <load_address>0xfeb8</load_address>
         <run_address>0xfeb8</run_address>
         <size>0x13f</size>
         <input_file_ref idref="fl-dd"/>
      </object_component>
      <object_component id="oc-265">
         <name>.debug_info</name>
         <load_address>0xfff7</load_address>
         <run_address>0xfff7</run_address>
         <size>0x168</size>
         <input_file_ref idref="fl-dd"/>
      </object_component>
      <object_component id="oc-26b">
         <name>.debug_info</name>
         <load_address>0x1015f</load_address>
         <run_address>0x1015f</run_address>
         <size>0x18e</size>
         <input_file_ref idref="fl-dd"/>
      </object_component>
      <object_component id="oc-273">
         <name>.debug_info</name>
         <load_address>0x102ed</load_address>
         <run_address>0x102ed</run_address>
         <size>0x19f</size>
         <input_file_ref idref="fl-dd"/>
      </object_component>
      <object_component id="oc-165">
         <name>.debug_info</name>
         <load_address>0x1048c</load_address>
         <run_address>0x1048c</run_address>
         <size>0x203</size>
         <input_file_ref idref="fl-dd"/>
      </object_component>
      <object_component id="oc-3e7">
         <name>.debug_info</name>
         <load_address>0x1068f</load_address>
         <run_address>0x1068f</run_address>
         <size>0x1db</size>
         <input_file_ref idref="fl-dd"/>
      </object_component>
      <object_component id="oc-15f">
         <name>.debug_info</name>
         <load_address>0x1086a</load_address>
         <run_address>0x1086a</run_address>
         <size>0x1a5</size>
         <input_file_ref idref="fl-dd"/>
      </object_component>
      <object_component id="oc-339">
         <name>.debug_info</name>
         <load_address>0x10a0f</load_address>
         <run_address>0x10a0f</run_address>
         <size>0x299</size>
         <input_file_ref idref="fl-dd"/>
      </object_component>
      <object_component id="oc-bb">
         <name>.debug_info</name>
         <load_address>0x10ca8</load_address>
         <run_address>0x10ca8</run_address>
         <size>0xb2</size>
         <input_file_ref idref="fl-dd"/>
      </object_component>
      <object_component id="oc-b6">
         <name>.debug_info</name>
         <load_address>0x10d5a</load_address>
         <run_address>0x10d5a</run_address>
         <size>0x2c</size>
         <input_file_ref idref="fl-dd"/>
      </object_component>
      <object_component id="oc-278">
         <name>.debug_info</name>
         <load_address>0x10d86</load_address>
         <run_address>0x10d86</run_address>
         <size>0x28a</size>
         <input_file_ref idref="fl-de"/>
      </object_component>
      <object_component id="oc-174">
         <name>.debug_info</name>
         <load_address>0x11010</load_address>
         <run_address>0x11010</run_address>
         <size>0x273</size>
         <input_file_ref idref="fl-de"/>
      </object_component>
      <object_component id="oc-2bc">
         <name>.debug_info</name>
         <load_address>0x11283</load_address>
         <run_address>0x11283</run_address>
         <size>0x2a4</size>
         <input_file_ref idref="fl-df"/>
      </object_component>
      <object_component id="oc-1c4">
         <name>.debug_info</name>
         <load_address>0x11527</load_address>
         <run_address>0x11527</run_address>
         <size>0x24d</size>
         <input_file_ref idref="fl-df"/>
      </object_component>
      <object_component id="oc-3bc">
         <name>.debug_info</name>
         <load_address>0x11774</load_address>
         <run_address>0x11774</run_address>
         <size>0x3aa</size>
         <input_file_ref idref="fl-e0"/>
      </object_component>
      <object_component id="oc-3b9">
         <name>.debug_info</name>
         <load_address>0x11b1e</load_address>
         <run_address>0x11b1e</run_address>
         <size>0x13a</size>
         <input_file_ref idref="fl-e0"/>
      </object_component>
      <object_component id="oc-2f5">
         <name>.debug_info</name>
         <load_address>0x11c58</load_address>
         <run_address>0x11c58</run_address>
         <size>0x72f</size>
         <input_file_ref idref="fl-e0"/>
      </object_component>
      <object_component id="oc-44f">
         <name>.debug_info</name>
         <load_address>0x12387</load_address>
         <run_address>0x12387</run_address>
         <size>0x39</size>
         <input_file_ref idref="fl-e0"/>
      </object_component>
      <object_component id="oc-3be">
         <name>.debug_info</name>
         <load_address>0x123c0</load_address>
         <run_address>0x123c0</run_address>
         <size>0x2c</size>
         <input_file_ref idref="fl-e0"/>
      </object_component>
      <object_component id="oc-28">
         <name>.debug_info</name>
         <load_address>0x123ec</load_address>
         <run_address>0x123ec</run_address>
         <size>0x10b</size>
         <input_file_ref idref="fl-e1"/>
      </object_component>
      <object_component id="oc-60">
         <name>.debug_info</name>
         <load_address>0x124f7</load_address>
         <run_address>0x124f7</run_address>
         <size>0x1a9</size>
         <input_file_ref idref="fl-e1"/>
      </object_component>
      <object_component id="oc-3d0">
         <name>.debug_info</name>
         <load_address>0x126a0</load_address>
         <run_address>0x126a0</run_address>
         <size>0x289</size>
         <input_file_ref idref="fl-e2"/>
      </object_component>
      <object_component id="oc-3cd">
         <name>.debug_info</name>
         <load_address>0x12929</load_address>
         <run_address>0x12929</run_address>
         <size>0x10e</size>
         <input_file_ref idref="fl-e2"/>
      </object_component>
      <object_component id="oc-305">
         <name>.debug_info</name>
         <load_address>0x12a37</load_address>
         <run_address>0x12a37</run_address>
         <size>0x14e</size>
         <input_file_ref idref="fl-e2"/>
      </object_component>
      <object_component id="oc-3ab">
         <name>.debug_info</name>
         <load_address>0x12b85</load_address>
         <run_address>0x12b85</run_address>
         <size>0x288</size>
         <input_file_ref idref="fl-e3"/>
      </object_component>
      <object_component id="oc-2ef">
         <name>.debug_info</name>
         <load_address>0x12e0d</load_address>
         <run_address>0x12e0d</run_address>
         <size>0x327</size>
         <input_file_ref idref="fl-e3"/>
      </object_component>
      <object_component id="oc-3c4">
         <name>.debug_info</name>
         <load_address>0x13134</load_address>
         <run_address>0x13134</run_address>
         <size>0x28d</size>
         <input_file_ref idref="fl-e4"/>
      </object_component>
      <object_component id="oc-2f8">
         <name>.debug_info</name>
         <load_address>0x133c1</load_address>
         <run_address>0x133c1</run_address>
         <size>0x380</size>
         <input_file_ref idref="fl-e4"/>
      </object_component>
      <object_component id="oc-44a">
         <name>.debug_info</name>
         <load_address>0x13741</load_address>
         <run_address>0x13741</run_address>
         <size>0x28a</size>
         <input_file_ref idref="fl-e5"/>
      </object_component>
      <object_component id="oc-3b4">
         <name>.debug_info</name>
         <load_address>0x139cb</load_address>
         <run_address>0x139cb</run_address>
         <size>0x22a</size>
         <input_file_ref idref="fl-e5"/>
      </object_component>
      <object_component id="oc-448">
         <name>.debug_info</name>
         <load_address>0x13bf5</load_address>
         <run_address>0x13bf5</run_address>
         <size>0x2f8</size>
         <input_file_ref idref="fl-e6"/>
      </object_component>
      <object_component id="oc-3ad">
         <name>.debug_info</name>
         <load_address>0x13eed</load_address>
         <run_address>0x13eed</run_address>
         <size>0x225</size>
         <input_file_ref idref="fl-e6"/>
      </object_component>
      <object_component id="oc-38c">
         <name>.debug_info</name>
         <load_address>0x14112</load_address>
         <run_address>0x14112</run_address>
         <size>0x590</size>
         <input_file_ref idref="fl-e7"/>
      </object_component>
      <object_component id="oc-362">
         <name>.debug_info</name>
         <load_address>0x146a2</load_address>
         <run_address>0x146a2</run_address>
         <size>0x21e</size>
         <input_file_ref idref="fl-e7"/>
      </object_component>
      <object_component id="oc-403">
         <name>.debug_info</name>
         <load_address>0x148c0</load_address>
         <run_address>0x148c0</run_address>
         <size>0x1b3</size>
         <input_file_ref idref="fl-e7"/>
      </object_component>
      <object_component id="oc-409">
         <name>.debug_info</name>
         <load_address>0x14a73</load_address>
         <run_address>0x14a73</run_address>
         <size>0x21b</size>
         <input_file_ref idref="fl-e7"/>
      </object_component>
      <object_component id="oc-368">
         <name>.debug_info</name>
         <load_address>0x14c8e</load_address>
         <run_address>0x14c8e</run_address>
         <size>0x3c0</size>
         <input_file_ref idref="fl-e7"/>
      </object_component>
      <object_component id="oc-410">
         <name>.debug_info</name>
         <load_address>0x1504e</load_address>
         <run_address>0x1504e</run_address>
         <size>0x30a</size>
         <input_file_ref idref="fl-e7"/>
      </object_component>
      <object_component id="oc-416">
         <name>.debug_info</name>
         <load_address>0x15358</load_address>
         <run_address>0x15358</run_address>
         <size>0x215</size>
         <input_file_ref idref="fl-e7"/>
      </object_component>
      <object_component id="oc-36e">
         <name>.debug_info</name>
         <load_address>0x1556d</load_address>
[...]
      </symbol>
      <symbol id="sm-24a">
         <name>putty_print</name>
         <value>0x6a19</value>
         <object_component_ref idref="oc-101"/>
      </symbol>
      <symbol id="sm-2ae">
         <name>refine_edges</name>
         <value>0x18dd</value>
         <object_component_ref idref="oc-f5"/>
      </symbol>
      <symbol id="sm-2af">
         <name>print_to_csv</name>
         <value>0x1b29</value>
         <object_component_ref idref="oc-f5"/>
      </symbol>
      <symbol id="sm-2b0">
         <name>go_to_smallest</name>
         <value>0x1a6b</value>
         <object_component_ref idref="oc-f5"/>
      </symbol>
      <symbol id="sm-2b1">
         <name>compensate_for_displacement</name>
         <value>0x1d71</value>
         <object_component_ref idref="oc-f5"/>
      </symbol>
      <symbol id="sm-2b2">
         <name>print_objects</name>
         <value>0x21cd</value>
         <object_component_ref idref="oc-f5"/>
      </symbol>
      <symbol id="sm-2b3">
         <name>do_scan</name>
         <value>0x2115</value>
         <object_component_ref idref="oc-f5"/>
      </symbol>
      <symbol id="sm-2b4">
         <name>find_objects</name>
         <value>0x1b81</value>
         <object_component_ref idref="oc-f5"/>
      </symbol>
      <symbol id="sm-2b5">
         <name>filter_outlier</name>
         <value>0x1fbd</value>
         <object_component_ref idref="oc-f5"/>
      </symbol>
      <symbol id="sm-2b6">
         <name>send_scan</name>
         <value>0x2159</value>
         <object_component_ref idref="oc-f5"/>
      </symbol>
      <symbol id="sm-2b7">
         <name>do_scan_filter</name>
         <value>0x19e3</value>
         <object_component_ref idref="oc-f5"/>
      </symbol>
      <symbol id="sm-2d3">
         <name>ResetISR</name>
         <value>0x6b91</value>
         <object_component_ref idref="oc-2a"/>
      </symbol>
      <symbol id="sm-2d4">
         <name>g_pfnVectors</name>
         <value>0x0</value>
         <object_component_ref idref="oc-12"/>
      </symbol>
      <symbol id="sm-310">
         <name>cyBOT_SERVO_cal</name>
         <value>0x46d5</value>
         <object_component_ref idref="oc-ef"/>
      </symbol>
      <symbol id="sm-311">
         <name>cyBOT_Scan</name>
         <value>0x4663</value>
         <object_component_ref idref="oc-ef"/>
      </symbol>
      <symbol id="sm-312">
         <name>cyBOT_scan_features</name>
         <value>0x20000f60</value>
         <object_component_ref idref="oc-1ea"/>
      </symbol>
      <symbol id="sm-313">
         <name>cyBOT_scan_version</name>
         <value>0x45fd</value>
         <object_component_ref idref="oc-ef"/>
      </symbol>
      <symbol id="sm-314">
         <name>cyBOT_init_Scan</name>
         <value>0x460b</value>
         <object_component_ref idref="oc-ef"/>
      </symbol>
      <symbol id="sm-33b">
         <name>isr_int_value</name>
         <value>0x20000f18</value>
      </symbol>
      <symbol id="sm-33c">
         <name>ir_enableInterrupt</name>
         <value>0x5b4f</value>
         <object_component_ref idref="oc-1e4"/>
      </symbol>
      <symbol id="sm-33d">
         <name>ir_getDistance</name>
         <value>0x5b31</value>
         <object_component_ref idref="oc-1e4"/>
      </symbol>
      <symbol id="sm-33e">
         <name>ir_init</name>
         <value>0x5aa1</value>
         <object_component_ref idref="oc-1e4"/>
      </symbol>
      <symbol id="sm-33f">
         <name>ADC0SS0_Handler</name>
         <value>0x5b39</value>
         <object_component_ref idref="oc-1e4"/>
      </symbol>
      <symbol id="sm-340">
         <name>ir_getValue</name>
         <value>0x5b09</value>
         <object_component_ref idref="oc-1e4"/>
      </symbol>
      <symbol id="sm-36f">
         <name>risingEdge</name>
         <value>0x20000f28</value>
      </symbol>
      <symbol id="sm-370">
         <name>fallingEdge</name>
         <value>0x20000f14</value>
      </symbol>
      <symbol id="sm-371">
         <name>pulseLength</name>
         <value>0x20000f20</value>
      </symbol>
      <symbol id="sm-372">
         <name>isRisingEdge</name>
         <value>0x20000f2c</value>
      </symbol>
      <symbol id="sm-373">
         <name>TIMER3B_Handler</name>
         <value>0x4b95</value>
         <object_component_ref idref="oc-1de"/>
      </symbol>
      <symbol id="sm-374">
         <name>ping_init</name>
         <value>0x4aa5</value>
         <object_component_ref idref="oc-1de"/>
      </symbol>
      <symbol id="sm-375">
         <name>ping_getDistance</name>
         <value>0x4be7</value>
         <object_component_ref idref="oc-1de"/>
      </symbol>
      <symbol id="sm-376">
         <name>ping_trigger</name>
         <value>0x4b2b</value>
         <object_component_ref idref="oc-1de"/>
      </symbol>
      <symbol id="sm-398">
         <name>servo_move</name>
         <value>0x54e9</value>
         <object_component_ref idref="oc-1d8"/>
      </symbol>
      <symbol id="sm-399">
         <name>servo_init</name>
         <value>0x5459</value>
         <object_component_ref idref="oc-1d8"/>
      </symbol>
      <symbol id="sm-39a">
         <name>servo_stop</name>
         <value>0x54dd</value>
         <object_component_ref idref="oc-1d8"/>
      </symbol>
      <symbol id="sm-39b">
         <name>servo_setPWM</name>
         <value>0x5549</value>
         <object_component_ref idref="oc-1d8"/>
      </symbol>
      <symbol id="sm-3d7">
         <name>isr_char_buffer</name>
         <value>0x20000ec4</value>
      </symbol>
      <symbol id="sm-3d8">
         <name>cyBot_getByte</name>
         <value>0x53eb</value>
         <object_component_ref idref="oc-e9"/>
      </symbol>
      <symbol id="sm-3d9">
         <name>cyBot_sendByte</name>
         <value>0x52fd</value>
         <object_component_ref idref="oc-e9"/>
      </symbol>
      <symbol id="sm-3da">
         <name>cyBot_uart_sendStr</name>
         <value>0x5309</value>
         <object_component_ref idref="oc-e9"/>
      </symbol>
      <symbol id="sm-3db">
         <name>isr_counter</name>
         <value>0x20000f64</value>
         <object_component_ref idref="oc-1d4"/>
      </symbol>
      <symbol id="sm-3dc">
         <name>cyBot_uart_sendBuffer</name>
         <value>0x5323</value>
         <object_component_ref idref="oc-e9"/>
      </symbol>
      <symbol id="sm-3dd">
         <name>cyBot_uart_flush</name>
         <value>0x53cd</value>
         <object_component_ref idref="oc-e9"/>
      </symbol>
      <symbol id="sm-3de">
         <name>cyBot_UART1_Handler</name>
         <value>0x5405</value>
         <object_component_ref idref="oc-e9"/>
      </symbol>
      <symbol id="sm-3df">
         <name>cyBot_uart_init</name>
         <value>0x533b</value>
         <object_component_ref idref="oc-e9"/>
      </symbol>
      <symbol id="sm-417">
         <name>asinl</name>
         <value>0x358d</value>
         <object_component_ref idref="oc-20e"/>
      </symbol>
      <symbol id="sm-418">
         <name>asin</name>
         <value>0x358d</value>
         <object_component_ref idref="oc-20e"/>
      </symbol>
      <symbol id="sm-43a">
         <name>sqrtl</name>
         <value>0x55b1</value>
         <object_component_ref idref="oc-202"/>
      </symbol>
      <symbol id="sm-43b">
         <name>sqrt</name>
         <value>0x55b1</value>
         <object_component_ref idref="oc-202"/>
      </symbol>
      <symbol id="sm-48c">
         <name>cosl</name>
         <value>0x2fb1</value>
         <object_component_ref idref="oc-1fc"/>
      </symbol>
      <symbol id="sm-48d">
         <name>cos</name>
         <value>0x2fb1</value>
         <object_component_ref idref="oc-1fc"/>
      </symbol>
      <symbol id="sm-4dd">
         <name>sin</name>
         <value>0x29d1</value>
         <object_component_ref idref="oc-208"/>
      </symbol>
      <symbol id="sm-4de">
         <name>sinl</name>
         <value>0x29d1</value>
         <object_component_ref idref="oc-208"/>
      </symbol>
      <symbol id="sm-505">
         <name>sprintf</name>
         <value>0x67f9</value>
         <object_component_ref idref="oc-1f3"/>
      </symbol>
      <symbol id="sm-52f">
         <name>vsnprintf</name>
         <value>0x6839</value>
         <object_component_ref idref="oc-1bb"/>
      </symbol>
      <symbol id="sm-546">
         <name>__aeabi_dsub</name>
         <value>0x4e61</value>
         <object_component_ref idref="oc-195"/>
      </symbol>
      <symbol id="sm-547">
         <name>__aeabi_dadd</name>
         <value>0x4e6b</value>
         <object_component_ref idref="oc-195"/>
      </symbol>
      <symbol id="sm-569">
         <name>__aeabi_cdcmpeq</name>
         <value>0x6285</value>
         <object_component_ref idref="oc-21a"/>
      </symbol>
      <symbol id="sm-56a">
         <name>__aeabi_cdcmple</name>
         <value>0x6285</value>
         <object_component_ref idref="oc-21a"/>
      </symbol>
      <symbol id="sm-56b">
         <name>__aeabi_cdrcmple</name>
         <value>0x630b</value>
         <object_component_ref idref="oc-21f"/>
      </symbol>
      <symbol id="sm-57f">
         <name>__aeabi_ddiv</name>
         <value>0x5845</value>
         <object_component_ref idref="oc-18b"/>
      </symbol>
      <symbol id="sm-58a">
         <name>__aeabi_dmul</name>
         <value>0x5dc9</value>
         <object_component_ref idref="oc-186"/>
      </symbol>
      <symbol id="sm-594">
         <name>__aeabi_d2iz</name>
         <value>0x676d</value>
         <object_component_ref idref="oc-224"/>
      </symbol>
      <symbol id="sm-5a0">
         <name>__aeabi_d2f</name>
         <value>0x64eb</value>
         <object_component_ref idref="oc-19d"/>
      </symbol>
      <symbol id="sm-5ab">
         <name>__aeabi_f2d</name>
         <value>0x68f1</value>
         <object_component_ref idref="oc-1a2"/>
      </symbol>
      <symbol id="sm-5b5">
         <name>__aeabi_i2d</name>
         <value>0x69c1</value>
         <object_component_ref idref="oc-190"/>
      </symbol>
      <symbol id="sm-5d0">
         <name>memcpy</name>
         <value>0x6153</value>
         <object_component_ref idref="oc-3e"/>
      </symbol>
      <symbol id="sm-5d1">
         <name>__aeabi_memcpy</name>
         <value>0x6153</value>
         <object_component_ref idref="oc-3e"/>
      </symbol>
      <symbol id="sm-5d2">
         <name>__aeabi_memcpy8</name>
         <value>0x6153</value>
         <object_component_ref idref="oc-3e"/>
      </symbol>
      <symbol id="sm-5d3">
         <name>__aeabi_memcpy4</name>
         <value>0x6153</value>
         <object_component_ref idref="oc-3e"/>
      </symbol>
      <symbol id="sm-5ec">
         <name>__TI_zero_init_nomemset</name>
         <value>0x6a37</value>
         <object_component_ref idref="oc-4a"/>
      </symbol>
      <symbol id="sm-603">
         <name>__TI_decompress_none</name>
         <value>0x6b77</value>
         <object_component_ref idref="oc-1b"/>
      </symbol>
      <symbol id="sm-626">
         <name>__TI_decompress_lzss</name>
         <value>0x6559</value>
         <object_component_ref idref="oc-15"/>
      </symbol>
      <symbol id="sm-6bb">
         <name>_sys_memory</name>
         <value>0x20000a70</value>
         <object_component_ref idref="oc-24"/>
      </symbol>
      <symbol id="sm-6bc">
         <name>free</name>
         <value>0x5fbd</value>
         <object_component_ref idref="oc-164"/>
      </symbol>
      <symbol id="sm-6bd">
         <name>memalign</name>
         <value>0x5cc9</value>
         <object_component_ref idref="oc-338"/>
      </symbol>
      <symbol id="sm-6be">
         <name>calloc</name>
         <value>0x68b9</value>
         <object_component_ref idref="oc-15e"/>
      </symbol>
      <symbol id="sm-6bf">
         <name>malloc</name>
         <value>0x6bb1</value>
         <object_component_ref idref="oc-263"/>
      </symbol>
      <symbol id="sm-6c0">
         <name>aligned_alloc</name>
         <value>0x5cc9</value>
         <object_component_ref idref="oc-338"/>
      </symbol>
      <symbol id="sm-6cf">
         <name>strcmp</name>
         <value>0x6aef</value>
         <object_component_ref idref="oc-171"/>
      </symbol>
      <symbol id="sm-6dd">
         <name>strcpy</name>
         <value>0x6b1d</value>
         <object_component_ref idref="oc-1c1"/>
      </symbol>
      <symbol id="sm-74d">
         <name>__kernel_rem_pio2</name>
         <value>0x2299</value>
         <object_component_ref idref="oc-2f1"/>
      </symbol>
      <symbol id="sm-760">
         <name>__stack</name>
         <value>0x20000270</value>
         <object_component_ref idref="oc-27"/>
      </symbol>
      <symbol id="sm-761">
         <name>_c_int00_noargs</name>
         <value>0x695d</value>
         <object_component_ref idref="oc-5c"/>
      </symbol>
      <symbol id="sm-777">
         <name>__aeabi_errno_addr</name>
         <value>0x6ba9</value>
         <object_component_ref idref="oc-304"/>
      </symbol>
      <symbol id="sm-778">
         <name>errno</name>
         <value>0x20000f68</value>
         <object_component_ref idref="oc-3cc"/>
      </symbol>
      <symbol id="sm-78e">
         <name>__kernel_cos</name>
         <value>0x518d</value>
         <object_component_ref idref="oc-2eb"/>
      </symbol>
      <symbol id="sm-7a5">
         <name>__kernel_sin</name>
         <value>0x5019</value>
         <object_component_ref idref="oc-2f7"/>
      </symbol>
      <symbol id="sm-7c2">
         <name>floorl</name>
         <value>0x5ec5</value>
         <object_component_ref idref="oc-3b2"/>
      </symbol>
      <symbol id="sm-7c3">
         <name>floor</name>
         <value>0x5ec5</value>
         <object_component_ref idref="oc-3b2"/>
      </symbol>
      <symbol id="sm-7e0">
         <name>scalbn</name>
         <value>0x5bb9</value>
         <object_component_ref idref="oc-3ac"/>
      </symbol>
      <symbol id="sm-7e1">
         <name>scalbnl</name>
         <value>0x5bb9</value>
         <object_component_ref idref="oc-3ac"/>
      </symbol>
      <symbol id="sm-7e2">
         <name>ldexpl</name>
         <value>0x5bb9</value>
         <object_component_ref idref="oc-3ac"/>
      </symbol>
      <symbol id="sm-7e3">
         <name>ldexp</name>
         <value>0x5bb9</value>
         <object_component_ref idref="oc-3ac"/>
      </symbol>
      <symbol id="sm-948">
         <name>__TI_printfi</name>
         <value>0xe8d</value>
         <object_component_ref idref="oc-29d"/>
      </symbol>
      <symbol id="sm-957">
         <name>__aeabi_memset</name>
         <value>0x6393</value>
         <object_component_ref idref="oc-96"/>
      </symbol>
      <symbol id="sm-958">
         <name>memset</name>
         <value>0x6399</value>
         <object_component_ref idref="oc-96"/>
      </symbol>
      <symbol id="sm-959">
         <name>__aeabi_memset8</name>
         <value>0x6393</value>
         <object_component_ref idref="oc-96"/>
      </symbol>
      <symbol id="sm-95a">
         <name>__aeabi_memset4</name>
         <value>0x6393</value>
         <object_component_ref idref="oc-96"/>
      </symbol>
      <symbol id="sm-95b">
         <name>__aeabi_memclr8</name>
         <value>0x6391</value>
         <object_component_ref idref="oc-96"/>
      </symbol>
      <symbol id="sm-95c">
         <name>__aeabi_memclr4</name>
         <value>0x6391</value>
         <object_component_ref idref="oc-96"/>
      </symbol>
      <symbol id="sm-95d">
         <name>__aeabi_memclr</name>
         <value>0x6391</value>
         <object_component_ref idref="oc-96"/>
      </symbol>
      <symbol id="sm-96a">
         <name>__aeabi_uldivmod</name>
         <value>0x61ef</value>
         <object_component_ref idref="oc-3f6"/>
      </symbol>
      <symbol id="sm-992">
         <name>__TI_auto_init_nobinit_nopinit</name>
         <value>0x67b5</value>
         <object_component_ref idref="oc-12a"/>
      </symbol>
      <symbol id="sm-99c">
         <name>_system_pre_init</name>
         <value>0x6bb9</value>
         <object_component_ref idref="oc-9c"/>
      </symbol>
      <symbol id="sm-9a8">
         <name>C$$EXIT</name>
         <value>0x6bbd</value>
         <object_component_ref idref="oc-11e"/>
      </symbol>
      <symbol id="sm-9a9">
         <name>abort</name>
         <value>0x6bbd</value>
         <object_component_ref idref="oc-11e"/>
      </symbol>
      <symbol id="sm-9be">
         <name>_nop</name>
         <value>0x18db</value>
         <object_component_ref idref="oc-319"/>
      </symbol>
      <symbol id="sm-9bf">
         <name>_lock</name>
         <value>0x20000f50</value>
         <object_component_ref idref="oc-247"/>
      </symbol>
      <symbol id="sm-9c0">
         <name>_unlock</name>
         <value>0x20000f54</value>
         <object_component_ref idref="oc-247"/>
      </symbol>
      <symbol id="sm-9cf">
         <name>__TI_ltoa</name>
         <value>0x667b</value>
         <object_component_ref idref="oc-3fc"/>
      </symbol>
      <symbol id="sm-9e6">
         <name>atoi</name>
         <value>0x6721</value>
         <object_component_ref idref="oc-35b"/>
      </symbol>
      <symbol id="sm-9f1">
         <name>_ctypes_</name>
         <value>0x7160</value>
         <object_component_ref idref="oc-3f1"/>
      </symbol>
      <symbol id="sm-a01">
         <name>memccpy</name>
         <value>0x6a71</value>
         <object_component_ref idref="oc-37f"/>
      </symbol>
      <symbol id="sm-a11">
         <name>strchr</name>
         <value>0x6b07</value>
         <object_component_ref idref="oc-423"/>
      </symbol>
      <symbol id="sm-a1f">
         <name>strlen</name>
         <value>0x6b31</value>
         <object_component_ref idref="oc-355"/>
      </symbol>
      <symbol id="sm-a38">
         <name>wcslen</name>
         <value>0x6b45</value>
         <object_component_ref idref="oc-385"/>
      </symbol>
      <symbol id="sm-a42">
         <name>copysign</name>
         <value>0x6a8d</value>
         <object_component_ref idref="oc-441"/>
      </symbol>
      <symbol id="sm-a43">
         <name>copysignl</name>
         <value>0x6a8d</value>
         <object_component_ref idref="oc-441"/>
      </symbol>
      <symbol id="sm-a59">
         <name>frexpl</name>
         <value>0x65c1</value>
         <object_component_ref idref="oc-41d"/>
      </symbol>
      <symbol id="sm-a5a">
         <name>frexp</name>
         <value>0x65c1</value>
         <object_component_ref idref="oc-41d"/>
      </symbol>
      <symbol id="sm-a64">
         <name>__aeabi_idiv0</name>
         <value>0x5017</value>
         <object_component_ref idref="oc-462"/>
      </symbol>
      <symbol id="sm-a65">
         <name>__aeabi_ldiv0</name>
         <value>0x5017</value>
         <object_component_ref idref="oc-462"/>
      </symbol>
      <symbol id="sm-a94">
         <name>IntRegister</name>
         <value>0x6929</value>
         <object_component_ref idref="oc-177"/>
      </symbol>
      <symbol id="sm-a95">
         <name>g_pfnRAMVectors</name>
         <value>0x20000000</value>
         <object_component_ref idref="oc-279"/>
      </symbol>
      <symbol id="sm-a96">
         <name>IntMasterEnable</name>
         <value>0x6b57</value>
         <object_component_ref idref="oc-17d"/>
      </symbol>
      <symbol id="sm-aa0">
         <name>CPUcpsie</name>
         <value>0x6b85</value>
         <object_component_ref idref="oc-283"/>
      </symbol>
      <symbol id="sm-aa1">
         <name>__TI_static_base__</name>
         <value>0x0</value>
      </symbol>
      <symbol id="sm-aa4">
         <name>__mpu_init</name>
         <value>0x0</value>
      </symbol>
      <symbol id="sm-aa5">
         <name>_system_post_cinit</name>
         <value>0x0</value>
      </symbol>
   </symbol_table>
   <title>Link successful</title>
</link_info>
